43.250.201.49 - - [06/Sep/2020:15:58:07 +0800] "POST /countdown/exam HTTP/1.1" 200 976 "-" "GM1910(Android/10) (io.dcloud.HBuilder/9.8.8) Weex/0.26.0 1440x3120"
43.250.201.49 - - [06/Sep/2020:15:58:17 +0800] "POST /countdown/exam HTTP/1.1" 200 976 "-" "GM1910(Android/10) (io.dcloud.HBuilder/9.8.8) Weex/0.26.0 1440x3120"
42.49.109.66 - - [06/Sep/2020:15:58:20 +0800] "POST /consume/balance HTTP/1.1" 500 0 "-" "-"
42.49.109.66 - - [06/Sep/2020:15:58:21 +0800] "POST /consume/billing HTTP/1.1" 200 410 "-" "COL-AL10(Android/10) (uni.UNIA5A6D03/1.0.0) Weex/0.26.0 1080x2060"
42.49.109.66 - - [06/Sep/2020:15:58:30 +0800] "POST /consume/balance HTTP/1.1" 500 0 "-" "-"
42.49.109.66 - - [06/Sep/2020:15:58:31 +0800] "POST /consume/billing HTTP/1.1" 200 410 "-" "COL-AL10(Android/10) (uni.UNIA5A6D03/1.0.0) Weex/0.26.0 1080x2060"
42.49.109.66 - - [06/Sep/2020:15:58:35 +0800] "POST /countdown/exam HTTP/1.1" 200 976 "-" "COL-AL10(Android/10) (uni.UNIA5A6D03/1.0.0) Weex/0.26.0 1080x2060"
43.250.201.49 - - [06/Sep/2020:15:59:18 +0800] "POST /countdown/exam HTTP/1.1" 200 976 "-" "GM1910(Android/10) (io.dcloud.HBuilder/9.8.8) Weex/0.26.0 1440x3120"
43.250.201.49 - - [06/Sep/2020:15:59:23 +0800] "POST /countdown/exam HTTP/1.1" 200 976 "-" "GM1910(Android/10) (io.dcloud.HBuilder/9.8.8) Weex/0.26.0 1440x3120"
43.250.201.49 - - [06/Sep/2020:15:59:29 +0800] "POST /countdown/exam HTTP/1.1" 200 976 "-" "GM1910(Android/10) (io.dcloud.HBuilder/9.8.8) Weex/0.26.0 1440x3120"
43.250.201.49 - - [06/Sep/2020:16:01:03 +0800] "POST /countdown/exam HTTP/1.1" 200 976 "-" "GM1910(Android/10) (io.dcloud.HBuilder/9.8.8) Weex/0.26.0 1440x3120"
43.250.201.49 - - [06/Sep/2020:16:01:12 +0800] "POST /countdown/exam HTTP/1.1" 200 976 "-" "GM1910(Android/10) (io.dcloud.HBuilder/9.8.8) Weex/0.26.0 1440x3120"
175.24.0.200 - - [06/Sep/2020:16:07:24 +0800] "POST /course HTTP/1.0" 200 41205 "-" "LIO-AN00(Android/10) (uni.UNIA5A6D03/1.0.0) Weex/0.26.0 1176x2328"
117.136.88.70 - - [06/Sep/2020:16:07:33 +0800] "POST /countdown/exam HTTP/1.1" 200 976 "-" "LIO-AN00(Android/10) (uni.UNIA5A6D03/1.0.0) Weex/0.26.0 1176x2328"
43.250.201.49 - - [06/Sep/2020:16:07:59 +0800] "POST /countdown/exam HTTP/1.1" 200 976 "-" "GM1910(Android/10) (io.dcloud.HBuilder/9.8.8) Weex/0.26.0 1440x3120"
43.250.201.49 - - [06/Sep/2020:16:08:00 +0800] "POST /consume/balance HTTP/1.1" 200 165 "-" "GM1910(Android/10) (io.dcloud.HBuilder/9.8.8) Weex/0.26.0 1440x3120"
43.250.201.49 - - [06/Sep/2020:16:09:15 +0800] "POST /countdown/exam HTTP/1.1" 200 976 "-" "GM1910(Android/10) (io.dcloud.HBuilder/9.8.8) Weex/0.26.0 1440x3120"
43.250.201.49 - - [06/Sep/2020:16:09:36 +0800] "POST /countdown/exam HTTP/1.1" 200 976 "-" "GM1910(Android/10) (io.dcloud.HBuilder/9.8.8) Weex/0.26.0 1440x3120"
43.250.201.49 - - [06/Sep/2020:16:09:37 +0800] "POST /consume/balance HTTP/1.1" 200 165 "-" "GM1910(Android/10) (io.dcloud.HBuilder/9.8.8) Weex/0.26.0 1440x3120"
43.250.201.49 - - [06/Sep/2020:16:09:43 +0800] "POST /countdown/exam HTTP/1.1" 200 976 "-" "GM1910(Android/10) (io.dcloud.HBuilder/9.8.8) Weex/0.26.0 1440x3120"
43.250.201.49 - - [06/Sep/2020:16:09:44 +0800] "POST /consume/balance HTTP/1.1" 200 165 "-" "GM1910(Android/10) (io.dcloud.HBuilder/9.8.8) Weex/0.26.0 1440x3120"
43.250.201.49 - - [06/Sep/2020:16:12:09 +0800] "POST /countdown/exam HTTP/1.1" 200 976 "-" "GM1910(Android/10) (io.dcloud.HBuilder/9.8.8) Weex/0.26.0 1440x3120"
43.250.201.49 - - [06/Sep/2020:16:12:10 +0800] "POST /consume/balance HTTP/1.1" 200 165 "-" "GM1910(Android/10) (io.dcloud.HBuilder/9.8.8) Weex/0.26.0 1440x3120"
43.250.201.49 - - [06/Sep/2020:16:13:08 +0800] "POST /countdown/exam HTTP/1.1" 200 976 "-" "GM1910(Android/10) (io.dcloud.HBuilder/9.8.8) Weex/0.26.0 1440x3120"
43.250.201.49 - - [06/Sep/2020:16:13:09 +0800] "POST /consume/balance HTTP/1.1" 200 165 "-" "GM1910(Android/10) (io.dcloud.HBuilder/9.8.8) Weex/0.26.0 1440x3120"
43.250.201.49 - - [06/Sep/2020:16:14:08 +0800] "POST /countdown/exam HTTP/1.1" 200 976 "-" "GM1910(Android/10) (io.dcloud.HBuilder/9.8.8) Weex/0.26.0 1440x3120"
43.250.201.49 - - [06/Sep/2020:16:14:09 +0800] "POST /consume/balance HTTP/1.1" 200 165 "-" "GM1910(Android/10) (io.dcloud.HBuilder/9.8.8) Weex/0.26.0 1440x3120"
43.250.201.49 - - [06/Sep/2020:16:14:20 +0800] "POST /countdown/exam HTTP/1.1" 200 976 "-" "GM1910(Android/10) (io.dcloud.HBuilder/9.8.8) Weex/0.26.0 1440x3120"
43.250.201.49 - - [06/Sep/2020:16:14:21 +0800] "POST /consume/balance HTTP/1.1" 200 165 "-" "GM1910(Android/10) (io.dcloud.HBuilder/9.8.8) Weex/0.26.0 1440x3120"
43.250.201.49 - - [06/Sep/2020:16:14:32 +0800] "POST /countdown/exam HTTP/1.1" 200 976 "-" "GM1910(Android/10) (io.dcloud.HBuilder/9.8.8) Weex/0.26.0 1440x3120"
43.250.201.49 - - [06/Sep/2020:16:14:33 +0800] "POST /consume/balance HTTP/1.1" 200 165 "-" "GM1910(Android/10) (io.dcloud.HBuilder/9.8.8) Weex/0.26.0 1440x3120"
43.250.201.49 - - [06/Sep/2020:16:14:48 +0800] "POST /consume/balance HTTP/1.1" 200 165 "-" "GM1910(Android/10) (io.dcloud.HBuilder/9.8.8) Weex/0.26.0 1440x3120"
43.250.201.49 - - [06/Sep/2020:16:14:49 +0800] "POST /consume/billing HTTP/1.1" 200 410 "-" "GM1910(Android/10) (io.dcloud.HBuilder/9.8.8) Weex/0.26.0 1440x3120"
43.250.201.49 - - [06/Sep/2020:16:14:54 +0800] "POST /consume/billing HTTP/1.1" 500 0 "-" "-"
43.250.201.49 - - [06/Sep/2020:16:14:55 +0800] "POST /consume/balance HTTP/1.1" 200 165 "-" "GM1910(Android/10) (io.dcloud.HBuilder/9.8.8) Weex/0.26.0 1440x3120"
43.250.201.49 - - [06/Sep/2020:16:15:42 +0800] "POST /countdown/exam HTTP/1.1" 200 976 "-" "GM1910(Android/10) (io.dcloud.HBuilder/9.8.8) Weex/0.26.0 1440x3120"
43.250.201.49 - - [06/Sep/2020:16:15:43 +0800] "POST /consume/balance HTTP/1.1" 200 165 "-" "GM1910(Android/10) (io.dcloud.HBuilder/9.8.8) Weex/0.26.0 1440x3120"
43.250.201.49 - - [06/Sep/2020:16:15:59 +0800] "POST /countdown/exam HTTP/1.1" 200 976 "-" "GM1910(Android/10) (io.dcloud.HBuilder/9.8.8) Weex/0.26.0 1440x3120"
43.250.201.49 - - [06/Sep/2020:16:16:00 +0800] "POST /consume/balance HTTP/1.1" 200 165 "-" "GM1910(Android/10) (io.dcloud.HBuilder/9.8.8) Weex/0.26.0 1440x3120"
43.250.201.49 - - [06/Sep/2020:16:16:09 +0800] "POST /countdown/exam HTTP/1.1" 200 976 "-" "GM1910(Android/10) (io.dcloud.HBuilder/9.8.8) Weex/0.26.0 1440x3120"
43.250.201.49 - - [06/Sep/2020:16:16:09 +0800] "POST /consume/balance HTTP/1.1" 500 0 "-" "-"
43.250.201.49 - - [06/Sep/2020:16:16:36 +0800] "POST /countdown/exam HTTP/1.1" 200 976 "-" "GM1910(Android/10) (io.dcloud.HBuilder/9.8.8) Weex/0.26.0 1440x3120"
43.250.201.49 - - [06/Sep/2020:16:16:37 +0800] "POST /consume/balance HTTP/1.1" 200 165 "-" "GM1910(Android/10) (io.dcloud.HBuilder/9.8.8) Weex/0.26.0 1440x3120"
42.49.109.66 - - [06/Sep/2020:16:17:14 +0800] "POST /consume/balance HTTP/1.1" 500 0 "-" "-"
42.49.109.66 - - [06/Sep/2020:16:17:15 +0800] "POST /consume/billing HTTP/1.1" 200 410 "-" "COL-AL10(Android/10) (uni.UNIA5A6D03/1.0.0) Weex/0.26.0 1080x2060"
42.49.109.66 - - [06/Sep/2020:16:17:30 +0800] "POST /score/grade HTTP/1.1" 200 3433 "-" "COL-AL10(Android/10) (uni.UNIA5A6D03/1.0.0) Weex/0.26.0 1080x2060"
42.49.109.66 - - [06/Sep/2020:16:17:36 +0800] "POST /countdown/exam HTTP/1.1" 200 976 "-" "COL-AL10(Android/10) (uni.UNIA5A6D03/1.0.0) Weex/0.26.0 1080x2060"
43.250.201.49 - - [06/Sep/2020:16:17:56 +0800] "POST /countdown/exam HTTP/1.1" 200 976 "-" "GM1910(Android/10) (io.dcloud.HBuilder/9.8.8) Weex/0.26.0 1440x3120"
43.250.201.49 - - [06/Sep/2020:16:17:57 +0800] "POST /consume/balance HTTP/1.1" 200 165 "-" "GM1910(Android/10) (io.dcloud.HBuilder/9.8.8) Weex/0.26.0 1440x3120"
43.250.201.49 - - [06/Sep/2020:16:18:06 +0800] "POST /countdown/exam HTTP/1.1" 200 976 "-" "GM1910(Android/10) (io.dcloud.HBuilder/9.8.8) Weex/0.26.0 1440x3120"
43.250.201.49 - - [06/Sep/2020:16:18:07 +0800] "POST /consume/balance HTTP/1.1" 200 165 "-" "GM1910(Android/10) (io.dcloud.HBuilder/9.8.8) Weex/0.26.0 1440x3120"
175.24.0.200 - - [06/Sep/2020:16:18:28 +0800] "POST /course HTTP/1.0" 200 41205 "-" "YAL-AL00(Android/10) (uni.UNIA5A6D03/1.0.0) Weex/0.26.0 1080x2232"
43.250.201.12 - - [06/Sep/2020:16:18:43 +0800] "POST /countdown/exam HTTP/1.1" 200 976 "-" "YAL-AL00(Android/10) (uni.UNIA5A6D03/1.0.0) Weex/0.26.0 1080x2232"
42.49.109.66 - - [06/Sep/2020:16:20:21 +0800] "POST /countdown/exam HTTP/1.1" 200 976 "-" "COL-AL10(Android/10) (uni.UNIA5A6D03/1.0.0) Weex/0.26.0 1080x2060"
175.24.0.200 - - [06/Sep/2020:16:20:25 +0800] "POST /course HTTP/1.0" 200 41205 "-" "COL-AL10(Android/10) (uni.UNIA5A6D03/1.0.0) Weex/0.26.0 1080x2060"
42.49.109.66 - - [06/Sep/2020:16:20:27 +0800] "POST /countdown/exam HTTP/1.1" 200 976 "-" "COL-AL10(Android/10) (uni.UNIA5A6D03/1.0.0) Weex/0.26.0 1080x2060"
42.49.109.66 - - [06/Sep/2020:16:20:30 +0800] "POST /countdown/exam HTTP/1.1" 200 976 "-" "COL-AL10(Android/10) (uni.UNIA5A6D03/1.0.0) Weex/0.26.0 1080x2060"
175.24.0.200 - - [06/Sep/2020:16:21:02 +0800] "POST /course HTTP/1.0" 200 41205 "-" "YAL-AL00(Android/10) (uni.UNIA5A6D03/1.0.0) Weex/0.26.0 1080x2232"
42.49.109.232 - - [06/Sep/2020:16:21:08 +0800] "POST /countdown/exam HTTP/1.1" 200 976 "-" "YAL-AL00(Android/10) (uni.UNIA5A6D03/1.0.0) Weex/0.26.0 1080x2232"
43.250.201.49 - - [06/Sep/2020:16:21:13 +0800] "POST /countdown/exam HTTP/1.1" 200 976 "-" "GM1910(Android/10) (io.dcloud.HBuilder/9.8.8) Weex/0.26.0 1440x3120"
43.250.201.49 - - [06/Sep/2020:16:21:14 +0800] "POST /consume/balance HTTP/1.1" 200 165 "-" "GM1910(Android/10) (io.dcloud.HBuilder/9.8.8) Weex/0.26.0 1440x3120"
43.250.201.49 - - [06/Sep/2020:16:21:28 +0800] "POST /countdown/exam HTTP/1.1" 200 976 "-" "GM1910(Android/10) (io.dcloud.HBuilder/9.8.8) Weex/0.26.0 1440x3120"
43.250.201.49 - - [06/Sep/2020:16:21:29 +0800] "POST /consume/balance HTTP/1.1" 200 165 "-" "GM1910(Android/10) (io.dcloud.HBuilder/9.8.8) Weex/0.26.0 1440x3120"
175.24.0.200 - - [06/Sep/2020:16:21:37 +0800] "POST /course HTTP/1.0" 200 41205 "-" "Redmi K20 Pro Premium Edition(Android/10) (uni.UNIA5A6D03/1.0.0) Weex/0.26.0 1080x2210"
42.49.109.232 - - [06/Sep/2020:16:21:49 +0800] "POST /score/grade HTTP/1.1" 200 3433 "-" "YAL-AL00(Android/10) (uni.UNIA5A6D03/1.0.0) Weex/0.26.0 1080x2232"
175.24.0.200 - - [06/Sep/2020:16:23:44 +0800] "POST /course HTTP/1.0" 200 41205 "-" "ELE-AL00(Android/10) (uni.UNIA5A6D03/1.0.0) Weex/0.26.0 1080x2265"
43.250.201.12 - - [06/Sep/2020:16:23:47 +0800] "POST /score/grade HTTP/1.1" 200 3433 "-" "YAL-AL00(Android/10) (uni.UNIA5A6D03/1.0.0) Weex/0.26.0 1080x2232"
175.24.0.200 - - [06/Sep/2020:16:23:47 +0800] "POST /course HTTP/1.0" 200 41205 "-" "ELE-AL00(Android/10) (uni.UNIA5A6D03/1.0.0) Weex/0.26.0 1080x2265"
106.18.131.126 - - [06/Sep/2020:16:24:05 +0800] "POST /countdown/exam HTTP/1.1" 200 976 "-" "ELE-AL00(Android/10) (uni.UNIA5A6D03/1.0.0) Weex/0.26.0 1080x2265"
175.24.0.200 - - [06/Sep/2020:16:24:25 +0800] "POST /course HTTP/1.0" 200 41205 "-" "16s(Android/9) (uni.UNIA5A6D03/1.0.0) Weex/0.26.0 1080x2232"
175.24.0.200 - - [06/Sep/2020:16:24:39 +0800] "POST /course HTTP/1.0" 200 41205 "-" "YAL-AL00(Android/10) (uni.UNIA5A6D03/1.0.0) Weex/0.26.0 1080x2232"
112.97.244.64 - - [06/Sep/2020:16:24:49 +0800] "POST /countdown/exam HTTP/1.1" 200 976 "-" "16s(Android/9) (uni.UNIA5A6D03/1.0.0) Weex/0.26.0 1080x2232"
43.250.201.49 - - [06/Sep/2020:16:24:58 +0800] "POST /countdown/exam HTTP/1.1" 200 976 "-" "GM1910(Android/10) (uni.UNIA5A6D03/1.0.0) Weex/0.26.0 1440x3120"
27.38.45.7 - - [06/Sep/2020:16:25:39 +0800] "POST /countdown/exam HTTP/1.1" 200 976 "-" "Redmi K20 Pro Premium Edition(Android/10) (uni.UNIA5A6D03/1.0.0) Weex/0.26.0 1080x2210"
106.18.131.126 - - [06/Sep/2020:16:25:40 +0800] "POST /score/grade HTTP/1.1" 200 3433 "-" "ELE-AL00(Android/10) (uni.UNIA5A6D03/1.0.0) Weex/0.26.0 1080x2265"
106.18.131.126 - - [06/Sep/2020:16:26:04 +0800] "POST /consume/billing HTTP/1.1" 500 0 "-" "-"
106.18.131.126 - - [06/Sep/2020:16:26:05 +0800] "POST /consume/balance HTTP/1.1" 200 165 "-" "ELE-AL00(Android/10) (uni.UNIA5A6D03/1.0.0) Weex/0.26.0 1080x2265"
43.250.201.12 - - [06/Sep/2020:16:26:06 +0800] "POST /countdown/exam HTTP/1.1" 200 976 "-" "YAL-AL00(Android/10) (uni.UNIA5A6D03/1.0.0) Weex/0.26.0 1080x2232"
112.97.244.64 - - [06/Sep/2020:16:33:15 +0800] "POST /score/grade HTTP/1.1" 200 3433 "-" "16s(Android/9) (uni.UNIA5A6D03/1.0.0) Weex/0.26.0 1080x2232"
112.97.244.64 - - [06/Sep/2020:16:33:53 +0800] "POST /score/grade HTTP/1.1" 200 3433 "-" "16s(Android/9) (uni.UNIA5A6D03/1.0.0) Weex/0.26.0 1080x2232"
106.18.131.126 - - [06/Sep/2020:16:33:54 +0800] "POST /countdown/exam HTTP/1.1" 200 976 "-" "ELE-AL00(Android/10) (uni.UNIA5A6D03/1.0.0) Weex/0.26.0 1080x2265"
112.97.244.64 - - [06/Sep/2020:16:34:01 +0800] "POST /consume/balance HTTP/1.1" 500 0 "-" "-"
112.97.244.64 - - [06/Sep/2020:16:34:02 +0800] "POST /consume/billing HTTP/1.1" 200 410 "-" "16s(Android/9) (uni.UNIA5A6D03/1.0.0) Weex/0.26.0 1080x2232"
112.97.244.64 - - [06/Sep/2020:16:34:09 +0800] "POST /countdown/exam HTTP/1.1" 200 976 "-" "16s(Android/9) (uni.UNIA5A6D03/1.0.0) Weex/0.26.0 1080x2232"
43.250.201.49 - - [06/Sep/2020:16:38:31 +0800] "POST /countdown/exam HTTP/1.1" 200 976 "-" "GM1910(Android/10) (uni.UNIA5A6D03/1.0.0) Weex/0.26.0 1440x3120"
43.250.201.49 - - [06/Sep/2020:16:39:22 +0800] "POST /countdown/exam HTTP/1.1" 200 976 "-" "GM1910(Android/10) (io.dcloud.HBuilder/9.8.8) Weex/0.26.0 1440x3120"
43.250.201.49 - - [06/Sep/2020:16:39:23 +0800] "POST /consume/balance HTTP/1.1" 200 165 "-" "GM1910(Android/10) (io.dcloud.HBuilder/9.8.8) Weex/0.26.0 1440x3120"
43.250.201.49 - - [06/Sep/2020:16:39:38 +0800] "POST /countdown/exam HTTP/1.1" 200 976 "-" "GM1910(Android/10) (io.dcloud.HBuilder/9.8.8) Weex/0.26.0 1440x3120"
43.250.201.49 - - [06/Sep/2020:16:39:39 +0800] "POST /consume/balance HTTP/1.1" 200 165 "-" "GM1910(Android/10) (io.dcloud.HBuilder/9.8.8) Weex/0.26.0 1440x3120"
112.97.244.64 - - [06/Sep/2020:16:43:29 +0800] "POST /score/grade HTTP/1.1" 200 3433 "-" "16s(Android/9) (uni.UNIA5A6D03/1.0.0) Weex/0.26.0 1080x2232"
220.202.152.58 - - [06/Sep/2020:16:44:23 +0800] "POST /countdown/exam HTTP/1.1" 200 976 "-" "YAL-AL00(Android/10) (uni.UNIA5A6D03/1.0.0) Weex/0.26.0 1080x2232"
175.24.0.200 - - [06/Sep/2020:16:46:54 +0800] "POST /course HTTP/1.0" 200 41205 "-" "MI 6(Android/9) (uni.UNIA5A6D03/1.0.0) Weex/0.26.0 1080x1920"
43.250.201.49 - - [06/Sep/2020:16:55:56 +0800] "POST /countdown/exam HTTP/1.1" 200 976 "-" "GM1910(Android/10) (io.dcloud.HBuilder/9.8.8) Weex/0.26.0 1440x3120"
43.250.201.49 - - [06/Sep/2020:16:55:57 +0800] "POST /consume/balance HTTP/1.1" 200 165 "-" "GM1910(Android/10) (io.dcloud.HBuilder/9.8.8) Weex/0.26.0 1440x3120"
43.250.201.49 - - [06/Sep/2020:16:57:18 +0800] "POST /countdown/exam HTTP/1.1" 200 976 "-" "GM1910(Android/10) (io.dcloud.HBuilder/9.8.8) Weex/0.26.0 1440x3120"
43.250.201.49 - - [06/Sep/2020:16:57:58 +0800] "POST /countdown/exam HTTP/1.1" 200 976 "-" "GM1910(Android/10) (io.dcloud.HBuilder/9.8.8) Weex/0.26.0 1440x3120"
43.250.201.49 - - [06/Sep/2020:17:00:59 +0800] "POST /countdown/exam HTTP/1.1" 200 976 "-" "GM1910(Android/10) (io.dcloud.HBuilder/9.8.8) Weex/0.26.0 1440x3120"
175.24.0.200 - - [06/Sep/2020:17:04:06 +0800] "GET / HTTP/1.0" 200 11 "-" "Mozilla/5.0 (Windows NT 10.0; Win64; x64) AppleWebKit/537.36 (KHTML, like Gecko) Chrome/72.0.3626.119 Safari/537.36"
43.250.201.49 - - [06/Sep/2020:17:04:46 +0800] "POST /countdown/exam HTTP/1.1" 200 976 "-" "GM1910(Android/10) (io.dcloud.HBuilder/9.8.8) Weex/0.26.0 1440x3120"
175.24.0.200 - - [06/Sep/2020:17:04:56 +0800] "GET / HTTP/1.0" 200 11 "-" "Mozilla/5.0 (Windows NT 10.0; Win64; x64) AppleWebKit/537.36 (KHTML, like Gecko) Chrome/72.0.3626.119 Safari/537.36"
175.24.0.200 - - [06/Sep/2020:17:05:01 +0800] "POST /course HTTP/1.0" 200 41205 "-" "16s(Android/9) (uni.UNIA5A6D03/1.0.0) Weex/0.26.0 1080x2232"
112.97.244.64 - - [06/Sep/2020:17:05:18 +0800] "POST /score/grade HTTP/1.1" 200 3433 "-" "16s(Android/9) (uni.UNIA5A6D03/1.0.0) Weex/0.26.0 1080x2232"
112.97.244.64 - - [06/Sep/2020:17:05:21 +0800] "POST /countdown/exam HTTP/1.1" 200 976 "-" "16s(Android/9) (uni.UNIA5A6D03/1.0.0) Weex/0.26.0 1080x2232"
43.250.201.49 - - [06/Sep/2020:17:05:53 +0800] "POST /countdown/exam HTTP/1.1" 200 976 "-" "GM1910(Android/10) (io.dcloud.HBuilder/9.8.8) Weex/0.26.0 1440x3120"
112.97.244.64 - - [06/Sep/2020:17:07:07 +0800] "POST /score/grade HTTP/1.1" 200 3433 "-" "16s(Android/9) (uni.UNIA5A6D03/1.0.0) Weex/0.26.0 1080x2232"
175.24.0.200 - - [06/Sep/2020:17:11:09 +0800] "POST /course HTTP/1.0" 200 53069 "-" "GM1910(Android/10) (io.dcloud.HBuilder/9.8.8) Weex/0.26.0 1440x3120"
43.250.201.49 - - [06/Sep/2020:17:12:04 +0800] "POST /course HTTP/1.1" 200 41205 "-" "GM1910(Android/10) (io.dcloud.HBuilder/9.8.8) Weex/0.26.0 1440x3120"
43.250.201.49 - - [06/Sep/2020:17:12:11 +0800] "POST /course HTTP/1.1" 200 41205 "-" "GM1910(Android/10) (io.dcloud.HBuilder/9.8.8) Weex/0.26.0 1440x3120"
43.250.201.49 - - [06/Sep/2020:17:12:28 +0800] "POST /course HTTP/1.1" 200 41205 "-" "GM1910(Android/10) (io.dcloud.HBuilder/9.8.8) Weex/0.26.0 1440x3120"
43.250.201.49 - - [06/Sep/2020:17:12:30 +0800] "POST /course HTTP/1.1" 200 41205 "-" "GM1910(Android/10) (io.dcloud.HBuilder/9.8.8) Weex/0.26.0 1440x3120"
175.24.0.200 - - [06/Sep/2020:17:12:30 +0800] "POST /course HTTP/1.0" 200 53069 "-" "GM1910(Android/10) (io.dcloud.HBuilder/9.8.8) Weex/0.26.0 1440x3120"
43.250.201.49 - - [06/Sep/2020:17:14:00 +0800] "POST /course HTTP/1.1" 200 41205 "-" "GM1910(Android/10) (io.dcloud.HBuilder/9.8.8) Weex/0.26.0 1440x3120"
43.250.201.49 - - [06/Sep/2020:17:14:09 +0800] "POST /countdown/exam HTTP/1.1" 200 976 "-" "GM1910(Android/10) (io.dcloud.HBuilder/9.8.8) Weex/0.26.0 1440x3120"
43.250.201.49 - - [06/Sep/2020:17:14:11 +0800] "POST /countdown/exam HTTP/1.1" 200 976 "-" "GM1910(Android/10) (io.dcloud.HBuilder/9.8.8) Weex/0.26.0 1440x3120"
43.250.201.49 - - [06/Sep/2020:17:14:22 +0800] "POST /course HTTP/1.1" 500 0 "-" "-"
175.24.0.200 - - [06/Sep/2020:17:14:22 +0800] "POST /course HTTP/1.0" 500 0 "-" "-"
43.250.201.49 - - [06/Sep/2020:17:20:41 +0800] "POST /consume/balance HTTP/1.1" 500 0 "-" "-"
43.250.201.49 - - [06/Sep/2020:17:20:43 +0800] "POST /consume/billing HTTP/1.1" 200 410 "-" "GM1910(Android/10) (io.dcloud.HBuilder/9.8.8) Weex/0.26.0 1440x3120"
43.250.201.49 - - [06/Sep/2020:17:20:45 +0800] "POST /countdown/exam HTTP/1.1" 200 976 "-" "GM1910(Android/10) (io.dcloud.HBuilder/9.8.8) Weex/0.26.0 1440x3120"
43.250.201.49 - - [06/Sep/2020:17:21:45 +0800] "POST /countdown/exam HTTP/1.1" 200 976 "-" "GM1910(Android/10) (io.dcloud.HBuilder/9.8.8) Weex/0.26.0 1440x3120"
175.24.0.200 - - [06/Sep/2020:17:23:37 +0800] "POST /course HTTP/1.0" 200 53069 "-" "GM1910(Android/10) (io.dcloud.HBuilder/9.8.8) Weex/0.26.0 1440x3120"
43.250.201.49 - - [06/Sep/2020:17:24:52 +0800] "POST /countdown/exam HTTP/1.1" 200 976 "-" "GM1910(Android/10) (io.dcloud.HBuilder/9.8.8) Weex/0.26.0 1440x3120"
106.19.190.24 - - [06/Sep/2020:17:33:02 +0800] "POST /countdown/exam HTTP/1.1" 200 976 "-" "COL-AL10(Android/10) (uni.UNIA5A6D03/1.0.0) Weex/0.26.0 1080x2060"
43.250.201.49 - - [06/Sep/2020:17:34:01 +0800] "POST /countdown/exam HTTP/1.1" 200 976 "-" "GM1910(Android/10) (io.dcloud.HBuilder/9.8.8) Weex/0.26.0 1440x3120"
175.24.0.200 - - [06/Sep/2020:17:34:18 +0800] "POST /course HTTP/1.0" 200 53069 "-" "GM1910(Android/10) (io.dcloud.HBuilder/9.8.8) Weex/0.26.0 1440x3120"
43.250.201.49 - - [06/Sep/2020:17:37:29 +0800] "POST /countdown/exam HTTP/1.1" 200 976 "-" "GM1910(Android/10) (io.dcloud.HBuilder/9.8.8) Weex/0.26.0 1440x3120"
43.250.201.49 - - [06/Sep/2020:17:40:04 +0800] "POST /countdown/exam HTTP/1.1" 200 976 "-" "GM1910(Android/10) (io.dcloud.HBuilder/9.8.8) Weex/0.26.0 1440x3120"
43.250.201.49 - - [06/Sep/2020:17:41:46 +0800] "POST /countdown/exam HTTP/1.1" 200 976 "-" "GM1910(Android/10) (io.dcloud.HBuilder/9.8.8) Weex/0.26.0 1440x3120"
43.250.201.49 - - [06/Sep/2020:17:46:12 +0800] "POST /countdown/exam HTTP/1.1" 200 976 "-" "GM1910(Android/10) (io.dcloud.HBuilder/9.8.8) Weex/0.26.0 1440x3120"
43.250.201.49 - - [06/Sep/2020:17:46:45 +0800] "POST /countdown/exam HTTP/1.1" 200 976 "-" "GM1910(Android/10) (io.dcloud.HBuilder/9.8.8) Weex/0.26.0 1440x3120"
43.250.201.49 - - [06/Sep/2020:17:47:40 +0800] "POST /countdown/exam HTTP/1.1" 200 976 "-" "GM1910(Android/10) (io.dcloud.HBuilder/9.8.8) Weex/0.26.0 1440x3120"
43.250.201.49 - - [06/Sep/2020:17:50:07 +0800] "POST /countdown/exam HTTP/1.1" 200 976 "-" "GM1910(Android/10) (io.dcloud.HBuilder/9.8.8) Weex/0.26.0 1440x3120"
43.250.201.49 - - [06/Sep/2020:17:50:39 +0800] "POST /countdown/exam HTTP/1.1" 200 976 "-" "GM1910(Android/10) (io.dcloud.HBuilder/9.8.8) Weex/0.26.0 1440x3120"
43.250.201.49 - - [06/Sep/2020:17:54:29 +0800] "POST /countdown/exam HTTP/1.1" 200 976 "-" "GM1910(Android/10) (io.dcloud.HBuilder/9.8.8) Weex/0.26.0 1440x3120"
43.250.201.49 - - [06/Sep/2020:17:54:52 +0800] "POST /countdown/exam HTTP/1.1" 200 976 "-" "GM1910(Android/10) (io.dcloud.HBuilder/9.8.8) Weex/0.26.0 1440x3120"
43.250.201.49 - - [06/Sep/2020:17:56:00 +0800] "POST /countdown/exam HTTP/1.1" 200 976 "-" "GM1910(Android/10) (io.dcloud.HBuilder/9.8.8) Weex/0.26.0 1440x3120"
175.24.0.200 - - [06/Sep/2020:18:05:43 +0800] "POST /course HTTP/1.0" 200 41205 "-" "MI 6(Android/9) (uni.UNIA5A6D03/1.0.0) Weex/0.26.0 1080x1920"
175.24.0.200 - - [06/Sep/2020:18:05:48 +0800] "POST /course HTTP/1.0" 200 41205 "-" "MI 6(Android/9) (uni.UNIA5A6D03/1.0.0) Weex/0.26.0 1080x1920"
106.16.145.30 - - [06/Sep/2020:18:05:52 +0800] "POST /countdown/exam HTTP/1.1" 200 976 "-" "MI 6(Android/9) (uni.UNIA5A6D03/1.0.0) Weex/0.26.0 1080x1920"
175.24.0.200 - - [06/Sep/2020:18:06:14 +0800] "POST /course HTTP/1.0" 200 41205 "-" "MI 6(Android/9) (uni.UNIA5A6D03/1.0.0) Weex/0.26.0 1080x1920"
106.16.145.30 - - [06/Sep/2020:18:06:16 +0800] "POST /score/grade HTTP/1.1" 200 3433 "-" "MI 6(Android/9) (uni.UNIA5A6D03/1.0.0) Weex/0.26.0 1080x1920"
106.16.145.30 - - [06/Sep/2020:18:06:40 +0800] "POST /score/grade HTTP/1.1" 200 3433 "-" "MI 6(Android/9) (uni.UNIA5A6D03/1.0.0) Weex/0.26.0 1080x1920"
106.16.145.30 - - [06/Sep/2020:18:07:15 +0800] "POST /score/grade HTTP/1.1" 200 3433 "-" "MI 6(Android/9) (uni.UNIA5A6D03/1.0.0) Weex/0.26.0 1080x1920"
106.16.145.30 - - [06/Sep/2020:18:08:32 +0800] "POST /consume/billing HTTP/1.1" 500 0 "-" "-"
106.16.145.30 - - [06/Sep/2020:18:08:32 +0800] "POST /consume/balance HTTP/1.1" 200 165 "-" "MI 6(Android/9) (uni.UNIA5A6D03/1.0.0) Weex/0.26.0 1080x1920"
106.16.145.30 - - [06/Sep/2020:18:09:57 +0800] "POST /countdown/exam HTTP/1.1" 200 976 "-" "MI 6(Android/9) (uni.UNIA5A6D03/1.0.0) Weex/0.26.0 1080x1920"
175.24.0.200 - - [06/Sep/2020:18:21:46 +0800] "POST /course HTTP/1.0" 200 41205 "-" "MI 8(Android/10) (uni.UNIA5A6D03/1.0.0) Weex/0.26.0 1080x2115"
175.24.0.200 - - [06/Sep/2020:18:21:48 +0800] "POST /course HTTP/1.0" 200 41205 "-" "MI 8(Android/10) (uni.UNIA5A6D03/1.0.0) Weex/0.26.0 1080x2115"
106.18.167.90 - - [06/Sep/2020:18:21:52 +0800] "POST /countdown/exam HTTP/1.1" 200 976 "-" "MI 8(Android/10) (uni.UNIA5A6D03/1.0.0) Weex/0.26.0 1080x2115"
106.18.167.90 - - [06/Sep/2020:18:22:22 +0800] "POST /score/grade HTTP/1.1" 200 3433 "-" "MI 8(Android/10) (uni.UNIA5A6D03/1.0.0) Weex/0.26.0 1080x2115"
106.18.167.90 - - [06/Sep/2020:18:22:35 +0800] "POST /consume/balance HTTP/1.1" 500 0 "-" "-"
106.18.167.90 - - [06/Sep/2020:18:22:36 +0800] "POST /consume/billing HTTP/1.1" 200 410 "-" "MI 8(Android/10) (uni.UNIA5A6D03/1.0.0) Weex/0.26.0 1080x2115"
112.97.244.64 - - [06/Sep/2020:18:22:40 +0800] "POST /consume/billing HTTP/1.1" 500 0 "-" "-"
112.97.244.64 - - [06/Sep/2020:18:22:40 +0800] "POST /consume/balance HTTP/1.1" 500 0 "-" "-"
175.24.0.200 - - [06/Sep/2020:18:22:59 +0800] "POST /course HTTP/1.0" 200 41205 "-" "MI 8(Android/10) (uni.UNIA5A6D03/1.0.0) Weex/0.26.0 1080x2115"
106.18.167.90 - - [06/Sep/2020:18:23:25 +0800] "POST /countdown/exam HTTP/1.1" 200 976 "-" "MI 8(Android/10) (uni.UNIA5A6D03/1.0.0) Weex/0.26.0 1080x2115"
112.97.244.64 - - [06/Sep/2020:18:25:34 +0800] "POST /countdown/exam HTTP/1.1" 200 976 "-" "16s(Android/9) (uni.UNIA5A6D03/1.0.0) Weex/0.26.0 1080x2232"
175.24.0.200 - - [06/Sep/2020:18:29:16 +0800] "POST /course HTTP/1.0" 200 41205 "-" "MIX 2S(Android/10) (uni.UNIA5A6D03/1.0.0) Weex/0.26.0 1080x2116"
116.162.3.46 - - [06/Sep/2020:18:29:24 +0800] "POST /countdown/exam HTTP/1.1" 200 976 "-" "MIX 2S(Android/10) (uni.UNIA5A6D03/1.0.0) Weex/0.26.0 1080x2116"
175.24.0.200 - - [06/Sep/2020:18:39:56 +0800] "POST /course HTTP/1.0" 200 41205 "-" "16s(Android/9) (uni.UNIA5A6D03/1.0.0) Weex/0.26.0 1080x2232"
175.24.0.200 - - [06/Sep/2020:18:43:38 +0800] "POST /course HTTP/1.0" 200 41205 "-" "PCAM00(Android/10) (uni.UNIA5A6D03/1.0.0) Weex/0.26.0 1080x2340"
43.250.200.104 - - [06/Sep/2020:18:43:45 +0800] "POST /countdown/exam HTTP/1.1" 200 976 "-" "PCAM00(Android/10) (uni.UNIA5A6D03/1.0.0) Weex/0.26.0 1080x2340"
175.24.0.200 - - [06/Sep/2020:18:43:53 +0800] "POST /course HTTP/1.0" 200 41205 "-" "PCAM00(Android/10) (uni.UNIA5A6D03/1.0.0) Weex/0.26.0 1080x2340"
175.24.0.200 - - [06/Sep/2020:18:43:54 +0800] "POST /course HTTP/1.0" 200 41205 "-" "PCAM00(Android/10) (uni.UNIA5A6D03/1.0.0) Weex/0.26.0 1080x2340"
175.24.0.200 - - [06/Sep/2020:18:43:56 +0800] "POST /course HTTP/1.0" 200 41205 "-" "PCAM00(Android/10) (uni.UNIA5A6D03/1.0.0) Weex/0.26.0 1080x2340"
175.24.0.200 - - [06/Sep/2020:18:43:57 +0800] "POST /course HTTP/1.0" 200 41205 "-" "PCAM00(Android/10) (uni.UNIA5A6D03/1.0.0) Weex/0.26.0 1080x2340"
43.250.200.104 - - [06/Sep/2020:18:44:15 +0800] "POST /score/grade HTTP/1.1" 200 3433 "-" "PCAM00(Android/10) (uni.UNIA5A6D03/1.0.0) Weex/0.26.0 1080x2340"
175.24.0.200 - - [06/Sep/2020:19:03:20 +0800] "GET / HTTP/1.0" 200 11 "-" "Mozilla/5.0 (Windows NT 10.0; Win64; x64) AppleWebKit/537.36 (KHTML, like Gecko) Chrome/72.0.3626.119 Safari/537.36"
175.24.0.200 - - [06/Sep/2020:19:03:53 +0800] "GET / HTTP/1.0" 200 11 "-" "Mozilla/5.0 (Windows NT 10.0; Win64; x64) AppleWebKit/537.36 (KHTML, like Gecko) Chrome/72.0.3626.119 Safari/537.36"
175.24.0.200 - - [06/Sep/2020:19:29:00 +0800] "POST /course HTTP/1.0" 200 41205 "-" "16s(Android/9) (uni.UNIA5A6D03/1.0.0) Weex/0.26.0 1080x2232"
175.24.0.200 - - [06/Sep/2020:19:29:06 +0800] "POST /course HTTP/1.0" 200 41205 "-" "16s(Android/9) (uni.UNIA5A6D03/1.0.0) Weex/0.26.0 1080x2232"
112.97.244.64 - - [06/Sep/2020:19:29:11 +0800] "POST /countdown/exam HTTP/1.1" 200 976 "-" "16s(Android/9) (uni.UNIA5A6D03/1.0.0) Weex/0.26.0 1080x2232"
106.18.167.90 - - [06/Sep/2020:19:37:36 +0800] "POST /countdown/exam HTTP/1.1" 200 976 "-" "MI 8(Android/10) (uni.UNIA5A6D03/1.0.0) Weex/0.26.0 1080x2115"
211.142.247.134 - - [06/Sep/2020:19:46:29 +0800] "POST /countdown/exam HTTP/1.1" 200 976 "-" "GM1910(Android/10) (io.dcloud.HBuilder/9.8.8) Weex/0.26.0 1440x3120"
211.142.247.134 - - [06/Sep/2020:19:47:02 +0800] "POST /consume/balance HTTP/1.1" 500 0 "-" "-"
211.142.247.134 - - [06/Sep/2020:19:47:04 +0800] "POST /consume/billing HTTP/1.1" 200 410 "-" "GM1910(Android/10) (io.dcloud.HBuilder/9.8.8) Weex/0.26.0 1440x3120"
175.24.0.200 - - [06/Sep/2020:20:46:38 +0800] "POST /course HTTP/1.0" 200 53069 "https://servicewechat.com/touristappid/devtools/page-frame.html" "Mozilla/5.0 (iPhone; CPU iPhone OS 11_0 like Mac OS X) AppleWebKit/604.1.38 (KHTML, like Gecko) Version/11.0 Mobile/15A372 Safari/604.1 wechatdevtools/1.03.2006090 MicroMessenger/7.0.4 Language/zh_CN webview/"
42.49.109.232 - - [06/Sep/2020:20:47:11 +0800] "POST /score/grade HTTP/1.1" 200 3433 "https://servicewechat.com/touristappid/devtools/page-frame.html" "Mozilla/5.0 (iPhone; CPU iPhone OS 11_0 like Mac OS X) AppleWebKit/604.1.38 (KHTML, like Gecko) Version/11.0 Mobile/15A372 Safari/604.1 wechatdevtools/1.03.2006090 MicroMessenger/7.0.4 Language/zh_CN webview/"
42.49.109.232 - - [06/Sep/2020:20:47:24 +0800] "POST /score/grade HTTP/1.1" 200 3433 "https://servicewechat.com/touristappid/devtools/page-frame.html" "Mozilla/5.0 (iPhone; CPU iPhone OS 11_0 like Mac OS X) AppleWebKit/604.1.38 (KHTML, like Gecko) Version/11.0 Mobile/15A372 Safari/604.1 wechatdevtools/1.03.2006090 MicroMessenger/7.0.4 Language/zh_CN webview/"
42.49.109.232 - - [06/Sep/2020:20:53:41 +0800] "POST /countdown/exam HTTP/1.1" 200 976 "http://localhost:8081/" "Mozilla/5.0 (iPhone; CPU iPhone OS 13_2_3 like Mac OS X) AppleWebKit/605.1.15 (KHTML, like Gecko) Version/13.0.3 Mobile/15E148 Safari/604.1"
42.49.109.232 - - [06/Sep/2020:21:01:17 +0800] "POST /score/grade HTTP/1.1" 200 3433 "https://servicewechat.com/touristappid/devtools/page-frame.html" "Mozilla/5.0 (iPhone; CPU iPhone OS 11_0 like Mac OS X) AppleWebKit/604.1.38 (KHTML, like Gecko) Version/11.0 Mobile/15A372 Safari/604.1 wechatdevtools/1.03.2006090 MicroMessenger/7.0.4 Language/zh_CN webview/"
175.24.0.200 - - [06/Sep/2020:21:14:02 +0800] "POST /course HTTP/1.0" 200 53069 "-" "YAL-AL00(Android/10) (io.dcloud.HBuilder/9.8.8) Weex/0.26.0 1080x2232"
175.24.0.200 - - [06/Sep/2020:21:14:05 +0800] "GET /upick HTTP/1.0" 404 232 "-" "YAL-AL00(Android/10) (io.dcloud.HBuilder/9.8.8) Weex/0.26.0 1080x2232"
223.104.21.110 - - [06/Sep/2020:21:14:35 +0800] "POST /countdown/exam HTTP/1.1" 200 976 "-" "YAL-AL00(Android/10) (io.dcloud.HBuilder/9.8.8) Weex/0.26.0 1080x2232"
223.104.21.110 - - [06/Sep/2020:21:17:03 +0800] "POST /countdown/exam HTTP/1.1" 200 976 "-" "YAL-AL00(Android/10) (io.dcloud.HBuilder/9.8.8) Weex/0.26.0 1080x2232"
175.24.0.200 - - [06/Sep/2020:21:17:04 +0800] "GET /upick HTTP/1.0" 404 232 "-" "YAL-AL00(Android/10) (io.dcloud.HBuilder/9.8.8) Weex/0.26.0 1080x2232"
175.24.0.200 - - [06/Sep/2020:21:19:24 +0800] "GET /upick HTTP/1.0" 404 232 "-" "YAL-AL00(Android/10) (io.dcloud.HBuilder/9.8.8) Weex/0.26.0 1080x2232"
175.24.0.200 - - [06/Sep/2020:21:20:38 +0800] "GET /upick HTTP/1.0" 404 232 "-" "YAL-AL00(Android/10) (io.dcloud.HBuilder/9.8.8) Weex/0.26.0 1080x2232"
223.104.21.110 - - [06/Sep/2020:21:22:36 +0800] "POST /countdown/exam HTTP/1.1" 200 976 "-" "YAL-AL00(Android/10) (io.dcloud.HBuilder/9.8.8) Weex/0.26.0 1080x2232"
42.49.109.232 - - [06/Sep/2020:21:33:47 +0800] "POST /score/grade HTTP/1.1" 200 3433 "https://servicewechat.com/touristappid/devtools/page-frame.html" "Mozilla/5.0 (iPhone; CPU iPhone OS 11_0 like Mac OS X) AppleWebKit/604.1.38 (KHTML, like Gecko) Version/11.0 Mobile/15A372 Safari/604.1 wechatdevtools/1.03.2006090 MicroMessenger/7.0.4 Language/zh_CN webview/"
175.24.0.200 - - [06/Sep/2020:21:35:14 +0800] "POST /course HTTP/1.0" 200 53069 "https://servicewechat.com/touristappid/devtools/page-frame.html" "Mozilla/5.0 (iPhone; CPU iPhone OS 11_0 like Mac OS X) AppleWebKit/604.1.38 (KHTML, like Gecko) Version/11.0 Mobile/15A372 Safari/604.1 wechatdevtools/1.03.2006090 MicroMessenger/7.0.4 Language/zh_CN webview/"
175.24.0.200 - - [06/Sep/2020:21:48:56 +0800] "GET /upick HTTP/1.0" 404 232 "-" "YAL-AL00(Android/10) (io.dcloud.HBuilder/9.8.8) Weex/0.26.0 1080x2232"
175.24.0.200 - - [06/Sep/2020:21:49:27 +0800] "GET /upick HTTP/1.0" 404 232 "-" "YAL-AL00(Android/10) (io.dcloud.HBuilder/9.8.8) Weex/0.26.0 1080x2232"
175.24.0.200 - - [06/Sep/2020:21:50:02 +0800] "GET /upick HTTP/1.0" 404 232 "-" "YAL-AL00(Android/10) (io.dcloud.HBuilder/9.8.8) Weex/0.26.0 1080x2232"
175.24.0.200 - - [06/Sep/2020:21:51:42 +0800] "GET /upick HTTP/1.0" 404 232 "-" "YAL-AL00(Android/10) (io.dcloud.HBuilder/9.8.8) Weex/0.26.0 1080x2232"
175.24.0.200 - - [06/Sep/2020:21:51:56 +0800] "GET /upick HTTP/1.0" 404 232 "-" "YAL-AL00(Android/10) (io.dcloud.HBuilder/9.8.8) Weex/0.26.0 1080x2232"
175.24.0.200 - - [06/Sep/2020:21:54:47 +0800] "GET /upick HTTP/1.0" 404 232 "-" "YAL-AL00(Android/10) (io.dcloud.HBuilder/9.8.8) Weex/0.26.0 1080x2232"
223.104.21.110 - - [06/Sep/2020:21:55:34 +0800] "POST /countdown/exam HTTP/1.1" 200 976 "-" "YAL-AL00(Android/10) (io.dcloud.HBuilder/9.8.8) Weex/0.26.0 1080x2232"
175.24.0.200 - - [06/Sep/2020:22:03:11 +0800] "GET / HTTP/1.0" 200 11 "-" "Mozilla/5.0 (Windows NT 10.0; Win64; x64) AppleWebKit/537.36 (KHTML, like Gecko) Chrome/72.0.3626.119 Safari/537.36"
175.24.0.200 - - [06/Sep/2020:22:04:01 +0800] "GET / HTTP/1.0" 200 11 "-" "Mozilla/5.0 (Windows NT 10.0; Win64; x64) AppleWebKit/537.36 (KHTML, like Gecko) Chrome/72.0.3626.119 Safari/537.36"
43.250.201.124 - - [06/Sep/2020:22:10:36 +0800] "POST /countdown/exam HTTP/1.1" 200 976 "-" "MI 6(Android/9) (uni.UNIA5A6D03/1.0.0) Weex/0.26.0 1080x1920"
175.24.0.200 - - [06/Sep/2020:22:15:42 +0800] "POST /course HTTP/1.0" 200 53069 "-" "YAL-AL00(Android/10) (io.dcloud.HBuilder/9.8.8) Weex/0.26.0 1080x2232"
175.24.0.200 - - [06/Sep/2020:22:17:04 +0800] "POST /course HTTP/1.0" 200 53069 "-" "YAL-AL00(Android/10) (io.dcloud.HBuilder/9.8.8) Weex/0.26.0 1080x2232"
223.104.21.110 - - [06/Sep/2020:22:17:38 +0800] "POST /countdown/exam HTTP/1.1" 200 976 "-" "YAL-AL00(Android/10) (io.dcloud.HBuilder/9.8.8) Weex/0.26.0 1080x2232"
223.104.21.110 - - [06/Sep/2020:22:19:50 +0800] "POST /countdown/exam HTTP/1.1" 200 976 "-" "YAL-AL00(Android/10) (io.dcloud.HBuilder/9.8.8) Weex/0.26.0 1080x2232"
223.104.21.110 - - [06/Sep/2020:22:20:56 +0800] "POST /countdown/exam HTTP/1.1" 200 976 "-" "YAL-AL00(Android/10) (io.dcloud.HBuilder/9.8.8) Weex/0.26.0 1080x2232"
223.104.21.110 - - [06/Sep/2020:22:20:57 +0800] "POST /countdown/exam HTTP/1.1" 200 976 "-" "YAL-AL00(Android/10) (io.dcloud.HBuilder/9.8.8) Weex/0.26.0 1080x2232"
223.104.21.110 - - [06/Sep/2020:22:21:17 +0800] "POST /countdown/exam HTTP/1.1" 200 976 "-" "YAL-AL00(Android/10) (io.dcloud.HBuilder/9.8.8) Weex/0.26.0 1080x2232"
223.104.21.110 - - [06/Sep/2020:22:21:23 +0800] "POST /countdown/exam HTTP/1.1" 200 976 "-" "YAL-AL00(Android/10) (io.dcloud.HBuilder/9.8.8) Weex/0.26.0 1080x2232"
223.104.21.110 - - [06/Sep/2020:22:23:35 +0800] "POST /countdown/exam HTTP/1.1" 200 976 "-" "YAL-AL00(Android/10) (io.dcloud.HBuilder/9.8.8) Weex/0.26.0 1080x2232"
223.104.21.110 - - [06/Sep/2020:22:25:20 +0800] "POST /countdown/exam HTTP/1.1" 200 976 "-" "YAL-AL00(Android/10) (io.dcloud.HBuilder/9.8.8) Weex/0.26.0 1080x2232"
223.104.21.110 - - [06/Sep/2020:22:26:12 +0800] "POST /countdown/exam HTTP/1.1" 200 976 "-" "YAL-AL00(Android/10) (io.dcloud.HBuilder/9.8.8) Weex/0.26.0 1080x2232"
223.104.21.110 - - [06/Sep/2020:22:31:05 +0800] "POST /countdown/exam HTTP/1.1" 200 976 "-" "YAL-AL00(Android/10) (io.dcloud.HBuilder/9.8.8) Weex/0.26.0 1080x2232"
106.18.131.126 - - [06/Sep/2020:22:47:49 +0800] "POST /countdown/exam HTTP/1.1" 200 976 "-" "ELE-AL00(Android/10) (uni.UNIA5A6D03/1.0.0) Weex/0.26.0 1080x2265"
116.162.2.114 - - [07/Sep/2020:00:01:07 +0800] "POST /consume/billing HTTP/1.1" 500 0 "-" "-"
116.162.2.114 - - [07/Sep/2020:00:01:08 +0800] "POST /consume/balance HTTP/1.1" 200 165 "-" "GM1910(Android/10) (io.dcloud.HBuilder/9.8.8) Weex/0.26.0 1440x3120"
175.24.0.200 - - [07/Sep/2020:00:01:09 +0800] "POST /course HTTP/1.0" 200 53069 "-" "GM1910(Android/10) (io.dcloud.HBuilder/9.8.8) Weex/0.26.0 1440x3120"
175.24.0.200 - - [07/Sep/2020:00:01:15 +0800] "POST /course HTTP/1.0" 200 53069 "-" "GM1910(Android/10) (io.dcloud.HBuilder/9.8.8) Weex/0.26.0 1440x3120"
116.162.2.114 - - [07/Sep/2020:00:01:17 +0800] "POST /consume/balance HTTP/1.1" 200 165 "-" "GM1910(Android/10) (io.dcloud.HBuilder/9.8.8) Weex/0.26.0 1440x3120"
116.162.2.114 - - [07/Sep/2020:00:01:18 +0800] "POST /consume/billing HTTP/1.1" 200 410 "-" "GM1910(Android/10) (io.dcloud.HBuilder/9.8.8) Weex/0.26.0 1440x3120"
116.162.2.114 - - [07/Sep/2020:00:01:40 +0800] "POST /countdown/exam HTTP/1.1" 200 976 "-" "GM1910(Android/10) (io.dcloud.HBuilder/9.8.8) Weex/0.26.0 1440x3120"
175.24.0.200 - - [07/Sep/2020:00:03:21 +0800] "GET / HTTP/1.0" 200 11 "-" "Mozilla/5.0 (Windows NT 10.0; Win64; x64) AppleWebKit/537.36 (KHTML, like Gecko) Chrome/72.0.3626.119 Safari/537.36"
175.24.0.200 - - [07/Sep/2020:00:04:08 +0800] "GET / HTTP/1.0" 200 11 "-" "Mozilla/5.0 (Windows NT 10.0; Win64; x64) AppleWebKit/537.36 (KHTML, like Gecko) Chrome/72.0.3626.119 Safari/537.36"
175.24.0.200 - - [07/Sep/2020:01:02:55 +0800] "GET / HTTP/1.0" 200 11 "-" "Mozilla/5.0 (Windows NT 10.0; Win64; x64) AppleWebKit/537.36 (KHTML, like Gecko) Chrome/72.0.3626.119 Safari/537.36"
175.24.0.200 - - [07/Sep/2020:01:03:40 +0800] "GET / HTTP/1.0" 200 11 "-" "Mozilla/5.0 (Windows NT 10.0; Win64; x64) AppleWebKit/537.36 (KHTML, like Gecko) Chrome/72.0.3626.119 Safari/537.36"
175.24.0.200 - - [07/Sep/2020:02:09:25 +0800] "HEAD / HTTP/1.0" 200 0 "-" "curl/7.29.0"
183.136.225.46 - - [07/Sep/2020:02:45:18 +0800] "GET / HTTP/1.1" 200 11 "-" "Mozilla/5.0 (Macintosh; Intel Mac OS X 10.11; rv:47.0) Gecko/20100101 Firefox/47.0"
119.39.248.6 - - [07/Sep/2020:07:19:31 +0800] "POST /countdown/exam HTTP/1.1" 200 976 "-" "YAL-AL00(Android/10) (uni.UNIA5A6D03/1.0.0) Weex/0.26.0 1080x2232"
119.39.248.6 - - [07/Sep/2020:07:19:41 +0800] "POST /score/grade HTTP/1.1" 200 3433 "-" "YAL-AL00(Android/10) (uni.UNIA5A6D03/1.0.0) Weex/0.26.0 1080x2232"
175.24.0.200 - - [07/Sep/2020:07:40:15 +0800] "POST /course HTTP/1.0" 200 53069 "-" "GM1910(Android/10) (io.dcloud.HBuilder/9.8.8) Weex/0.26.0 1440x3120"
116.162.2.21 - - [07/Sep/2020:07:42:59 +0800] "POST /countdown/exam HTTP/1.1" 200 976 "-" "GM1910(Android/10) (io.dcloud.HBuilder/9.8.8) Weex/0.26.0 1440x3120"
116.162.2.21 - - [07/Sep/2020:07:43:10 +0800] "POST /consume/balance HTTP/1.1" 200 165 "-" "GM1910(Android/10) (io.dcloud.HBuilder/9.8.8) Weex/0.26.0 1440x3120"
116.162.2.21 - - [07/Sep/2020:07:43:10 +0800] "POST /consume/billing HTTP/1.1" 200 648 "-" "GM1910(Android/10) (io.dcloud.HBuilder/9.8.8) Weex/0.26.0 1440x3120"
223.104.21.110 - - [07/Sep/2020:07:43:15 +0800] "POST /countdown/exam HTTP/1.1" 200 976 "-" "YAL-AL00(Android/10) (io.dcloud.HBuilder/9.8.8) Weex/0.26.0 1080x2232"
116.162.2.21 - - [07/Sep/2020:07:43:59 +0800] "POST /consume/balance HTTP/1.1" 500 0 "-" "-"
116.162.2.21 - - [07/Sep/2020:07:44:00 +0800] "POST /consume/billing HTTP/1.1" 200 648 "-" "GM1910(Android/10) (io.dcloud.HBuilder/9.8.8) Weex/0.26.0 1440x3120"
116.162.2.21 - - [07/Sep/2020:07:44:04 +0800] "POST /consume/balance HTTP/1.1" 200 165 "-" "GM1910(Android/10) (io.dcloud.HBuilder/9.8.8) Weex/0.26.0 1440x3120"
116.162.2.21 - - [07/Sep/2020:07:44:05 +0800] "POST /consume/billing HTTP/1.1" 200 648 "-" "GM1910(Android/10) (io.dcloud.HBuilder/9.8.8) Weex/0.26.0 1440x3120"
192.241.235.39 - - [07/Sep/2020:09:05:28 +0800] "GET / HTTP/1.1" 200 11 "-" "Mozilla/5.0 zgrab/0.x"
42.49.109.137 - - [07/Sep/2020:09:09:21 +0800] "POST /countdown/exam HTTP/1.1" 200 976 "-" "16s(Android/9) (uni.UNIA5A6D03/1.0.0) Weex/0.26.0 1080x2232"
175.24.0.200 - - [07/Sep/2020:09:12:23 +0800] "POST /course HTTP/1.0" 200 53069 "-" "GM1910(Android/10) (io.dcloud.HBuilder/9.8.8) Weex/0.26.0 1440x3120"
116.162.2.21 - - [07/Sep/2020:09:33:59 +0800] "POST /countdown/exam HTTP/1.1" 200 976 "-" "GM1910(Android/10) (io.dcloud.HBuilder/9.8.8) Weex/0.26.0 1440x3120"
175.24.0.200 - - [07/Sep/2020:09:34:09 +0800] "POST /course HTTP/1.0" 200 53069 "-" "GM1910(Android/10) (io.dcloud.HBuilder/9.8.8) Weex/0.26.0 1440x3120"
116.162.2.21 - - [07/Sep/2020:09:39:09 +0800] "POST /consume/balance HTTP/1.1" 500 0 "-" "-"
116.162.2.21 - - [07/Sep/2020:09:39:10 +0800] "POST /consume/billing HTTP/1.1" 200 648 "-" "GM1910(Android/10) (io.dcloud.HBuilder/9.8.8) Weex/0.26.0 1440x3120"
175.24.0.200 - - [07/Sep/2020:09:44:13 +0800] "POST /course HTTP/1.0" 200 53069 "-" "GM1910(Android/10) (io.dcloud.HBuilder/9.8.8) Weex/0.26.0 1440x3120"
175.24.0.200 - - [07/Sep/2020:09:48:53 +0800] "GET / HTTP/1.0" 200 11 "-" "Mozilla/5.0 (Windows NT 10.0; Win64; x64) AppleWebKit/537.36 (KHTML, like Gecko) Chrome/59.0.3071.104 Safari/537.36"
175.24.0.200 - - [07/Sep/2020:10:01:26 +0800] "POST /course HTTP/1.0" 200 53069 "-" "GM1910(Android/10) (io.dcloud.HBuilder/9.8.8) Weex/0.26.0 1440x3120"
43.250.201.24 - - [07/Sep/2020:10:04:47 +0800] "POST /consume/billing HTTP/1.1" 500 0 "-" "-"
43.250.201.24 - - [07/Sep/2020:10:04:48 +0800] "POST /consume/balance HTTP/1.1" 200 165 "-" "MI 6(Android/9) (uni.UNIA5A6D03/1.0.0) Weex/0.26.0 1080x1920"
175.24.0.200 - - [07/Sep/2020:10:16:44 +0800] "POST /course HTTP/1.0" 200 53069 "-" "GM1910(Android/10) (io.dcloud.HBuilder/9.8.8) Weex/0.26.0 1440x3120"
42.49.109.244 - - [07/Sep/2020:10:50:56 +0800] "POST /countdown/exam HTTP/1.1" 200 976 "-" "GM1910(Android/10) (io.dcloud.HBuilder/9.8.8) Weex/0.26.0 1440x3120"
42.49.109.244 - - [07/Sep/2020:10:51:04 +0800] "POST /countdown/exam HTTP/1.1" 200 976 "-" "GM1910(Android/10) (io.dcloud.HBuilder/9.8.8) Weex/0.26.0 1440x3120"
42.49.109.244 - - [07/Sep/2020:10:51:07 +0800] "POST /countdown/exam HTTP/1.1" 200 976 "-" "GM1910(Android/10) (io.dcloud.HBuilder/9.8.8) Weex/0.26.0 1440x3120"
42.49.109.244 - - [07/Sep/2020:11:37:17 +0800] "POST /consume/balance HTTP/1.1" 500 0 "-" "-"
42.49.109.244 - - [07/Sep/2020:11:37:18 +0800] "POST /consume/billing HTTP/1.1" 200 648 "-" "GM1910(Android/10) (uni.UNIA5A6D03/1.0.0) Weex/0.26.0 1440x3120"
175.24.0.200 - - [07/Sep/2020:12:11:25 +0800] "GET / HTTP/1.0" 200 11 "-" "Mozilla/5.0 (Windows NT 10.0; Win64; x64) AppleWebKit/537.36 (KHTML, like Gecko) Chrome/72.0.3626.119 Safari/537.36"
175.24.0.200 - - [07/Sep/2020:12:11:51 +0800] "GET / HTTP/1.0" 200 11 "-" "Mozilla/5.0 (Windows NT 10.0; Win64; x64) AppleWebKit/537.36 (KHTML, like Gecko) Chrome/72.0.3626.119 Safari/537.36"
42.49.109.146 - - [07/Sep/2020:12:36:40 +0800] "POST /score/grade HTTP/1.1" 200 3433 "-" "MI 8(Android/10) (uni.UNIA5A6D03/1.0.0) Weex/0.26.0 1080x2115"
119.39.248.100 - - [07/Sep/2020:12:36:43 +0800] "POST /countdown/exam HTTP/1.1" 200 976 "-" "MIX 2S(Android/10) (uni.UNIA5A6D03/1.0.0) Weex/0.26.0 1080x2116"
42.49.109.146 - - [07/Sep/2020:12:37:19 +0800] "POST /consume/billing HTTP/1.1" 500 0 "-" "-"
42.49.109.146 - - [07/Sep/2020:12:37:19 +0800] "POST /consume/balance HTTP/1.1" 500 0 "-" "-"
42.49.109.146 - - [07/Sep/2020:12:37:51 +0800] "POST /countdown/exam HTTP/1.1" 200 976 "-" "MI 8(Android/10) (uni.UNIA5A6D03/1.0.0) Weex/0.26.0 1080x2115"
42.49.109.146 - - [07/Sep/2020:12:38:28 +0800] "POST /countdown/exam HTTP/1.1" 200 976 "-" "MI 8(Android/10) (uni.UNIA5A6D03/1.0.0) Weex/0.26.0 1080x2115"
175.24.0.200 - - [07/Sep/2020:12:39:54 +0800] "POST /course HTTP/1.0" 200 41205 "-" "MIX 2S(Android/10) (uni.UNIA5A6D03/1.0.0) Weex/0.26.0 1080x2116"
119.39.248.100 - - [07/Sep/2020:12:39:59 +0800] "POST /countdown/exam HTTP/1.1" 200 976 "-" "MIX 2S(Android/10) (uni.UNIA5A6D03/1.0.0) Weex/0.26.0 1080x2116"
175.24.0.200 - - [07/Sep/2020:12:40:23 +0800] "POST /course HTTP/1.0" 200 41205 "-" "MIX 2S(Android/10) (uni.UNIA5A6D03/1.0.0) Weex/0.26.0 1080x2116"
119.39.248.100 - - [07/Sep/2020:12:40:30 +0800] "POST /consume/billing HTTP/1.1" 500 0 "-" "-"
119.39.248.100 - - [07/Sep/2020:12:40:31 +0800] "POST /consume/balance HTTP/1.1" 200 165 "-" "MIX 2S(Android/10) (uni.UNIA5A6D03/1.0.0) Weex/0.26.0 1080x2116"
119.39.248.100 - - [07/Sep/2020:12:40:34 +0800] "POST /consume/billing HTTP/1.1" 500 0 "-" "-"
119.39.248.100 - - [07/Sep/2020:12:40:35 +0800] "POST /consume/balance HTTP/1.1" 200 165 "-" "MIX 2S(Android/10) (uni.UNIA5A6D03/1.0.0) Weex/0.26.0 1080x2116"
175.24.0.200 - - [07/Sep/2020:12:49:14 +0800] "POST /course HTTP/1.0" 200 41205 "-" "MI 8(Android/10) (uni.UNIA5A6D03/1.0.0) Weex/0.26.0 1080x2115"
175.24.0.200 - - [07/Sep/2020:12:49:15 +0800] "POST /course HTTP/1.0" 200 41205 "-" "MI 8(Android/10) (uni.UNIA5A6D03/1.0.0) Weex/0.26.0 1080x2115"
175.24.0.200 - - [07/Sep/2020:12:49:16 +0800] "POST /course HTTP/1.0" 200 41205 "-" "MI 8(Android/10) (uni.UNIA5A6D03/1.0.0) Weex/0.26.0 1080x2115"
175.24.0.200 - - [07/Sep/2020:12:49:23 +0800] "POST /course HTTP/1.0" 200 41205 "-" "MI 8(Android/10) (uni.UNIA5A6D03/1.0.0) Weex/0.26.0 1080x2115"
175.24.0.200 - - [07/Sep/2020:12:49:24 +0800] "POST /course HTTP/1.0" 200 41205 "-" "MI 8(Android/10) (uni.UNIA5A6D03/1.0.0) Weex/0.26.0 1080x2115"
175.24.0.200 - - [07/Sep/2020:12:49:25 +0800] "POST /course HTTP/1.0" 200 41205 "-" "MI 8(Android/10) (uni.UNIA5A6D03/1.0.0) Weex/0.26.0 1080x2115"
175.24.0.200 - - [07/Sep/2020:12:49:26 +0800] "POST /course HTTP/1.0" 200 41205 "-" "MI 8(Android/10) (uni.UNIA5A6D03/1.0.0) Weex/0.26.0 1080x2115"
175.24.0.200 - - [07/Sep/2020:12:49:31 +0800] "POST /course HTTP/1.0" 200 41205 "-" "MI 8(Android/10) (uni.UNIA5A6D03/1.0.0) Weex/0.26.0 1080x2115"
175.24.0.200 - - [07/Sep/2020:12:50:40 +0800] "POST /course HTTP/1.0" 200 41205 "-" "MI 8(Android/10) (uni.UNIA5A6D03/1.0.0) Weex/0.26.0 1080x2115"
175.24.0.200 - - [07/Sep/2020:12:53:20 +0800] "POST /course HTTP/1.0" 200 41205 "-" "MI 8(Android/10) (uni.UNIA5A6D03/1.0.0) Weex/0.26.0 1080x2115"
116.162.2.168 - - [07/Sep/2020:12:56:42 +0800] "POST /countdown/exam HTTP/1.1" 200 976 "-" "GM1910(Android/10) (io.dcloud.HBuilder/9.8.8) Weex/0.26.0 1440x3120"
175.24.0.200 - - [07/Sep/2020:13:08:22 +0800] "GET / HTTP/1.0" 200 11 "-" "Mozilla/5.0 (Windows NT 10.0; Win64; x64) AppleWebKit/537.36 (KHTML, like Gecko) Chrome/72.0.3626.119 Safari/537.36"
175.24.0.200 - - [07/Sep/2020:13:09:13 +0800] "GET / HTTP/1.0" 200 11 "-" "Mozilla/5.0 (Windows NT 10.0; Win64; x64) AppleWebKit/537.36 (KHTML, like Gecko) Chrome/72.0.3626.119 Safari/537.36"
175.24.0.200 - - [07/Sep/2020:13:28:11 +0800] "POST /course HTTP/1.0" 200 53069 "-" "GM1910(Android/10) (io.dcloud.HBuilder/9.8.8) Weex/0.26.0 1440x3120"
175.24.0.200 - - [07/Sep/2020:13:36:46 +0800] "POST /course HTTP/1.0" 200 53069 "-" "GM1910(Android/10) (io.dcloud.HBuilder/9.8.8) Weex/0.26.0 1440x3120"
175.24.0.200 - - [07/Sep/2020:13:40:32 +0800] "POST /course HTTP/1.0" 200 53069 "-" "GM1910(Android/10) (io.dcloud.HBuilder/9.8.8) Weex/0.26.0 1440x3120"
175.24.0.200 - - [07/Sep/2020:13:42:21 +0800] "POST /course HTTP/1.0" 200 53069 "-" "GM1910(Android/10) (io.dcloud.HBuilder/9.8.8) Weex/0.26.0 1440x3120"
175.24.0.200 - - [07/Sep/2020:13:50:31 +0800] "POST /course HTTP/1.0" 200 53069 "-" "GM1910(Android/10) (io.dcloud.HBuilder/9.8.8) Weex/0.26.0 1440x3120"
175.24.0.200 - - [07/Sep/2020:13:50:38 +0800] "POST /course HTTP/1.0" 200 53069 "-" "GM1910(Android/10) (io.dcloud.HBuilder/9.8.8) Weex/0.26.0 1440x3120"
175.24.0.200 - - [07/Sep/2020:13:51:44 +0800] "POST /course HTTP/1.0" 200 53069 "-" "GM1910(Android/10) (io.dcloud.HBuilder/9.8.8) Weex/0.26.0 1440x3120"
175.24.0.200 - - [07/Sep/2020:13:57:44 +0800] "POST /course HTTP/1.0" 200 53069 "-" "GM1910(Android/10) (io.dcloud.HBuilder/9.8.8) Weex/0.26.0 1440x3120"
175.24.0.200 - - [07/Sep/2020:13:57:46 +0800] "POST /course HTTP/1.0" 200 53069 "-" "GM1910(Android/10) (io.dcloud.HBuilder/9.8.8) Weex/0.26.0 1440x3120"
116.162.2.168 - - [07/Sep/2020:13:58:01 +0800] "POST /consume/balance HTTP/1.1" 500 0 "-" "-"
116.162.2.168 - - [07/Sep/2020:13:58:03 +0800] "POST /consume/billing HTTP/1.1" 200 648 "-" "GM1910(Android/10) (io.dcloud.HBuilder/9.8.8) Weex/0.26.0 1440x3120"
116.162.2.168 - - [07/Sep/2020:13:58:21 +0800] "POST /consume/billing HTTP/1.1" 200 68 "-" "GM1910(Android/10) (io.dcloud.HBuilder/9.8.8) Weex/0.26.0 1440x3120"
175.24.0.200 - - [07/Sep/2020:14:09:48 +0800] "GET / HTTP/1.0" 200 11 "-" "Mozilla/5.0 (Windows NT 10.0; Win64; x64) AppleWebKit/537.36 (KHTML, like Gecko) Chrome/72.0.3626.119 Safari/537.36"
175.24.0.200 - - [07/Sep/2020:14:10:39 +0800] "GET / HTTP/1.0" 200 11 "-" "Mozilla/5.0 (Windows NT 10.0; Win64; x64) AppleWebKit/537.36 (KHTML, like Gecko) Chrome/72.0.3626.119 Safari/537.36"
116.162.2.168 - - [07/Sep/2020:15:50:10 +0800] "POST /countdown/exam HTTP/1.1" 200 976 "-" "GM1910(Android/10) (io.dcloud.HBuilder/9.8.8) Weex/0.26.0 1440x3120"
116.162.2.168 - - [07/Sep/2020:15:50:41 +0800] "POST /consume/balance HTTP/1.1" 200 165 "-" "GM1910(Android/10) (io.dcloud.HBuilder/9.8.8) Weex/0.26.0 1440x3120"
116.162.2.168 - - [07/Sep/2020:15:50:42 +0800] "POST /consume/billing HTTP/1.1" 200 648 "-" "GM1910(Android/10) (io.dcloud.HBuilder/9.8.8) Weex/0.26.0 1440x3120"
42.49.109.232 - - [07/Sep/2020:16:40:32 +0800] "POST /countdown/exam HTTP/1.1" 200 976 "http://localhost:8080/" "Mozilla/5.0 (iPhone; CPU iPhone OS 13_2_3 like Mac OS X) AppleWebKit/605.1.15 (KHTML, like Gecko) Version/13.0.3 Mobile/15E148 Safari/604.1"
42.49.109.232 - - [07/Sep/2020:16:40:35 +0800] "POST /countdown/exam HTTP/1.1" 200 976 "http://localhost:8080/" "Mozilla/5.0 (iPhone; CPU iPhone OS 13_2_3 like Mac OS X) AppleWebKit/605.1.15 (KHTML, like Gecko) Version/13.0.3 Mobile/15E148 Safari/604.1"
223.104.21.110 - - [07/Sep/2020:16:42:03 +0800] "POST /countdown/exam HTTP/1.1" 200 976 "-" "YAL-AL00(Android/10) (io.dcloud.HBuilder/9.8.8) Weex/0.26.0 1080x2232"
116.162.2.168 - - [07/Sep/2020:16:45:55 +0800] "POST /consume/billing HTTP/1.1" 500 0 "-" "-"
116.162.2.168 - - [07/Sep/2020:16:45:55 +0800] "POST /consume/balance HTTP/1.1" 200 165 "-" "GM1910(Android/10) (io.dcloud.HBuilder/9.8.8) Weex/0.26.0 1440x3120"
223.104.21.110 - - [07/Sep/2020:16:52:06 +0800] "POST /countdown/exam HTTP/1.1" 200 976 "-" "YAL-AL00(Android/10) (io.dcloud.HBuilder/9.8.8) Weex/0.26.0 1080x2232"
42.49.109.232 - - [07/Sep/2020:16:55:41 +0800] "POST /consume/balance HTTP/1.1" 200 165 "http://localhost:8080/" "Mozilla/5.0 (iPhone; CPU iPhone OS 13_2_3 like Mac OS X) AppleWebKit/605.1.15 (KHTML, like Gecko) Version/13.0.3 Mobile/15E148 Safari/604.1"
42.49.109.232 - - [07/Sep/2020:16:55:46 +0800] "POST /consume/billing HTTP/1.1" 200 648 "http://localhost:8080/" "Mozilla/5.0 (iPhone; CPU iPhone OS 13_2_3 like Mac OS X) AppleWebKit/605.1.15 (KHTML, like Gecko) Version/13.0.3 Mobile/15E148 Safari/604.1"
116.162.2.168 - - [07/Sep/2020:17:00:45 +0800] "POST /consume/balance HTTP/1.1" 200 165 "-" "GM1910(Android/10) (io.dcloud.HBuilder/9.8.8) Weex/0.26.0 1440x3120"
116.162.2.168 - - [07/Sep/2020:17:00:46 +0800] "POST /consume/billing HTTP/1.1" 200 648 "-" "GM1910(Android/10) (io.dcloud.HBuilder/9.8.8) Weex/0.26.0 1440x3120"
175.24.0.200 - - [07/Sep/2020:17:01:26 +0800] "POST /consume/balance HTTP/1.0" 200 79 "-" "GM1910(Android/10) (io.dcloud.HBuilder/9.8.8) Weex/0.26.0 1440x3120"
116.162.2.168 - - [07/Sep/2020:17:01:27 +0800] "POST /consume/balance HTTP/1.1" 200 165 "-" "GM1910(Android/10) (io.dcloud.HBuilder/9.8.8) Weex/0.26.0 1440x3120"
116.162.2.168 - - [07/Sep/2020:17:01:31 +0800] "POST /consume/billing HTTP/1.1" 200 648 "-" "GM1910(Android/10) (io.dcloud.HBuilder/9.8.8) Weex/0.26.0 1440x3120"
