116.162.2.168 - - [07/Sep/2020:17:04:59 +0800] "POST /consume/balance HTTP/1.1" 200 79 "-" "GM1910(Android/10) (io.dcloud.HBuilder/9.8.8) Weex/0.26.0 1440x3120"
116.162.2.168 - - [07/Sep/2020:17:05:05 +0800] "POST /consume/billing HTTP/1.1" 500 0 "-" "-"
116.162.2.168 - - [07/Sep/2020:17:05:05 +0800] "POST /consume/balance HTTP/1.1" 200 165 "-" "GM1910(Android/10) (io.dcloud.HBuilder/9.8.8) Weex/0.26.0 1440x3120"
116.162.2.168 - - [07/Sep/2020:17:05:57 +0800] "POST /consume/balance HTTP/1.1" 200 79 "-" "GM1910(Android/10) (io.dcloud.HBuilder/9.8.8) Weex/0.26.0 1440x3120"
116.162.2.168 - - [07/Sep/2020:17:05:57 +0800] "POST /consume/balance HTTP/1.1" 200 165 "-" "GM1910(Android/10) (io.dcloud.HBuilder/9.8.8) Weex/0.26.0 1440x3120"
116.162.2.168 - - [07/Sep/2020:17:05:58 +0800] "POST /consume/billing HTTP/1.1" 200 648 "-" "GM1910(Android/10) (io.dcloud.HBuilder/9.8.8) Weex/0.26.0 1440x3120"
116.162.2.168 - - [07/Sep/2020:17:06:44 +0800] "POST /consume/balance HTTP/1.1" 200 79 "-" "GM1910(Android/10) (io.dcloud.HBuilder/9.8.8) Weex/0.26.0 1440x3120"
116.162.2.168 - - [07/Sep/2020:17:06:47 +0800] "POST /consume/balance HTTP/1.1" 500 0 "-" "-"
116.162.2.168 - - [07/Sep/2020:17:06:47 +0800] "POST /consume/billing HTTP/1.1" 500 0 "-" "-"
116.162.2.168 - - [07/Sep/2020:17:06:50 +0800] "POST /consume/balance HTTP/1.1" 200 79 "-" "GM1910(Android/10) (io.dcloud.HBuilder/9.8.8) Weex/0.26.0 1440x3120"
116.162.2.168 - - [07/Sep/2020:17:06:58 +0800] "POST /consume/balance HTTP/1.1" 200 165 "-" "GM1910(Android/10) (io.dcloud.HBuilder/9.8.8) Weex/0.26.0 1440x3120"
116.162.2.168 - - [07/Sep/2020:17:07:09 +0800] "POST /consume/billing HTTP/1.1" 200 648 "-" "GM1910(Android/10) (io.dcloud.HBuilder/9.8.8) Weex/0.26.0 1440x3120"
116.162.2.168 - - [07/Sep/2020:17:07:09 +0800] "POST /consume/balance HTTP/1.1" 200 79 "-" "GM1910(Android/10) (io.dcloud.HBuilder/9.8.8) Weex/0.26.0 1440x3120"
116.162.2.168 - - [07/Sep/2020:17:07:16 +0800] "POST /consume/balance HTTP/1.1" 500 0 "-" "-"
116.162.2.168 - - [07/Sep/2020:17:07:16 +0800] "POST /consume/billing HTTP/1.1" 500 0 "-" "-"
116.162.2.168 - - [07/Sep/2020:17:10:42 +0800] "POST /countdown/exam HTTP/1.1" 200 976 "-" "GM1910(Android/10) (io.dcloud.HBuilder/9.8.8) Weex/0.26.0 1440x3120"
116.162.2.168 - - [07/Sep/2020:17:11:09 +0800] "POST /consume/balance HTTP/1.1" 200 79 "-" "GM1910(Android/10) (io.dcloud.HBuilder/9.8.8) Weex/0.26.0 1440x3120"
116.162.2.168 - - [07/Sep/2020:17:11:10 +0800] "POST /consume/billing HTTP/1.1" 500 0 "-" "-"
116.162.2.168 - - [07/Sep/2020:17:11:11 +0800] "POST /consume/balance HTTP/1.1" 200 165 "-" "GM1910(Android/10) (io.dcloud.HBuilder/9.8.8) Weex/0.26.0 1440x3120"
116.162.2.168 - - [07/Sep/2020:17:11:18 +0800] "POST /consume/balance HTTP/1.1" 200 79 "-" "GM1910(Android/10) (io.dcloud.HBuilder/9.8.8) Weex/0.26.0 1440x3120"
116.162.2.168 - - [07/Sep/2020:17:11:20 +0800] "POST /consume/billing HTTP/1.1" 500 0 "-" "-"
116.162.2.168 - - [07/Sep/2020:17:11:21 +0800] "POST /consume/balance HTTP/1.1" 200 165 "-" "GM1910(Android/10) (io.dcloud.HBuilder/9.8.8) Weex/0.26.0 1440x3120"
116.162.2.168 - - [07/Sep/2020:17:11:23 +0800] "POST /consume/balance HTTP/1.1" 200 79 "-" "GM1910(Android/10) (io.dcloud.HBuilder/9.8.8) Weex/0.26.0 1440x3120"
116.162.2.168 - - [07/Sep/2020:17:11:27 +0800] "POST /consume/balance HTTP/1.1" 200 165 "-" "GM1910(Android/10) (io.dcloud.HBuilder/9.8.8) Weex/0.26.0 1440x3120"
116.162.2.168 - - [07/Sep/2020:17:11:31 +0800] "POST /consume/billing HTTP/1.1" 200 648 "-" "GM1910(Android/10) (io.dcloud.HBuilder/9.8.8) Weex/0.26.0 1440x3120"
42.49.109.136 - - [07/Sep/2020:17:12:36 +0800] "POST /consume/balance HTTP/1.1" 200 165 "-" "python-requests/2.18.4"
175.24.0.200 - - [07/Sep/2020:17:14:02 +0800] "POST /consume/balance HTTP/1.0" 200 79 "-" "GM1910(Android/10) (io.dcloud.HBuilder/9.8.8) Weex/0.26.0 1440x3120"
116.162.2.168 - - [07/Sep/2020:17:14:02 +0800] "POST /consume/balance HTTP/1.1" 500 0 "-" "-"
116.162.2.168 - - [07/Sep/2020:17:14:13 +0800] "POST /consume/billing HTTP/1.1" 200 648 "-" "GM1910(Android/10) (io.dcloud.HBuilder/9.8.8) Weex/0.26.0 1440x3120"
175.24.0.200 - - [07/Sep/2020:17:14:14 +0800] "POST /consume/balance HTTP/1.0" 200 79 "-" "GM1910(Android/10) (io.dcloud.HBuilder/9.8.8) Weex/0.26.0 1440x3120"
116.162.2.168 - - [07/Sep/2020:17:14:17 +0800] "POST /consume/balance HTTP/1.1" 500 0 "-" "-"
116.162.2.168 - - [07/Sep/2020:17:14:17 +0800] "POST /consume/billing HTTP/1.1" 500 0 "-" "-"
175.24.0.200 - - [07/Sep/2020:17:16:34 +0800] "POST /consume/balance HTTP/1.0" 200 79 "-" "GM1910(Android/10) (io.dcloud.HBuilder/9.8.8) Weex/0.26.0 1440x3120"
116.162.2.168 - - [07/Sep/2020:17:16:35 +0800] "POST /consume/balance HTTP/1.1" 500 0 "-" "-"
116.162.2.168 - - [07/Sep/2020:17:16:40 +0800] "POST /consume/billing HTTP/1.1" 200 648 "-" "GM1910(Android/10) (io.dcloud.HBuilder/9.8.8) Weex/0.26.0 1440x3120"
175.24.0.200 - - [07/Sep/2020:17:18:16 +0800] "POST /consume/balance HTTP/1.0" 200 79 "-" "GM1910(Android/10) (io.dcloud.HBuilder/9.8.8) Weex/0.26.0 1440x3120"
116.162.2.168 - - [07/Sep/2020:17:18:18 +0800] "POST /consume/balance HTTP/1.1" 500 0 "-" "-"
116.162.2.168 - - [07/Sep/2020:17:18:19 +0800] "POST /consume/billing HTTP/1.1" 200 648 "-" "GM1910(Android/10) (io.dcloud.HBuilder/9.8.8) Weex/0.26.0 1440x3120"
175.24.0.200 - - [07/Sep/2020:17:18:36 +0800] "POST /consume/balance HTTP/1.0" 200 79 "-" "GM1910(Android/10) (io.dcloud.HBuilder/9.8.8) Weex/0.26.0 1440x3120"
116.162.2.168 - - [07/Sep/2020:17:18:42 +0800] "POST /consume/billing HTTP/1.1" 500 0 "-" "-"
116.162.2.168 - - [07/Sep/2020:17:18:43 +0800] "POST /consume/balance HTTP/1.1" 500 0 "-" "-"
116.162.2.168 - - [07/Sep/2020:17:21:07 +0800] "POST /consume/billing HTTP/1.1" 500 0 "-" "-"
116.162.2.168 - - [07/Sep/2020:17:21:11 +0800] "POST /consume/billing HTTP/1.1" 500 0 "-" "-"
116.162.2.168 - - [07/Sep/2020:17:21:26 +0800] "POST /consume/balance HTTP/1.1" 200 165 "-" "GM1910(Android/10) (io.dcloud.HBuilder/9.8.8) Weex/0.26.0 1440x3120"
175.24.0.200 - - [07/Sep/2020:17:21:26 +0800] "POST /consume/balance HTTP/1.0" 200 79 "-" "GM1910(Android/10) (io.dcloud.HBuilder/9.8.8) Weex/0.26.0 1440x3120"
116.162.2.168 - - [07/Sep/2020:17:21:33 +0800] "POST /consume/billing HTTP/1.1" 200 68 "-" "GM1910(Android/10) (io.dcloud.HBuilder/9.8.8) Weex/0.26.0 1440x3120"
116.162.2.168 - - [07/Sep/2020:17:21:33 +0800] "POST /consume/billing HTTP/1.1" 500 0 "-" "-"
116.162.2.168 - - [07/Sep/2020:17:21:55 +0800] "POST /consume/balance HTTP/1.1" 200 165 "-" "GM1910(Android/10) (io.dcloud.HBuilder/9.8.8) Weex/0.26.0 1440x3120"
116.162.2.168 - - [07/Sep/2020:17:22:02 +0800] "POST /consume/billing HTTP/1.1" 500 0 "-" "-"
116.162.2.168 - - [07/Sep/2020:17:22:16 +0800] "POST /consume/balance HTTP/1.1" 500 0 "-" "-"
116.162.2.168 - - [07/Sep/2020:17:22:16 +0800] "POST /consume/billing HTTP/1.1" 200 648 "-" "GM1910(Android/10) (io.dcloud.HBuilder/9.8.8) Weex/0.26.0 1440x3120"
116.162.2.168 - - [07/Sep/2020:17:22:20 +0800] "POST /consume/balance HTTP/1.1" 500 0 "-" "-"
116.162.2.168 - - [07/Sep/2020:17:22:31 +0800] "POST /consume/billing HTTP/1.1" 200 648 "-" "GM1910(Android/10) (io.dcloud.HBuilder/9.8.8) Weex/0.26.0 1440x3120"
223.104.21.110 - - [07/Sep/2020:17:22:44 +0800] "POST /countdown/exam HTTP/1.1" 200 976 "-" "YAL-AL00(Android/10) (io.dcloud.HBuilder/9.8.8) Weex/0.26.0 1080x2232"
116.162.2.168 - - [07/Sep/2020:17:23:02 +0800] "POST /consume/billing HTTP/1.1" 500 0 "-" "-"
116.162.2.168 - - [07/Sep/2020:17:23:02 +0800] "POST /consume/balance HTTP/1.1" 500 0 "-" "-"
116.162.2.168 - - [07/Sep/2020:17:23:10 +0800] "POST /consume/balance HTTP/1.1" 500 0 "-" "-"
116.162.2.168 - - [07/Sep/2020:17:23:10 +0800] "POST /consume/billing HTTP/1.1" 500 0 "-" "-"
116.162.2.168 - - [07/Sep/2020:17:23:15 +0800] "POST /consume/balance HTTP/1.1" 500 0 "-" "-"
116.162.2.168 - - [07/Sep/2020:17:23:19 +0800] "POST /consume/billing HTTP/1.1" 200 648 "-" "GM1910(Android/10) (io.dcloud.HBuilder/9.8.8) Weex/0.26.0 1440x3120"
116.162.2.168 - - [07/Sep/2020:17:23:48 +0800] "POST /consume/billing HTTP/1.1" 500 0 "-" "-"
116.162.2.168 - - [07/Sep/2020:17:23:48 +0800] "POST /consume/balance HTTP/1.1" 500 0 "-" "-"
116.162.2.168 - - [07/Sep/2020:17:24:03 +0800] "POST /consume/billing HTTP/1.1" 500 0 "-" "-"
116.162.2.168 - - [07/Sep/2020:17:24:13 +0800] "POST /consume/billing HTTP/1.1" 200 68 "-" "GM1910(Android/10) (io.dcloud.HBuilder/9.8.8) Weex/0.26.0 1440x3120"
116.162.2.168 - - [07/Sep/2020:17:24:20 +0800] "POST /consume/billing HTTP/1.1" 500 0 "-" "-"
116.162.2.168 - - [07/Sep/2020:17:25:57 +0800] "POST /consume/balance HTTP/1.1" 200 165 "-" "GM1910(Android/10) (io.dcloud.HBuilder/9.8.8) Weex/0.26.0 1440x3120"
116.162.2.168 - - [07/Sep/2020:17:25:57 +0800] "POST /consume/billing HTTP/1.1" 500 0 "-" "-"
116.162.2.168 - - [07/Sep/2020:17:26:44 +0800] "POST /consume/balance HTTP/1.1" 200 165 "-" "GM1910(Android/10) (io.dcloud.HBuilder/9.8.8) Weex/0.26.0 1440x3120"
223.104.21.110 - - [07/Sep/2020:17:26:49 +0800] "POST /countdown/exam HTTP/1.1" 200 976 "-" "YAL-AL00(Android/10) (io.dcloud.HBuilder/9.8.8) Weex/0.26.0 1080x2232"
116.162.2.168 - - [07/Sep/2020:17:27:36 +0800] "POST /consume/billing HTTP/1.1" 200 648 "-" "GM1910(Android/10) (io.dcloud.HBuilder/9.8.8) Weex/0.26.0 1440x3120"
183.136.225.56 - - [07/Sep/2020:17:27:44 +0800] "GET / HTTP/1.1" 200 11 "-" "Mozilla/5.0 (Macintosh; Intel Mac OS X 10.11; rv:47.0) Gecko/20100101 Firefox/47.0"
223.104.21.110 - - [07/Sep/2020:17:27:53 +0800] "POST /countdown/exam HTTP/1.1" 200 976 "-" "YAL-AL00(Android/10) (io.dcloud.HBuilder/9.8.8) Weex/0.26.0 1080x2232"
116.162.2.168 - - [07/Sep/2020:17:29:10 +0800] "POST /consume/balance HTTP/1.1" 200 165 "-" "GM1910(Android/10) (io.dcloud.HBuilder/9.8.8) Weex/0.26.0 1440x3120"
116.162.2.168 - - [07/Sep/2020:17:29:25 +0800] "POST /consume/billing HTTP/1.1" 200 66 "-" "GM1910(Android/10) (io.dcloud.HBuilder/9.8.8) Weex/0.26.0 1440x3120"
42.49.109.136 - - [07/Sep/2020:17:29:25 +0800] "POST /consume/balance HTTP/1.1" 200 165 "-" "python-requests/2.18.4"
223.104.21.110 - - [07/Sep/2020:17:29:29 +0800] "POST /countdown/exam HTTP/1.1" 200 976 "-" "YAL-AL00(Android/10) (io.dcloud.HBuilder/9.8.8) Weex/0.26.0 1080x2232"
116.162.2.168 - - [07/Sep/2020:17:30:47 +0800] "POST /consume/billing HTTP/1.1" 200 648 "-" "GM1910(Android/10) (io.dcloud.HBuilder/9.8.8) Weex/0.26.0 1440x3120"
116.162.2.168 - - [07/Sep/2020:17:30:58 +0800] "POST /consume/balance HTTP/1.1" 200 165 "-" "GM1910(Android/10) (io.dcloud.HBuilder/9.8.8) Weex/0.26.0 1440x3120"
116.162.2.168 - - [07/Sep/2020:17:34:37 +0800] "POST /countdown/exam HTTP/1.1" 200 976 "-" "GM1910(Android/10) (io.dcloud.HBuilder/9.8.8) Weex/0.26.0 1440x3120"
116.162.2.168 - - [07/Sep/2020:17:35:15 +0800] "POST /consume/billing HTTP/1.1" 200 648 "-" "GM1910(Android/10) (io.dcloud.HBuilder/9.8.8) Weex/0.26.0 1440x3120"
175.24.0.200 - - [07/Sep/2020:17:36:50 +0800] "POST /course HTTP/1.0" 200 53069 "-" "GM1910(Android/10) (io.dcloud.HBuilder/9.8.8) Weex/0.26.0 1440x3120"
223.104.21.110 - - [07/Sep/2020:17:37:01 +0800] "POST /countdown/exam HTTP/1.1" 200 976 "-" "YAL-AL00(Android/10) (io.dcloud.HBuilder/9.8.8) Weex/0.26.0 1080x2232"
116.162.2.168 - - [07/Sep/2020:17:37:54 +0800] "POST /consume/billing HTTP/1.1" 200 648 "-" "GM1910(Android/10) (io.dcloud.HBuilder/9.8.8) Weex/0.26.0 1440x3120"
223.104.21.110 - - [07/Sep/2020:17:38:06 +0800] "POST /countdown/exam HTTP/1.1" 200 976 "-" "YAL-AL00(Android/10) (io.dcloud.HBuilder/9.8.8) Weex/0.26.0 1080x2232"
223.104.21.110 - - [07/Sep/2020:17:38:20 +0800] "POST /countdown/exam HTTP/1.1" 200 976 "-" "YAL-AL00(Android/10) (io.dcloud.HBuilder/9.8.8) Weex/0.26.0 1080x2232"
223.104.21.110 - - [07/Sep/2020:17:40:31 +0800] "POST /countdown/exam HTTP/1.1" 200 976 "-" "YAL-AL00(Android/10) (io.dcloud.HBuilder/9.8.8) Weex/0.26.0 1080x2232"
175.24.0.200 - - [07/Sep/2020:17:41:17 +0800] "POST /course HTTP/1.0" 200 53069 "-" "GM1910(Android/10) (io.dcloud.HBuilder/9.8.8) Weex/0.26.0 1440x3120"
223.104.21.110 - - [07/Sep/2020:17:41:21 +0800] "POST /countdown/exam HTTP/1.1" 200 976 "-" "YAL-AL00(Android/10) (io.dcloud.HBuilder/9.8.8) Weex/0.26.0 1080x2232"
116.162.2.168 - - [07/Sep/2020:17:42:10 +0800] "POST /consume/balance HTTP/1.1" 200 165 "-" "GM1910(Android/10) (io.dcloud.HBuilder/9.8.8) Weex/0.26.0 1440x3120"
223.104.21.110 - - [07/Sep/2020:17:42:52 +0800] "POST /countdown/exam HTTP/1.1" 200 976 "-" "YAL-AL00(Android/10) (io.dcloud.HBuilder/9.8.8) Weex/0.26.0 1080x2232"
116.162.2.168 - - [07/Sep/2020:17:43:02 +0800] "POST /consume/balance HTTP/1.1" 200 165 "-" "GM1910(Android/10) (io.dcloud.HBuilder/9.8.8) Weex/0.26.0 1440x3120"
116.162.2.168 - - [07/Sep/2020:17:43:13 +0800] "POST /consume/billing HTTP/1.1" 200 648 "-" "GM1910(Android/10) (io.dcloud.HBuilder/9.8.8) Weex/0.26.0 1440x3120"
223.104.21.110 - - [07/Sep/2020:17:48:06 +0800] "POST /countdown/exam HTTP/1.1" 200 976 "-" "YAL-AL00(Android/10) (io.dcloud.HBuilder/9.8.8) Weex/0.26.0 1080x2232"
223.104.21.110 - - [07/Sep/2020:17:48:32 +0800] "POST /countdown/exam HTTP/1.1" 200 976 "-" "YAL-AL00(Android/10) (io.dcloud.HBuilder/9.8.8) Weex/0.26.0 1080x2232"
223.104.21.110 - - [07/Sep/2020:17:53:40 +0800] "POST /countdown/exam HTTP/1.1" 200 976 "-" "YAL-AL00(Android/10) (io.dcloud.HBuilder/9.8.8) Weex/0.26.0 1080x2232"
223.104.21.110 - - [07/Sep/2020:17:54:48 +0800] "POST /countdown/exam HTTP/1.1" 200 976 "-" "YAL-AL00(Android/10) (io.dcloud.HBuilder/9.8.8) Weex/0.26.0 1080x2232"
223.104.21.110 - - [07/Sep/2020:18:02:04 +0800] "POST /countdown/exam HTTP/1.1" 200 976 "-" "YAL-AL00(Android/10) (io.dcloud.HBuilder/9.8.8) Weex/0.26.0 1080x2232"
223.104.21.110 - - [07/Sep/2020:18:09:02 +0800] "POST /countdown/exam HTTP/1.1" 200 976 "-" "YAL-AL00(Android/10) (io.dcloud.HBuilder/9.8.8) Weex/0.26.0 1080x2232"
223.104.21.110 - - [07/Sep/2020:18:10:08 +0800] "POST /countdown/exam HTTP/1.1" 200 976 "-" "YAL-AL00(Android/10) (io.dcloud.HBuilder/9.8.8) Weex/0.26.0 1080x2232"
223.104.21.110 - - [07/Sep/2020:18:12:01 +0800] "POST /countdown/exam HTTP/1.1" 200 976 "-" "YAL-AL00(Android/10) (io.dcloud.HBuilder/9.8.8) Weex/0.26.0 1080x2232"
223.104.21.110 - - [07/Sep/2020:18:12:35 +0800] "POST /countdown/exam HTTP/1.1" 200 976 "-" "YAL-AL00(Android/10) (io.dcloud.HBuilder/9.8.8) Weex/0.26.0 1080x2232"
223.104.21.110 - - [07/Sep/2020:18:13:14 +0800] "POST /countdown/exam HTTP/1.1" 200 976 "-" "YAL-AL00(Android/10) (io.dcloud.HBuilder/9.8.8) Weex/0.26.0 1080x2232"
42.49.109.232 - - [07/Sep/2020:18:13:21 +0800] "POST /consume/balance HTTP/1.1" 200 165 "http://localhost:8080/" "Mozilla/5.0 (iPhone; CPU iPhone OS 13_2_3 like Mac OS X) AppleWebKit/605.1.15 (KHTML, like Gecko) Version/13.0.3 Mobile/15E148 Safari/604.1"
106.19.18.207 - - [07/Sep/2020:18:15:52 +0800] "POST /consume/balance HTTP/1.1" 200 165 "-" "ELE-AL00(Android/10) (uni.UNIA5A6D03/1.0.0) Weex/0.26.0 1080x2265"
223.104.21.110 - - [07/Sep/2020:18:16:19 +0800] "POST /countdown/exam HTTP/1.1" 200 976 "-" "YAL-AL00(Android/10) (io.dcloud.HBuilder/9.8.8) Weex/0.26.0 1080x2232"
223.104.21.110 - - [07/Sep/2020:18:17:46 +0800] "POST /countdown/exam HTTP/1.1" 200 976 "-" "YAL-AL00(Android/10) (io.dcloud.HBuilder/9.8.8) Weex/0.26.0 1080x2232"
223.104.21.110 - - [07/Sep/2020:18:18:34 +0800] "POST /countdown/exam HTTP/1.1" 200 976 "-" "YAL-AL00(Android/10) (io.dcloud.HBuilder/9.8.8) Weex/0.26.0 1080x2232"
223.104.21.110 - - [07/Sep/2020:18:22:29 +0800] "POST /countdown/exam HTTP/1.1" 200 976 "-" "YAL-AL00(Android/10) (io.dcloud.HBuilder/9.8.8) Weex/0.26.0 1080x2232"
223.104.21.110 - - [07/Sep/2020:18:22:52 +0800] "POST /countdown/exam HTTP/1.1" 200 976 "-" "YAL-AL00(Android/10) (io.dcloud.HBuilder/9.8.8) Weex/0.26.0 1080x2232"
223.104.21.110 - - [07/Sep/2020:18:24:12 +0800] "POST /countdown/exam HTTP/1.1" 200 976 "-" "YAL-AL00(Android/10) (io.dcloud.HBuilder/9.8.8) Weex/0.26.0 1080x2232"
112.97.215.64 - - [07/Sep/2020:18:31:04 +0800] "POST /countdown/exam HTTP/1.1" 200 976 "-" "16s(Android/9) (uni.UNIA5A6D03/1.0.0) Weex/0.26.0 1080x2232"
175.24.0.200 - - [07/Sep/2020:18:31:33 +0800] "POST /course HTTP/1.0" 200 41205 "-" "16s(Android/9) (uni.UNIA5A6D03/1.0.0) Weex/0.26.0 1080x2232"
112.97.215.64 - - [07/Sep/2020:18:31:37 +0800] "POST /score/grade HTTP/1.1" 200 3433 "-" "16s(Android/9) (uni.UNIA5A6D03/1.0.0) Weex/0.26.0 1080x2232"
175.24.0.200 - - [07/Sep/2020:18:43:12 +0800] "POST /course HTTP/1.0" 200 41205 "-" "16s(Android/9) (uni.UNIA5A6D03/1.0.0) Weex/0.26.0 1080x2232"
175.24.0.200 - - [07/Sep/2020:18:43:15 +0800] "POST /course HTTP/1.0" 200 41205 "-" "16s(Android/9) (uni.UNIA5A6D03/1.0.0) Weex/0.26.0 1080x2232"
112.97.215.64 - - [07/Sep/2020:18:43:23 +0800] "POST /countdown/exam HTTP/1.1" 200 976 "-" "16s(Android/9) (uni.UNIA5A6D03/1.0.0) Weex/0.26.0 1080x2232"
112.97.215.64 - - [07/Sep/2020:18:59:47 +0800] "POST /score/grade HTTP/1.1" 200 3433 "-" "16s(Android/9) (uni.UNIA5A6D03/1.0.0) Weex/0.26.0 1080x2232"
175.24.0.200 - - [07/Sep/2020:19:11:46 +0800] "GET / HTTP/1.0" 200 11 "-" "Mozilla/5.0 (Windows NT 10.0; Win64; x64) AppleWebKit/537.36 (KHTML, like Gecko) Chrome/72.0.3626.119 Safari/537.36"
106.19.18.207 - - [07/Sep/2020:19:12:26 +0800] "POST /consume/balance HTTP/1.1" 200 165 "-" "ELE-AL00(Android/10) (uni.UNIA5A6D03/1.0.0) Weex/0.26.0 1080x2265"
106.19.18.207 - - [07/Sep/2020:19:12:38 +0800] "POST /countdown/exam HTTP/1.1" 200 976 "-" "ELE-AL00(Android/10) (uni.UNIA5A6D03/1.0.0) Weex/0.26.0 1080x2265"
106.19.18.207 - - [07/Sep/2020:19:12:41 +0800] "POST /consume/billing HTTP/1.1" 200 648 "-" "ELE-AL00(Android/10) (uni.UNIA5A6D03/1.0.0) Weex/0.26.0 1080x2265"
175.24.0.200 - - [07/Sep/2020:19:12:43 +0800] "GET / HTTP/1.0" 200 11 "-" "Mozilla/5.0 (Windows NT 10.0; Win64; x64) AppleWebKit/537.36 (KHTML, like Gecko) Chrome/72.0.3626.119 Safari/537.36"
175.24.0.200 - - [07/Sep/2020:19:48:31 +0800] "POST /course HTTP/1.0" 200 53069 "https://servicewechat.com/touristappid/devtools/page-frame.html" "Mozilla/5.0 (iPhone; CPU iPhone OS 11_0 like Mac OS X) AppleWebKit/604.1.38 (KHTML, like Gecko) Version/11.0 Mobile/15A372 Safari/604.1 wechatdevtools/1.03.2006090 MicroMessenger/7.0.4 Language/zh_CN webview/"
175.24.0.200 - - [07/Sep/2020:20:22:13 +0800] "OPTIONS /course/association/201905190416 HTTP/1.0" 404 232 "http://localhost:8080/" "Mozilla/5.0 (Windows NT 10.0; Win64; x64) AppleWebKit/537.36 (KHTML, like Gecko) Chrome/83.0.4103.61 Safari/537.36"
175.24.0.200 - - [07/Sep/2020:20:22:16 +0800] "OPTIONS /course/association/201905190416 HTTP/1.0" 404 232 "http://localhost:8080/" "Mozilla/5.0 (Windows NT 10.0; Win64; x64) AppleWebKit/537.36 (KHTML, like Gecko) Chrome/83.0.4103.61 Safari/537.36"
175.24.0.200 - - [07/Sep/2020:20:25:37 +0800] "OPTIONS /course/association/201905190416 HTTP/1.0" 404 232 "http://localhost:8080/" "Mozilla/5.0 (Windows NT 10.0; Win64; x64) AppleWebKit/537.36 (KHTML, like Gecko) Chrome/83.0.4103.61 Safari/537.36"
175.24.0.200 - - [07/Sep/2020:20:25:38 +0800] "OPTIONS /course/association/201905190416 HTTP/1.0" 404 232 "http://localhost:8080/" "Mozilla/5.0 (Windows NT 10.0; Win64; x64) AppleWebKit/537.36 (KHTML, like Gecko) Chrome/83.0.4103.61 Safari/537.36"
175.24.0.200 - - [07/Sep/2020:20:26:44 +0800] "OPTIONS /course/association/201905190416 HTTP/1.0" 404 232 "http://localhost:8080/" "Mozilla/5.0 (Windows NT 10.0; Win64; x64) AppleWebKit/537.36 (KHTML, like Gecko) Chrome/83.0.4103.61 Safari/537.36"
175.24.0.200 - - [07/Sep/2020:20:26:59 +0800] "OPTIONS /course/association/201905190416 HTTP/1.0" 404 232 "http://localhost:8080/" "Mozilla/5.0 (Windows NT 10.0; Win64; x64) AppleWebKit/537.36 (KHTML, like Gecko) Chrome/83.0.4103.61 Safari/537.36"
175.24.0.200 - - [07/Sep/2020:20:27:03 +0800] "GET /course/association/201905190416 HTTP/1.0" 404 232 "https://servicewechat.com/touristappid/devtools/page-frame.html" "Mozilla/5.0 (iPhone; CPU iPhone OS 11_0 like Mac OS X) AppleWebKit/604.1.38 (KHTML, like Gecko) Version/11.0 Mobile/15A372 Safari/604.1 wechatdevtools/1.03.2006090 MicroMessenger/7.0.4 Language/zh_CN webview/"
175.24.0.200 - - [07/Sep/2020:20:29:53 +0800] "GET /course/association/201905190416 HTTP/1.0" 404 232 "https://servicewechat.com/touristappid/devtools/page-frame.html" "Mozilla/5.0 (iPhone; CPU iPhone OS 11_0 like Mac OS X) AppleWebKit/604.1.38 (KHTML, like Gecko) Version/11.0 Mobile/15A372 Safari/604.1 wechatdevtools/1.03.2006090 MicroMessenger/7.0.4 Language/zh_CN webview/"
175.24.0.200 - - [07/Sep/2020:20:30:38 +0800] "GET /course/association/201905190416 HTTP/1.0" 404 232 "https://servicewechat.com/touristappid/devtools/page-frame.html" "Mozilla/5.0 (iPhone; CPU iPhone OS 11_0 like Mac OS X) AppleWebKit/604.1.38 (KHTML, like Gecko) Version/11.0 Mobile/15A372 Safari/604.1 wechatdevtools/1.03.2006090 MicroMessenger/7.0.4 Language/zh_CN webview/"
175.24.0.200 - - [07/Sep/2020:20:35:01 +0800] "OPTIONS /course/association/201905190416 HTTP/1.0" 404 232 "http://localhost:8080/" "Mozilla/5.0 (Windows NT 10.0; Win64; x64) AppleWebKit/537.36 (KHTML, like Gecko) Chrome/83.0.4103.61 Safari/537.36"
175.24.0.200 - - [07/Sep/2020:20:35:04 +0800] "OPTIONS /course/association/201905190416 HTTP/1.0" 404 232 "http://localhost:8080/" "Mozilla/5.0 (Windows NT 10.0; Win64; x64) AppleWebKit/537.36 (KHTML, like Gecko) Chrome/83.0.4103.61 Safari/537.36"
175.24.0.200 - - [07/Sep/2020:20:39:02 +0800] "OPTIONS /course/association/201905190416 HTTP/1.0" 404 232 "http://localhost:8080/" "Mozilla/5.0 (Windows NT 10.0; Win64; x64) AppleWebKit/537.36 (KHTML, like Gecko) Chrome/83.0.4103.61 Safari/537.36"
175.24.0.200 - - [07/Sep/2020:20:39:02 +0800] "OPTIONS /course/association/201905190416 HTTP/1.0" 404 232 "http://localhost:8080/" "Mozilla/5.0 (Windows NT 10.0; Win64; x64) AppleWebKit/537.36 (KHTML, like Gecko) Chrome/83.0.4103.61 Safari/537.36"
175.24.0.200 - - [07/Sep/2020:20:39:06 +0800] "OPTIONS /course/association/201905190416 HTTP/1.0" 404 232 "http://localhost:8080/" "Mozilla/5.0 (Windows NT 10.0; Win64; x64) AppleWebKit/537.36 (KHTML, like Gecko) Chrome/83.0.4103.61 Safari/537.36"
175.24.0.200 - - [07/Sep/2020:20:40:24 +0800] "OPTIONS /course/association/201905190416 HTTP/1.0" 404 232 "http://localhost:8080/" "Mozilla/5.0 (Windows NT 10.0; Win64; x64) AppleWebKit/537.36 (KHTML, like Gecko) Chrome/83.0.4103.61 Safari/537.36"
175.24.0.200 - - [07/Sep/2020:20:40:24 +0800] "OPTIONS /course/association/201905190416 HTTP/1.0" 404 232 "http://localhost:8080/" "Mozilla/5.0 (Windows NT 10.0; Win64; x64) AppleWebKit/537.36 (KHTML, like Gecko) Chrome/83.0.4103.61 Safari/537.36"
175.24.0.200 - - [07/Sep/2020:20:41:17 +0800] "OPTIONS /course/association/201905190416 HTTP/1.0" 404 232 "http://localhost:8080/" "Mozilla/5.0 (Windows NT 10.0; Win64; x64) AppleWebKit/537.36 (KHTML, like Gecko) Chrome/83.0.4103.61 Safari/537.36"
175.24.0.200 - - [07/Sep/2020:20:41:17 +0800] "OPTIONS /course/association/201905190416 HTTP/1.0" 404 232 "http://localhost:8080/" "Mozilla/5.0 (Windows NT 10.0; Win64; x64) AppleWebKit/537.36 (KHTML, like Gecko) Chrome/83.0.4103.61 Safari/537.36"
175.24.0.200 - - [07/Sep/2020:20:42:03 +0800] "OPTIONS /course/association/201905190416 HTTP/1.0" 404 232 "http://localhost:8080/" "Mozilla/5.0 (Windows NT 10.0; Win64; x64) AppleWebKit/537.36 (KHTML, like Gecko) Chrome/83.0.4103.61 Safari/537.36"
175.24.0.200 - - [07/Sep/2020:20:42:03 +0800] "OPTIONS /course/association/201905190416 HTTP/1.0" 404 232 "http://localhost:8080/" "Mozilla/5.0 (Windows NT 10.0; Win64; x64) AppleWebKit/537.36 (KHTML, like Gecko) Chrome/83.0.4103.61 Safari/537.36"
175.24.0.200 - - [07/Sep/2020:20:43:11 +0800] "OPTIONS /course/association/201905190416 HTTP/1.0" 404 232 "http://localhost:8080/" "Mozilla/5.0 (Windows NT 10.0; Win64; x64) AppleWebKit/537.36 (KHTML, like Gecko) Chrome/83.0.4103.61 Safari/537.36"
175.24.0.200 - - [07/Sep/2020:20:43:11 +0800] "OPTIONS /course/association/201905190416 HTTP/1.0" 404 232 "http://localhost:8080/" "Mozilla/5.0 (Windows NT 10.0; Win64; x64) AppleWebKit/537.36 (KHTML, like Gecko) Chrome/83.0.4103.61 Safari/537.36"
175.24.0.200 - - [07/Sep/2020:20:43:18 +0800] "OPTIONS /course/association/201905190416 HTTP/1.0" 404 232 "http://localhost:8080/" "Mozilla/5.0 (Windows NT 10.0; Win64; x64) AppleWebKit/537.36 (KHTML, like Gecko) Chrome/83.0.4103.61 Safari/537.36"
175.24.0.200 - - [07/Sep/2020:20:43:18 +0800] "OPTIONS /course/association/201905190416 HTTP/1.0" 404 232 "http://localhost:8080/" "Mozilla/5.0 (Windows NT 10.0; Win64; x64) AppleWebKit/537.36 (KHTML, like Gecko) Chrome/83.0.4103.61 Safari/537.36"
175.24.0.200 - - [07/Sep/2020:20:43:20 +0800] "OPTIONS /course/association/201905190416 HTTP/1.0" 404 232 "http://localhost:8080/" "Mozilla/5.0 (Windows NT 10.0; Win64; x64) AppleWebKit/537.36 (KHTML, like Gecko) Chrome/83.0.4103.61 Safari/537.36"
175.24.0.200 - - [07/Sep/2020:20:43:32 +0800] "OPTIONS /course/association/201905190416 HTTP/1.0" 404 232 "http://localhost:8080/" "Mozilla/5.0 (Windows NT 10.0; Win64; x64) AppleWebKit/537.36 (KHTML, like Gecko) Chrome/83.0.4103.61 Safari/537.36"
175.24.0.200 - - [07/Sep/2020:20:44:00 +0800] "OPTIONS /course/association/201905190416 HTTP/1.0" 404 232 "http://localhost:8080/" "Mozilla/5.0 (Windows NT 10.0; Win64; x64) AppleWebKit/537.36 (KHTML, like Gecko) Chrome/83.0.4103.61 Safari/537.36"
175.24.0.200 - - [07/Sep/2020:20:44:03 +0800] "OPTIONS /course/association/201905190416 HTTP/1.0" 404 232 "http://localhost:8080/" "Mozilla/5.0 (Windows NT 10.0; Win64; x64) AppleWebKit/537.36 (KHTML, like Gecko) Chrome/83.0.4103.61 Safari/537.36"
175.24.0.200 - - [07/Sep/2020:20:46:42 +0800] "OPTIONS /course/association/201905190416 HTTP/1.0" 404 232 "http://localhost:8080/" "Mozilla/5.0 (Windows NT 10.0; Win64; x64) AppleWebKit/537.36 (KHTML, like Gecko) Chrome/83.0.4103.61 Safari/537.36"
175.24.0.200 - - [07/Sep/2020:20:46:42 +0800] "OPTIONS /course/association/201905190416 HTTP/1.0" 404 232 "http://localhost:8080/" "Mozilla/5.0 (Windows NT 10.0; Win64; x64) AppleWebKit/537.36 (KHTML, like Gecko) Chrome/83.0.4103.61 Safari/537.36"
175.24.0.200 - - [07/Sep/2020:20:46:48 +0800] "OPTIONS /course/association/201905190416 HTTP/1.0" 404 232 "http://localhost:8080/" "Mozilla/5.0 (Windows NT 10.0; Win64; x64) AppleWebKit/537.36 (KHTML, like Gecko) Chrome/83.0.4103.61 Safari/537.36"
175.24.0.200 - - [07/Sep/2020:20:46:48 +0800] "OPTIONS /course/association/201905190416 HTTP/1.0" 404 232 "http://localhost:8080/" "Mozilla/5.0 (Windows NT 10.0; Win64; x64) AppleWebKit/537.36 (KHTML, like Gecko) Chrome/83.0.4103.61 Safari/537.36"
175.24.0.200 - - [07/Sep/2020:20:46:55 +0800] "OPTIONS /course/association/201905190416 HTTP/1.0" 404 232 "http://localhost:8080/" "Mozilla/5.0 (Windows NT 10.0; Win64; x64) AppleWebKit/537.36 (KHTML, like Gecko) Chrome/83.0.4103.61 Safari/537.36"
175.24.0.200 - - [07/Sep/2020:20:46:55 +0800] "OPTIONS /course/association/201905190416 HTTP/1.0" 404 232 "http://localhost:8080/" "Mozilla/5.0 (Windows NT 10.0; Win64; x64) AppleWebKit/537.36 (KHTML, like Gecko) Chrome/83.0.4103.61 Safari/537.36"
175.24.0.200 - - [07/Sep/2020:20:46:58 +0800] "OPTIONS /course/association/201905190416 HTTP/1.0" 404 232 "http://localhost:8080/" "Mozilla/5.0 (Windows NT 10.0; Win64; x64) AppleWebKit/537.36 (KHTML, like Gecko) Chrome/83.0.4103.61 Safari/537.36"
43.250.201.91 - - [07/Sep/2020:20:47:03 +0800] "POST /consume/billing HTTP/1.1" 500 0 "-" "-"
43.250.201.91 - - [07/Sep/2020:20:47:03 +0800] "POST /consume/balance HTTP/1.1" 200 165 "-" "GM1910(Android/10) (io.dcloud.HBuilder/9.8.8) Weex/0.26.0 1440x3120"
43.250.201.91 - - [07/Sep/2020:20:47:12 +0800] "POST /consume/balance HTTP/1.1" 200 165 "-" "GM1910(Android/10) (io.dcloud.HBuilder/9.8.8) Weex/0.26.0 1440x3120"
43.250.201.91 - - [07/Sep/2020:20:47:17 +0800] "POST /consume/billing HTTP/1.1" 200 648 "-" "GM1910(Android/10) (io.dcloud.HBuilder/9.8.8) Weex/0.26.0 1440x3120"
43.250.201.91 - - [07/Sep/2020:20:47:23 +0800] "POST /countdown/exam HTTP/1.1" 200 976 "-" "GM1910(Android/10) (io.dcloud.HBuilder/9.8.8) Weex/0.26.0 1440x3120"
43.250.201.91 - - [07/Sep/2020:20:47:31 +0800] "POST /consume/balance HTTP/1.1" 500 0 "-" "-"
43.250.201.91 - - [07/Sep/2020:20:47:36 +0800] "POST /consume/billing HTTP/1.1" 200 648 "-" "GM1910(Android/10) (io.dcloud.HBuilder/9.8.8) Weex/0.26.0 1440x3120"
175.24.0.200 - - [07/Sep/2020:20:48:28 +0800] "OPTIONS /course/association/201905190416 HTTP/1.0" 404 232 "http://localhost:8080/" "Mozilla/5.0 (Windows NT 10.0; Win64; x64) AppleWebKit/537.36 (KHTML, like Gecko) Chrome/83.0.4103.61 Safari/537.36"
175.24.0.200 - - [07/Sep/2020:20:48:28 +0800] "OPTIONS /course/association/201905190416 HTTP/1.0" 404 232 "http://localhost:8080/" "Mozilla/5.0 (Windows NT 10.0; Win64; x64) AppleWebKit/537.36 (KHTML, like Gecko) Chrome/83.0.4103.61 Safari/537.36"
175.24.0.200 - - [07/Sep/2020:20:48:31 +0800] "OPTIONS /course/association/201905190416 HTTP/1.0" 404 232 "http://localhost:8080/" "Mozilla/5.0 (Windows NT 10.0; Win64; x64) AppleWebKit/537.36 (KHTML, like Gecko) Chrome/83.0.4103.61 Safari/537.36"
175.24.0.200 - - [07/Sep/2020:20:48:49 +0800] "OPTIONS /course/association/201905190416 HTTP/1.0" 404 232 "http://localhost:8080/" "Mozilla/5.0 (Windows NT 10.0; Win64; x64) AppleWebKit/537.36 (KHTML, like Gecko) Chrome/83.0.4103.61 Safari/537.36"
175.24.0.200 - - [07/Sep/2020:20:48:49 +0800] "OPTIONS /course/association/201905190416 HTTP/1.0" 404 232 "http://localhost:8080/" "Mozilla/5.0 (Windows NT 10.0; Win64; x64) AppleWebKit/537.36 (KHTML, like Gecko) Chrome/83.0.4103.61 Safari/537.36"
175.24.0.200 - - [07/Sep/2020:20:48:53 +0800] "OPTIONS /course/association/201905190416 HTTP/1.0" 404 232 "http://localhost:8080/" "Mozilla/5.0 (Windows NT 10.0; Win64; x64) AppleWebKit/537.36 (KHTML, like Gecko) Chrome/83.0.4103.61 Safari/537.36"
43.250.201.91 - - [07/Sep/2020:20:49:12 +0800] "POST /consume/balance HTTP/1.1" 500 0 "-" "-"
43.250.201.91 - - [07/Sep/2020:20:49:16 +0800] "POST /consume/billing HTTP/1.1" 500 0 "-" "-"
175.24.0.200 - - [07/Sep/2020:20:49:26 +0800] "OPTIONS /course/association/201905190416 HTTP/1.0" 404 232 "http://localhost:8080/" "Mozilla/5.0 (Windows NT 10.0; Win64; x64) AppleWebKit/537.36 (KHTML, like Gecko) Chrome/83.0.4103.61 Safari/537.36"
175.24.0.200 - - [07/Sep/2020:20:49:26 +0800] "OPTIONS /course/association/201905190416 HTTP/1.0" 404 232 "http://localhost:8080/" "Mozilla/5.0 (Windows NT 10.0; Win64; x64) AppleWebKit/537.36 (KHTML, like Gecko) Chrome/83.0.4103.61 Safari/537.36"
43.250.201.91 - - [07/Sep/2020:20:49:41 +0800] "POST /countdown/exam HTTP/1.1" 200 976 "-" "GM1910(Android/10) (io.dcloud.HBuilder/9.8.8) Weex/0.26.0 1440x3120"
175.24.0.200 - - [07/Sep/2020:20:49:42 +0800] "OPTIONS /course/association/201905190416 HTTP/1.0" 404 232 "http://localhost:8080/" "Mozilla/5.0 (Windows NT 10.0; Win64; x64) AppleWebKit/537.36 (KHTML, like Gecko) Chrome/83.0.4103.61 Safari/537.36"
175.24.0.200 - - [07/Sep/2020:20:49:42 +0800] "OPTIONS /course/association/201905190416 HTTP/1.0" 404 232 "http://localhost:8080/" "Mozilla/5.0 (Windows NT 10.0; Win64; x64) AppleWebKit/537.36 (KHTML, like Gecko) Chrome/83.0.4103.61 Safari/537.36"
175.24.0.200 - - [07/Sep/2020:20:50:56 +0800] "OPTIONS /course/association/201905190416 HTTP/1.0" 404 232 "http://localhost:8080/" "Mozilla/5.0 (Windows NT 10.0; Win64; x64) AppleWebKit/537.36 (KHTML, like Gecko) Chrome/83.0.4103.61 Safari/537.36"
175.24.0.200 - - [07/Sep/2020:20:50:56 +0800] "OPTIONS /course/association/201905190416 HTTP/1.0" 404 232 "http://localhost:8080/" "Mozilla/5.0 (Windows NT 10.0; Win64; x64) AppleWebKit/537.36 (KHTML, like Gecko) Chrome/83.0.4103.61 Safari/537.36"
175.24.0.200 - - [07/Sep/2020:20:52:14 +0800] "OPTIONS /course/association/201905190416 HTTP/1.0" 404 232 "http://localhost:8080/" "Mozilla/5.0 (Windows NT 10.0; Win64; x64) AppleWebKit/537.36 (KHTML, like Gecko) Chrome/83.0.4103.61 Safari/537.36"
175.24.0.200 - - [07/Sep/2020:20:52:14 +0800] "OPTIONS /course/association/201905190416 HTTP/1.0" 404 232 "http://localhost:8080/" "Mozilla/5.0 (Windows NT 10.0; Win64; x64) AppleWebKit/537.36 (KHTML, like Gecko) Chrome/83.0.4103.61 Safari/537.36"
175.24.0.200 - - [07/Sep/2020:20:53:16 +0800] "OPTIONS /course/association/201905190416 HTTP/1.0" 404 232 "http://localhost:8080/" "Mozilla/5.0 (Windows NT 10.0; Win64; x64) AppleWebKit/537.36 (KHTML, like Gecko) Chrome/83.0.4103.61 Safari/537.36"
175.24.0.200 - - [07/Sep/2020:20:53:16 +0800] "OPTIONS /course/association/201905190416 HTTP/1.0" 404 232 "http://localhost:8080/" "Mozilla/5.0 (Windows NT 10.0; Win64; x64) AppleWebKit/537.36 (KHTML, like Gecko) Chrome/83.0.4103.61 Safari/537.36"
175.24.0.200 - - [07/Sep/2020:20:53:24 +0800] "OPTIONS /course/association/201905190416 HTTP/1.0" 404 232 "http://localhost:8080/" "Mozilla/5.0 (Windows NT 10.0; Win64; x64) AppleWebKit/537.36 (KHTML, like Gecko) Chrome/83.0.4103.61 Safari/537.36"
175.24.0.200 - - [07/Sep/2020:20:53:24 +0800] "OPTIONS /course/association/201905190416 HTTP/1.0" 404 232 "http://localhost:8080/" "Mozilla/5.0 (Windows NT 10.0; Win64; x64) AppleWebKit/537.36 (KHTML, like Gecko) Chrome/83.0.4103.61 Safari/537.36"
175.24.0.200 - - [07/Sep/2020:20:53:25 +0800] "OPTIONS /course/association/201905190416 HTTP/1.0" 404 232 "http://localhost:8080/" "Mozilla/5.0 (Windows NT 10.0; Win64; x64) AppleWebKit/537.36 (KHTML, like Gecko) Chrome/83.0.4103.61 Safari/537.36"
175.24.0.200 - - [07/Sep/2020:20:54:39 +0800] "OPTIONS /course/association/201905190416 HTTP/1.0" 404 232 "http://localhost:8080/" "Mozilla/5.0 (Windows NT 10.0; Win64; x64) AppleWebKit/537.36 (KHTML, like Gecko) Chrome/83.0.4103.61 Safari/537.36"
175.24.0.200 - - [07/Sep/2020:20:55:05 +0800] "OPTIONS /course/association/201905190416 HTTP/1.0" 404 232 "http://localhost:8080/" "Mozilla/5.0 (Windows NT 10.0; Win64; x64) AppleWebKit/537.36 (KHTML, like Gecko) Chrome/83.0.4103.61 Safari/537.36"
175.24.0.200 - - [07/Sep/2020:20:55:56 +0800] "OPTIONS /course/association/201905190416 HTTP/1.0" 404 232 "http://localhost:8080/" "Mozilla/5.0 (Windows NT 10.0; Win64; x64) AppleWebKit/537.36 (KHTML, like Gecko) Chrome/83.0.4103.61 Safari/537.36"
175.24.0.200 - - [07/Sep/2020:20:55:56 +0800] "OPTIONS /course/association/201905190416 HTTP/1.0" 404 232 "http://localhost:8080/" "Mozilla/5.0 (Windows NT 10.0; Win64; x64) AppleWebKit/537.36 (KHTML, like Gecko) Chrome/83.0.4103.61 Safari/537.36"
175.24.0.200 - - [07/Sep/2020:20:55:58 +0800] "OPTIONS /course/association/201905190416 HTTP/1.0" 404 232 "http://localhost:8080/" "Mozilla/5.0 (Windows NT 10.0; Win64; x64) AppleWebKit/537.36 (KHTML, like Gecko) Chrome/83.0.4103.61 Safari/537.36"
175.24.0.200 - - [07/Sep/2020:20:56:33 +0800] "OPTIONS /course/association/201905190416 HTTP/1.0" 404 232 "http://localhost:8080/" "Mozilla/5.0 (Windows NT 10.0; Win64; x64) AppleWebKit/537.36 (KHTML, like Gecko) Chrome/83.0.4103.61 Safari/537.36"
175.24.0.200 - - [07/Sep/2020:20:56:33 +0800] "OPTIONS /course/association/201905190416 HTTP/1.0" 404 232 "http://localhost:8080/" "Mozilla/5.0 (Windows NT 10.0; Win64; x64) AppleWebKit/537.36 (KHTML, like Gecko) Chrome/83.0.4103.61 Safari/537.36"
175.24.0.200 - - [07/Sep/2020:20:56:37 +0800] "OPTIONS /course/association/201905190416 HTTP/1.0" 404 232 "http://localhost:8080/" "Mozilla/5.0 (Windows NT 10.0; Win64; x64) AppleWebKit/537.36 (KHTML, like Gecko) Chrome/83.0.4103.61 Safari/537.36"
175.24.0.200 - - [07/Sep/2020:20:57:06 +0800] "OPTIONS /course/association/201905190416 HTTP/1.0" 404 232 "http://localhost:8080/" "Mozilla/5.0 (Windows NT 10.0; Win64; x64) AppleWebKit/537.36 (KHTML, like Gecko) Chrome/83.0.4103.61 Safari/537.36"
175.24.0.200 - - [07/Sep/2020:20:57:20 +0800] "OPTIONS /course/association/201905190416 HTTP/1.0" 404 232 "http://localhost:8080/" "Mozilla/5.0 (Windows NT 10.0; Win64; x64) AppleWebKit/537.36 (KHTML, like Gecko) Chrome/83.0.4103.61 Safari/537.36"
175.24.0.200 - - [07/Sep/2020:20:58:26 +0800] "OPTIONS /course/association/201905190416 HTTP/1.0" 404 232 "http://localhost:8080/" "Mozilla/5.0 (Windows NT 10.0; Win64; x64) AppleWebKit/537.36 (KHTML, like Gecko) Chrome/83.0.4103.61 Safari/537.36"
42.49.109.232 - - [07/Sep/2020:21:00:03 +0800] "GET /course HTTP/1.1" 405 178 "http://192.168.100.102/" "Mozilla/5.0 (Linux; Android 9; 16s Pro) AppleWebKit/537.36 (KHTML, like Gecko) Chrome/81.0.4044.117 Mobile Safari/537.36"
42.49.109.232 - - [07/Sep/2020:21:00:03 +0800] "GET /favicon.ico HTTP/1.1" 404 232 "http://zgf.jsky31.cn:5000/course" "Mozilla/5.0 (Linux; Android 9; 16s Pro) AppleWebKit/537.36 (KHTML, like Gecko) Chrome/81.0.4044.117 Mobile Safari/537.36"
175.24.0.200 - - [07/Sep/2020:21:04:51 +0800] "OPTIONS /course/association/201905190416 HTTP/1.0" 404 232 "http://localhost:8080/" "Mozilla/5.0 (Windows NT 10.0; Win64; x64) AppleWebKit/537.36 (KHTML, like Gecko) Chrome/83.0.4103.61 Safari/537.36"
175.24.0.200 - - [07/Sep/2020:21:04:54 +0800] "OPTIONS /course/association/201905190416 HTTP/1.0" 404 232 "http://localhost:8080/" "Mozilla/5.0 (Windows NT 10.0; Win64; x64) AppleWebKit/537.36 (KHTML, like Gecko) Chrome/83.0.4103.61 Safari/537.36"
175.24.0.200 - - [07/Sep/2020:21:05:10 +0800] "GET /course/association/201905190416 HTTP/1.0" 404 232 "https://servicewechat.com/touristappid/devtools/page-frame.html" "Mozilla/5.0 (iPhone; CPU iPhone OS 11_0 like Mac OS X) AppleWebKit/604.1.38 (KHTML, like Gecko) Version/11.0 Mobile/15A372 Safari/604.1 wechatdevtools/1.03.2006090 MicroMessenger/7.0.4 Language/zh_CN webview/"
175.24.0.200 - - [07/Sep/2020:21:05:26 +0800] "OPTIONS /course/association/201905190416 HTTP/1.0" 404 232 "http://localhost:8080/" "Mozilla/5.0 (Windows NT 10.0; Win64; x64) AppleWebKit/537.36 (KHTML, like Gecko) Chrome/83.0.4103.61 Safari/537.36"
42.49.109.136 - - [07/Sep/2020:21:07:46 +0800] "POST /score/grade HTTP/1.1" 200 3433 "https://servicewechat.com/touristappid/devtools/page-frame.html" "Mozilla/5.0 (iPhone; CPU iPhone OS 11_0 like Mac OS X) AppleWebKit/604.1.38 (KHTML, like Gecko) Version/11.0 Mobile/15A372 Safari/604.1 wechatdevtools/1.03.2006090 MicroMessenger/7.0.4 Language/zh_CN webview/"
175.24.0.200 - - [07/Sep/2020:21:08:32 +0800] "OPTIONS /course/association/201905190416 HTTP/1.0" 404 232 "http://localhost:8080/" "Mozilla/5.0 (Windows NT 10.0; Win64; x64) AppleWebKit/537.36 (KHTML, like Gecko) Chrome/83.0.4103.61 Safari/537.36"
175.24.0.200 - - [07/Sep/2020:21:09:25 +0800] "OPTIONS /course/association/201905190416 HTTP/1.0" 404 232 "http://localhost:8080/" "Mozilla/5.0 (Windows NT 10.0; Win64; x64) AppleWebKit/537.36 (KHTML, like Gecko) Chrome/83.0.4103.61 Safari/537.36"
43.250.201.91 - - [07/Sep/2020:21:12:03 +0800] "POST /score/grade HTTP/1.1" 200 3433 "-" "GM1910(Android/10) (io.dcloud.HBuilder/9.8.8) Weex/0.26.0 1440x3120"
43.250.201.91 - - [07/Sep/2020:21:12:21 +0800] "POST /consume/balance HTTP/1.1" 200 165 "-" "GM1910(Android/10) (io.dcloud.HBuilder/9.8.8) Weex/0.26.0 1440x3120"
43.250.201.91 - - [07/Sep/2020:21:12:29 +0800] "POST /consume/billing HTTP/1.1" 200 648 "-" "GM1910(Android/10) (io.dcloud.HBuilder/9.8.8) Weex/0.26.0 1440x3120"
175.24.0.200 - - [07/Sep/2020:21:12:33 +0800] "OPTIONS /course/association/201905190416 HTTP/1.0" 404 232 "http://localhost:8080/" "Mozilla/5.0 (Windows NT 10.0; Win64; x64) AppleWebKit/537.36 (KHTML, like Gecko) Chrome/83.0.4103.61 Safari/537.36"
43.250.201.91 - - [07/Sep/2020:21:12:35 +0800] "POST /countdown/exam HTTP/1.1" 200 976 "-" "GM1910(Android/10) (io.dcloud.HBuilder/9.8.8) Weex/0.26.0 1440x3120"
175.24.0.200 - - [07/Sep/2020:21:13:35 +0800] "OPTIONS /course/association/201905190416 HTTP/1.0" 404 232 "http://localhost:8080/" "Mozilla/5.0 (Windows NT 10.0; Win64; x64) AppleWebKit/537.36 (KHTML, like Gecko) Chrome/83.0.4103.61 Safari/537.36"
42.49.109.243 - - [07/Sep/2020:21:15:57 +0800] "POST /countdown/exam HTTP/1.1" 200 976 "-" "ELE-AL00(Android/10) (uni.UNIA5A6D03/1.0.0) Weex/0.26.0 1080x2265"
175.24.0.200 - - [07/Sep/2020:21:17:24 +0800] "POST /course HTTP/1.0" 200 53069 "-" "GM1910(Android/10) (io.dcloud.HBuilder/9.8.8) Weex/0.26.0 1440x3120"
175.24.0.200 - - [07/Sep/2020:21:17:47 +0800] "OPTIONS /course/association/201905190416 HTTP/1.0" 404 232 "http://localhost:8080/" "Mozilla/5.0 (Windows NT 10.0; Win64; x64) AppleWebKit/537.36 (KHTML, like Gecko) Chrome/83.0.4103.61 Safari/537.36"
175.24.0.200 - - [07/Sep/2020:21:18:14 +0800] "OPTIONS /course/association/201905190416 HTTP/1.0" 404 232 "http://localhost:8080/" "Mozilla/5.0 (Windows NT 10.0; Win64; x64) AppleWebKit/537.36 (KHTML, like Gecko) Chrome/83.0.4103.61 Safari/537.36"
175.24.0.200 - - [07/Sep/2020:21:20:05 +0800] "OPTIONS /course/association/201905190416 HTTP/1.0" 404 232 "http://localhost:8080/" "Mozilla/5.0 (Windows NT 10.0; Win64; x64) AppleWebKit/537.36 (KHTML, like Gecko) Chrome/83.0.4103.61 Safari/537.36"
175.24.0.200 - - [07/Sep/2020:21:20:59 +0800] "OPTIONS /course/association/201905190416 HTTP/1.0" 404 232 "http://localhost:8080/" "Mozilla/5.0 (Windows NT 10.0; Win64; x64) AppleWebKit/537.36 (KHTML, like Gecko) Chrome/83.0.4103.61 Safari/537.36"
175.24.0.200 - - [07/Sep/2020:21:21:38 +0800] "OPTIONS /course/association/201905190416 HTTP/1.0" 404 232 "http://localhost:8080/" "Mozilla/5.0 (Windows NT 10.0; Win64; x64) AppleWebKit/537.36 (KHTML, like Gecko) Chrome/83.0.4103.61 Safari/537.36"
175.24.0.200 - - [07/Sep/2020:21:23:42 +0800] "POST /course HTTP/1.0" 200 53069 "-" "GM1910(Android/10) (io.dcloud.HBuilder/9.8.8) Weex/0.26.0 1440x3120"
175.24.0.200 - - [07/Sep/2020:21:23:43 +0800] "OPTIONS /course/association/201905190416 HTTP/1.0" 404 232 "http://localhost:8080/" "Mozilla/5.0 (Windows NT 10.0; Win64; x64) AppleWebKit/537.36 (KHTML, like Gecko) Chrome/83.0.4103.61 Safari/537.36"
175.24.0.200 - - [07/Sep/2020:21:24:05 +0800] "OPTIONS /course/association/201905190416 HTTP/1.0" 404 232 "http://localhost:8080/" "Mozilla/5.0 (Windows NT 10.0; Win64; x64) AppleWebKit/537.36 (KHTML, like Gecko) Chrome/83.0.4103.61 Safari/537.36"
175.24.0.200 - - [07/Sep/2020:21:24:53 +0800] "OPTIONS /course/association/201905190416 HTTP/1.0" 404 232 "http://localhost:8080/" "Mozilla/5.0 (Windows NT 10.0; Win64; x64) AppleWebKit/537.36 (KHTML, like Gecko) Chrome/83.0.4103.61 Safari/537.36"
175.24.0.200 - - [07/Sep/2020:21:25:33 +0800] "OPTIONS /course/association/201905190416 HTTP/1.0" 404 232 "http://localhost:8080/" "Mozilla/5.0 (Windows NT 10.0; Win64; x64) AppleWebKit/537.36 (KHTML, like Gecko) Chrome/83.0.4103.61 Safari/537.36"
175.24.0.200 - - [07/Sep/2020:21:27:29 +0800] "OPTIONS /course/association/201905190416 HTTP/1.0" 404 232 "http://localhost:8080/" "Mozilla/5.0 (Windows NT 10.0; Win64; x64) AppleWebKit/537.36 (KHTML, like Gecko) Chrome/83.0.4103.61 Safari/537.36"
175.24.0.200 - - [07/Sep/2020:21:31:26 +0800] "POST /course HTTP/1.0" 200 53069 "-" "YAL-AL00(Android/10) (io.dcloud.HBuilder/9.8.8) Weex/0.26.0 1080x2232"
175.24.0.200 - - [07/Sep/2020:21:31:27 +0800] "OPTIONS /course/association/201905190416 HTTP/1.0" 404 232 "http://localhost:8080/" "Mozilla/5.0 (Windows NT 10.0; Win64; x64) AppleWebKit/537.36 (KHTML, like Gecko) Chrome/83.0.4103.61 Safari/537.36"
223.104.21.110 - - [07/Sep/2020:21:31:32 +0800] "POST /countdown/exam HTTP/1.1" 200 976 "-" "YAL-AL00(Android/10) (io.dcloud.HBuilder/9.8.8) Weex/0.26.0 1080x2232"
223.104.21.110 - - [07/Sep/2020:21:32:33 +0800] "POST /score/grade HTTP/1.1" 200 3433 "-" "YAL-AL00(Android/10) (io.dcloud.HBuilder/9.8.8) Weex/0.26.0 1080x2232"
223.104.21.110 - - [07/Sep/2020:21:33:32 +0800] "POST /score/grade HTTP/1.1" 200 3433 "-" "YAL-AL00(Android/10) (io.dcloud.HBuilder/9.8.8) Weex/0.26.0 1080x2232"
223.104.21.110 - - [07/Sep/2020:21:33:44 +0800] "POST /consume/balance HTTP/1.1" 200 165 "-" "YAL-AL00(Android/10) (io.dcloud.HBuilder/9.8.8) Weex/0.26.0 1080x2232"
223.104.21.110 - - [07/Sep/2020:21:33:48 +0800] "POST /consume/billing HTTP/1.1" 200 648 "-" "YAL-AL00(Android/10) (io.dcloud.HBuilder/9.8.8) Weex/0.26.0 1080x2232"
223.104.21.110 - - [07/Sep/2020:21:35:33 +0800] "POST /score/grade HTTP/1.1" 200 3433 "-" "YAL-AL00(Android/10) (io.dcloud.HBuilder/9.8.8) Weex/0.26.0 1080x2232"
175.24.0.200 - - [07/Sep/2020:21:36:13 +0800] "POST /course HTTP/1.0" 200 53069 "-" "YAL-AL00(Android/10) (io.dcloud.HBuilder/9.8.8) Weex/0.26.0 1080x2232"
223.104.21.110 - - [07/Sep/2020:21:36:20 +0800] "POST /countdown/exam HTTP/1.1" 200 976 "-" "YAL-AL00(Android/10) (io.dcloud.HBuilder/9.8.8) Weex/0.26.0 1080x2232"
223.104.21.110 - - [07/Sep/2020:21:37:26 +0800] "POST /score/grade HTTP/1.1" 200 3433 "-" "YAL-AL00(Android/10) (io.dcloud.HBuilder/9.8.8) Weex/0.26.0 1080x2232"
223.104.21.110 - - [07/Sep/2020:21:37:38 +0800] "POST /consume/billing HTTP/1.1" 500 0 "-" "-"
223.104.21.110 - - [07/Sep/2020:21:37:39 +0800] "POST /consume/balance HTTP/1.1" 200 165 "-" "YAL-AL00(Android/10) (io.dcloud.HBuilder/9.8.8) Weex/0.26.0 1080x2232"
223.104.21.110 - - [07/Sep/2020:21:37:49 +0800] "POST /consume/billing HTTP/1.1" 200 68 "-" "YAL-AL00(Android/10) (io.dcloud.HBuilder/9.8.8) Weex/0.26.0 1080x2232"
175.24.0.200 - - [07/Sep/2020:21:39:27 +0800] "OPTIONS /course/association/201905190416 HTTP/1.0" 404 232 "http://localhost:8080/" "Mozilla/5.0 (Windows NT 10.0; Win64; x64) AppleWebKit/537.36 (KHTML, like Gecko) Chrome/83.0.4103.61 Safari/537.36"
175.24.0.200 - - [07/Sep/2020:21:40:22 +0800] "OPTIONS /course/association/201905190416 HTTP/1.0" 404 232 "http://localhost:8080/" "Mozilla/5.0 (Windows NT 10.0; Win64; x64) AppleWebKit/537.36 (KHTML, like Gecko) Chrome/83.0.4103.61 Safari/537.36"
175.24.0.200 - - [07/Sep/2020:21:40:26 +0800] "GET /course/association/201905190416 HTTP/1.0" 404 232 "https://servicewechat.com/touristappid/devtools/page-frame.html" "Mozilla/5.0 (iPhone; CPU iPhone OS 11_0 like Mac OS X) AppleWebKit/604.1.38 (KHTML, like Gecko) Version/11.0 Mobile/15A372 Safari/604.1 wechatdevtools/1.03.2006090 MicroMessenger/7.0.4 Language/zh_CN webview/"
175.24.0.200 - - [07/Sep/2020:21:45:20 +0800] "OPTIONS /course/association/201905190416 HTTP/1.0" 404 232 "http://localhost:8080/" "Mozilla/5.0 (Windows NT 10.0; Win64; x64) AppleWebKit/537.36 (KHTML, like Gecko) Chrome/83.0.4103.61 Safari/537.36"
175.24.0.200 - - [07/Sep/2020:21:45:23 +0800] "OPTIONS /course/association/201905190416 HTTP/1.0" 404 232 "http://localhost:8080/" "Mozilla/5.0 (Windows NT 10.0; Win64; x64) AppleWebKit/537.36 (KHTML, like Gecko) Chrome/83.0.4103.61 Safari/537.36"
42.49.109.232 - - [07/Sep/2020:21:45:25 +0800] "POST /countdown/exam HTTP/1.1" 200 976 "http://localhost:8080/" "Mozilla/5.0 (iPhone; CPU iPhone OS 13_2_3 like Mac OS X) AppleWebKit/605.1.15 (KHTML, like Gecko) Version/13.0.3 Mobile/15E148 Safari/604.1"
42.49.109.232 - - [07/Sep/2020:21:45:29 +0800] "POST /countdown/exam HTTP/1.1" 200 976 "http://localhost:8080/" "Mozilla/5.0 (iPhone; CPU iPhone OS 13_2_3 like Mac OS X) AppleWebKit/605.1.15 (KHTML, like Gecko) Version/13.0.3 Mobile/15E148 Safari/604.1"
42.49.109.232 - - [07/Sep/2020:21:45:30 +0800] "POST /countdown/exam HTTP/1.1" 200 976 "http://localhost:8080/" "Mozilla/5.0 (iPhone; CPU iPhone OS 13_2_3 like Mac OS X) AppleWebKit/605.1.15 (KHTML, like Gecko) Version/13.0.3 Mobile/15E148 Safari/604.1"
42.49.109.232 - - [07/Sep/2020:21:45:31 +0800] "POST /countdown/exam HTTP/1.1" 200 976 "http://localhost:8080/" "Mozilla/5.0 (iPhone; CPU iPhone OS 13_2_3 like Mac OS X) AppleWebKit/605.1.15 (KHTML, like Gecko) Version/13.0.3 Mobile/15E148 Safari/604.1"
175.24.0.200 - - [07/Sep/2020:21:49:57 +0800] "OPTIONS /course/association/201905190416 HTTP/1.0" 404 232 "http://localhost:8080/" "Mozilla/5.0 (Windows NT 10.0; Win64; x64) AppleWebKit/537.36 (KHTML, like Gecko) Chrome/83.0.4103.61 Safari/537.36"
175.24.0.200 - - [07/Sep/2020:21:50:01 +0800] "OPTIONS /course/association/201905190416 HTTP/1.0" 404 232 "http://localhost:8080/" "Mozilla/5.0 (Windows NT 10.0; Win64; x64) AppleWebKit/537.36 (KHTML, like Gecko) Chrome/83.0.4103.61 Safari/537.36"
42.49.109.232 - - [07/Sep/2020:21:50:56 +0800] "POST /countdown/exam HTTP/1.1" 200 976 "http://localhost:8080/" "Mozilla/5.0 (iPhone; CPU iPhone OS 13_2_3 like Mac OS X) AppleWebKit/605.1.15 (KHTML, like Gecko) Version/13.0.3 Mobile/15E148 Safari/604.1"
42.49.109.232 - - [07/Sep/2020:21:53:21 +0800] "POST /countdown/exam HTTP/1.1" 200 976 "http://localhost:8080/" "Mozilla/5.0 (iPhone; CPU iPhone OS 13_2_3 like Mac OS X) AppleWebKit/605.1.15 (KHTML, like Gecko) Version/13.0.3 Mobile/15E148 Safari/604.1"
42.49.109.232 - - [07/Sep/2020:21:54:47 +0800] "POST /countdown/exam HTTP/1.1" 200 976 "http://localhost:8080/" "Mozilla/5.0 (iPhone; CPU iPhone OS 13_2_3 like Mac OS X) AppleWebKit/605.1.15 (KHTML, like Gecko) Version/13.0.3 Mobile/15E148 Safari/604.1"
80.82.77.227 - - [07/Sep/2020:22:00:09 +0800] "GET / HTTP/1.1" 200 11 "-" "Mozilla/5.0 zgrab/0.x"
175.24.0.200 - - [07/Sep/2020:22:02:43 +0800] "GET / HTTP/1.0" 200 11 "-" "Mozilla/5.0 (Windows NT 10.0; Win64; x64) AppleWebKit/537.36 (KHTML, like Gecko) Chrome/72.0.3626.119 Safari/537.36"
42.49.109.232 - - [07/Sep/2020:22:03:30 +0800] "POST /countdown/exam HTTP/1.1" 200 976 "http://localhost:8080/" "Mozilla/5.0 (iPhone; CPU iPhone OS 13_2_3 like Mac OS X) AppleWebKit/605.1.15 (KHTML, like Gecko) Version/13.0.3 Mobile/15E148 Safari/604.1"
42.49.109.232 - - [07/Sep/2020:22:10:02 +0800] "POST /countdown/exam HTTP/1.1" 200 976 "http://localhost:8080/" "Mozilla/5.0 (iPhone; CPU iPhone OS 13_2_3 like Mac OS X) AppleWebKit/605.1.15 (KHTML, like Gecko) Version/13.0.3 Mobile/15E148 Safari/604.1"
42.49.109.232 - - [07/Sep/2020:22:11:16 +0800] "POST /countdown/exam HTTP/1.1" 200 976 "http://localhost:8080/" "Mozilla/5.0 (iPhone; CPU iPhone OS 13_2_3 like Mac OS X) AppleWebKit/605.1.15 (KHTML, like Gecko) Version/13.0.3 Mobile/15E148 Safari/604.1"
42.49.109.232 - - [07/Sep/2020:22:14:21 +0800] "POST /countdown/exam HTTP/1.1" 200 976 "http://localhost:8080/" "Mozilla/5.0 (iPhone; CPU iPhone OS 13_2_3 like Mac OS X) AppleWebKit/605.1.15 (KHTML, like Gecko) Version/13.0.3 Mobile/15E148 Safari/604.1"
42.49.109.232 - - [07/Sep/2020:22:15:11 +0800] "POST /countdown/exam HTTP/1.1" 200 976 "http://localhost:8080/" "Mozilla/5.0 (iPhone; CPU iPhone OS 13_2_3 like Mac OS X) AppleWebKit/605.1.15 (KHTML, like Gecko) Version/13.0.3 Mobile/15E148 Safari/604.1"
