42.49.109.232 - - [07/Sep/2020:22:15:11 +0800] "POST /countdown/exam HTTP/1.1" 200 976 "http://localhost:8080/" "Mozilla/5.0 (iPhone; CPU iPhone OS 13_2_3 like Mac OS X) AppleWebKit/605.1.15 (KHTML, like Gecko) Version/13.0.3 Mobile/15E148 Safari/604.1"
223.104.21.110 - - [07/Sep/2020:22:17:15 +0800] "POST /countdown/exam HTTP/1.1" 200 976 "-" "YAL-AL00(Android/10) (io.dcloud.HBuilder/9.8.8) Weex/0.26.0 1080x2232"
175.24.0.200 - - [07/Sep/2020:22:19:46 +0800] "POST /course HTTP/1.0" 200 53069 "-" "YAL-AL00(Android/10) (io.dcloud.HBuilder/9.8.8) Weex/0.26.0 1080x2232"
223.104.21.110 - - [07/Sep/2020:22:27:12 +0800] "POST /score/grade HTTP/1.1" 200 3433 "-" "YAL-AL00(Android/10) (io.dcloud.HBuilder/9.8.8) Weex/0.26.0 1080x2232"
223.104.21.110 - - [07/Sep/2020:22:28:49 +0800] "POST /countdown/exam HTTP/1.1" 200 976 "-" "YAL-AL00(Android/10) (io.dcloud.HBuilder/9.8.8) Weex/0.26.0 1080x2232"
223.104.21.110 - - [07/Sep/2020:22:30:40 +0800] "POST /countdown/exam HTTP/1.1" 200 976 "-" "YAL-AL00(Android/10) (io.dcloud.HBuilder/9.8.8) Weex/0.26.0 1080x2232"
223.104.21.110 - - [07/Sep/2020:22:37:04 +0800] "POST /countdown/exam HTTP/1.1" 200 976 "-" "YAL-AL00(Android/10) (io.dcloud.HBuilder/9.8.8) Weex/0.26.0 1080x2232"
42.49.109.232 - - [07/Sep/2020:22:37:23 +0800] "POST /countdown/exam HTTP/1.1" 200 976 "http://localhost:8080/" "Mozilla/5.0 (iPhone; CPU iPhone OS 13_2_3 like Mac OS X) AppleWebKit/605.1.15 (KHTML, like Gecko) Version/13.0.3 Mobile/15E148 Safari/604.1"
223.104.21.110 - - [07/Sep/2020:22:37:48 +0800] "POST /countdown/exam HTTP/1.1" 200 976 "-" "YAL-AL00(Android/10) (io.dcloud.HBuilder/9.8.8) Weex/0.26.0 1080x2232"
42.49.109.232 - - [07/Sep/2020:22:38:49 +0800] "POST /countdown/exam HTTP/1.1" 200 976 "http://localhost:8080/" "Mozilla/5.0 (iPhone; CPU iPhone OS 13_2_3 like Mac OS X) AppleWebKit/605.1.15 (KHTML, like Gecko) Version/13.0.3 Mobile/15E148 Safari/604.1"
42.49.109.232 - - [07/Sep/2020:22:38:49 +0800] "POST /countdown/exam HTTP/1.1" 200 976 "http://localhost:8080/" "Mozilla/5.0 (iPhone; CPU iPhone OS 13_2_3 like Mac OS X) AppleWebKit/605.1.15 (KHTML, like Gecko) Version/13.0.3 Mobile/15E148 Safari/604.1"
42.49.109.232 - - [07/Sep/2020:22:38:51 +0800] "POST /countdown/exam HTTP/1.1" 200 976 "http://localhost:8080/" "Mozilla/5.0 (iPhone; CPU iPhone OS 13_2_3 like Mac OS X) AppleWebKit/605.1.15 (KHTML, like Gecko) Version/13.0.3 Mobile/15E148 Safari/604.1"
42.49.109.232 - - [07/Sep/2020:22:38:51 +0800] "POST /countdown/exam HTTP/1.1" 200 976 "http://localhost:8080/" "Mozilla/5.0 (iPhone; CPU iPhone OS 13_2_3 like Mac OS X) AppleWebKit/605.1.15 (KHTML, like Gecko) Version/13.0.3 Mobile/15E148 Safari/604.1"
223.104.21.110 - - [07/Sep/2020:22:38:58 +0800] "POST /countdown/exam HTTP/1.1" 200 976 "-" "YAL-AL00(Android/10) (io.dcloud.HBuilder/9.8.8) Weex/0.26.0 1080x2232"
223.104.21.110 - - [07/Sep/2020:22:39:29 +0800] "POST /countdown/exam HTTP/1.1" 200 976 "-" "YAL-AL00(Android/10) (io.dcloud.HBuilder/9.8.8) Weex/0.26.0 1080x2232"
42.49.109.232 - - [07/Sep/2020:22:42:24 +0800] "POST /countdown/exam HTTP/1.1" 500 0 "-" "-"
42.49.109.232 - - [07/Sep/2020:22:42:24 +0800] "POST /countdown/exam HTTP/1.1" 200 976 "http://localhost:8080/" "Mozilla/5.0 (iPhone; CPU iPhone OS 13_2_3 like Mac OS X) AppleWebKit/605.1.15 (KHTML, like Gecko) Version/13.0.3 Mobile/15E148 Safari/604.1"
223.104.21.110 - - [07/Sep/2020:22:43:39 +0800] "POST /countdown/exam HTTP/1.1" 200 976 "-" "YAL-AL00(Android/10) (io.dcloud.HBuilder/9.8.8) Weex/0.26.0 1080x2232"
223.104.21.110 - - [07/Sep/2020:22:44:40 +0800] "POST /countdown/exam HTTP/1.1" 200 976 "-" "YAL-AL00(Android/10) (io.dcloud.HBuilder/9.8.8) Weex/0.26.0 1080x2232"
223.104.21.110 - - [07/Sep/2020:22:56:01 +0800] "POST /countdown/exam HTTP/1.1" 200 976 "-" "YAL-AL00(Android/10) (io.dcloud.HBuilder/9.8.8) Weex/0.26.0 1080x2232"
42.49.109.232 - - [07/Sep/2020:22:56:40 +0800] "POST /countdown/exam HTTP/1.1" 200 976 "http://localhost:8080/" "Mozilla/5.0 (iPhone; CPU iPhone OS 13_2_3 like Mac OS X) AppleWebKit/605.1.15 (KHTML, like Gecko) Version/13.0.3 Mobile/15E148 Safari/604.1"
42.49.109.232 - - [07/Sep/2020:22:56:40 +0800] "POST /countdown/exam HTTP/1.1" 200 976 "http://localhost:8080/" "Mozilla/5.0 (iPhone; CPU iPhone OS 13_2_3 like Mac OS X) AppleWebKit/605.1.15 (KHTML, like Gecko) Version/13.0.3 Mobile/15E148 Safari/604.1"
223.104.21.110 - - [07/Sep/2020:22:57:07 +0800] "POST /countdown/exam HTTP/1.1" 200 976 "-" "YAL-AL00(Android/10) (io.dcloud.HBuilder/9.8.8) Weex/0.26.0 1080x2232"
106.75.106.221 - - [07/Sep/2020:23:14:22 +0800] "GET / HTTP/1.0" 200 11 "-" "-"
106.75.106.221 - - [07/Sep/2020:23:14:22 +0800] "GET / HTTP/1.0" 200 11 "-" "-"
175.24.0.200 - - [08/Sep/2020:01:03:27 +0800] "GET / HTTP/1.0" 200 11 "-" "Mozilla/5.0 (Windows NT 10.0; Win64; x64) AppleWebKit/537.36 (KHTML, like Gecko) Chrome/72.0.3626.119 Safari/537.36"
175.24.0.200 - - [08/Sep/2020:01:04:20 +0800] "GET / HTTP/1.0" 200 11 "-" "Mozilla/5.0 (Windows NT 10.0; Win64; x64) AppleWebKit/537.36 (KHTML, like Gecko) Chrome/72.0.3626.119 Safari/537.36"
175.24.0.200 - - [08/Sep/2020:01:20:20 +0800] "GET / HTTP/1.0" 200 11 "-" "Mozilla/5.0 (Windows NT 10.0; Win64; x64) AppleWebKit/537.36 (KHTML, like Gecko) Chrome/72.0.3626.119 Safari/537.36"
196.52.43.114 - - [08/Sep/2020:04:44:46 +0800] "GET / HTTP/1.0" 200 11 "-" "Mozilla/5.0 (X11; Linux x86_64) AppleWebKit/537.36 (KHTML, like Gecko) Chrome/72.0.3602.2 Safari/537.36"
106.19.31.247 - - [08/Sep/2020:08:57:12 +0800] "POST /countdown/exam HTTP/1.1" 200 976 "-" "MI 8(Android/10) (uni.UNIA5A6D03/1.0.0) Weex/0.26.0 1080x2115"
106.19.31.247 - - [08/Sep/2020:08:57:19 +0800] "POST /countdown/exam HTTP/1.1" 200 976 "-" "MI 8(Android/10) (uni.UNIA5A6D03/1.0.0) Weex/0.26.0 1080x2115"
175.24.0.200 - - [08/Sep/2020:09:17:28 +0800] "POST /course HTTP/1.0" 200 53069 "-" "GM1910(Android/10) (io.dcloud.HBuilder/9.8.8) Weex/0.26.0 1440x3120"
43.250.201.11 - - [08/Sep/2020:09:25:11 +0800] "POST /consume/balance HTTP/1.1" 200 165 "-" "GM1910(Android/10) (io.dcloud.HBuilder/9.8.8) Weex/0.26.0 1440x3120"
43.250.201.11 - - [08/Sep/2020:09:25:23 +0800] "POST /consume/billing HTTP/1.1" 200 891 "-" "GM1910(Android/10) (io.dcloud.HBuilder/9.8.8) Weex/0.26.0 1440x3120"
43.250.201.11 - - [08/Sep/2020:10:53:08 +0800] "POST /score/grade HTTP/1.1" 200 3433 "-" "GM1910(Android/10) (io.dcloud.HBuilder/9.8.8) Weex/0.26.0 1440x3120"
43.250.201.11 - - [08/Sep/2020:10:53:34 +0800] "POST /consume/billing HTTP/1.1" 500 0 "-" "-"
43.250.201.11 - - [08/Sep/2020:10:53:34 +0800] "POST /consume/balance HTTP/1.1" 500 0 "-" "-"
175.24.0.200 - - [08/Sep/2020:15:02:11 +0800] "POST /course HTTP/1.0" 200 53069 "-" "iPhone8,4(iOS/12.1.2) Uninview(Uninview/1.0.0) Weex/0.26.0 640x1136"
175.24.0.200 - - [08/Sep/2020:15:02:14 +0800] "GET /course/association/201905190416 HTTP/1.0" 404 232 "-" "iPhone8,4(iOS/12.1.2) Uninview(Uninview/1.0.0) Weex/0.26.0 640x1136"
175.24.0.200 - - [08/Sep/2020:15:02:27 +0800] "GET /course/association/201905190416 HTTP/1.0" 404 232 "-" "iPhone8,4(iOS/12.1.2) Uninview(Uninview/1.0.0) Weex/0.26.0 640x1136"
175.24.0.200 - - [08/Sep/2020:15:35:27 +0800] "GET /course/association/201905190416 HTTP/1.0" 404 232 "-" "iPhone8,4(iOS/12.1.2) Uninview(Uninview/1.0.0) Weex/0.26.0 640x1136"
42.49.109.136 - - [08/Sep/2020:15:35:33 +0800] "POST /score/grade HTTP/1.1" 200 3433 "-" "iPhone8,4(iOS/12.1.2) Uninview(Uninview/1.0.0) Weex/0.26.0 640x1136"
175.24.0.200 - - [08/Sep/2020:15:40:28 +0800] "GET /course/association/201905190416 HTTP/1.0" 404 232 "-" "iPhone8,4(iOS/12.1.2) Uninview(Uninview/1.0.0) Weex/0.26.0 640x1136"
43.250.201.59 - - [08/Sep/2020:15:42:52 +0800] "POST /countdown/exam HTTP/1.1" 200 976 "-" "GM1910(Android/10) (io.dcloud.HBuilder/9.8.8) Weex/0.26.0 1440x3120"
43.250.201.59 - - [08/Sep/2020:15:43:10 +0800] "POST /consume/balance HTTP/1.1" 200 165 "-" "GM1910(Android/10) (io.dcloud.HBuilder/9.8.8) Weex/0.26.0 1440x3120"
43.250.201.59 - - [08/Sep/2020:15:43:23 +0800] "POST /consume/billing HTTP/1.1" 200 891 "-" "GM1910(Android/10) (io.dcloud.HBuilder/9.8.8) Weex/0.26.0 1440x3120"
175.24.0.200 - - [08/Sep/2020:15:43:57 +0800] "GET /course/association/201905190416 HTTP/1.0" 404 232 "-" "iPhone8,4(iOS/12.1.2) Uninview(Uninview/1.0.0) Weex/0.26.0 640x1136"
42.49.109.232 - - [08/Sep/2020:15:44:56 +0800] "POST /consume/balance HTTP/1.1" 200 165 "http://localhost:8080/" "Mozilla/5.0 (Windows NT 10.0; Win64; x64) AppleWebKit/537.36 (KHTML, like Gecko) Chrome/80.0.3987.149 Safari/537.36"
42.49.109.198 - - [08/Sep/2020:15:44:58 +0800] "POST /countdown/exam HTTP/1.1" 200 976 "-" "ELE-AL00(Android/10) (uni.UNIA5A6D03/1.0.0) Weex/0.26.0 1080x2265"
42.49.109.232 - - [08/Sep/2020:15:45:13 +0800] "POST /consume/billing HTTP/1.1" 200 891 "http://localhost:8080/" "Mozilla/5.0 (Windows NT 10.0; Win64; x64) AppleWebKit/537.36 (KHTML, like Gecko) Chrome/80.0.3987.149 Safari/537.36"
223.104.21.110 - - [08/Sep/2020:15:47:47 +0800] "POST /countdown/exam HTTP/1.1" 200 976 "-" "YAL-AL00(Android/10) (io.dcloud.HBuilder/9.8.8) Weex/0.26.0 1080x2232"
223.104.21.110 - - [08/Sep/2020:15:48:43 +0800] "POST /countdown/exam HTTP/1.1" 200 976 "-" "YAL-AL00(Android/10) (io.dcloud.HBuilder/9.8.8) Weex/0.26.0 1080x2232"
175.24.0.200 - - [08/Sep/2020:15:49:45 +0800] "GET /course/association/201905190416 HTTP/1.0" 404 232 "-" "iPhone8,4(iOS/12.1.2) Uninview(Uninview/1.0.0) Weex/0.26.0 640x1136"
175.24.0.200 - - [08/Sep/2020:15:50:18 +0800] "GET /course/association/201905190416 HTTP/1.0" 404 232 "-" "iPhone8,4(iOS/12.1.2) Uninview(Uninview/1.0.0) Weex/0.26.0 640x1136"
223.104.21.110 - - [08/Sep/2020:15:50:43 +0800] "POST /countdown/exam HTTP/1.1" 200 976 "-" "YAL-AL00(Android/10) (io.dcloud.HBuilder/9.8.8) Weex/0.26.0 1080x2232"
223.104.21.110 - - [08/Sep/2020:15:51:01 +0800] "POST /countdown/exam HTTP/1.1" 200 976 "-" "YAL-AL00(Android/10) (io.dcloud.HBuilder/9.8.8) Weex/0.26.0 1080x2232"
223.104.21.110 - - [08/Sep/2020:15:52:39 +0800] "POST /countdown/exam HTTP/1.1" 200 976 "-" "YAL-AL00(Android/10) (io.dcloud.HBuilder/9.8.8) Weex/0.26.0 1080x2232"
223.104.21.110 - - [08/Sep/2020:16:00:30 +0800] "POST /countdown/exam HTTP/1.1" 200 976 "-" "YAL-AL00(Android/10) (io.dcloud.HBuilder/9.8.8) Weex/0.26.0 1080x2232"
42.49.109.232 - - [08/Sep/2020:16:03:42 +0800] "POST /countdown/exam HTTP/1.1" 200 976 "http://localhost:8080/" "Mozilla/5.0 (iPhone; CPU iPhone OS 13_2_3 like Mac OS X) AppleWebKit/605.1.15 (KHTML, like Gecko) Version/13.0.3 Mobile/15E148 Safari/604.1"
223.104.21.110 - - [08/Sep/2020:16:12:45 +0800] "POST /countdown/exam HTTP/1.1" 200 976 "-" "YAL-AL00(Android/10) (io.dcloud.HBuilder/9.8.8) Weex/0.26.0 1080x2232"
223.104.21.110 - - [08/Sep/2020:16:18:46 +0800] "POST /countdown/exam HTTP/1.1" 200 976 "-" "YAL-AL00(Android/10) (io.dcloud.HBuilder/9.8.8) Weex/0.26.0 1080x2232"
175.24.0.200 - - [08/Sep/2020:16:23:21 +0800] "POST /course/empty HTTP/1.0" 404 232 "-" "iPhone8,4(iOS/12.1.2) Uninview(Uninview/1.0.0) Weex/0.26.0 640x1136"
175.24.0.200 - - [08/Sep/2020:16:27:40 +0800] "POST /course/empty HTTP/1.0" 404 232 "-" "iPhone8,4(iOS/12.1.2) Uninview(Uninview/1.0.0) Weex/0.26.0 640x1136"
175.24.0.200 - - [08/Sep/2020:16:28:07 +0800] "POST /course/empty HTTP/1.0" 404 232 "-" "iPhone8,4(iOS/12.1.2) Uninview(Uninview/1.0.0) Weex/0.26.0 640x1136"
223.104.21.110 - - [08/Sep/2020:16:29:50 +0800] "POST /countdown/exam HTTP/1.1" 200 976 "-" "YAL-AL00(Android/10) (io.dcloud.HBuilder/9.8.8) Weex/0.26.0 1080x2232"
223.104.21.110 - - [08/Sep/2020:16:30:45 +0800] "POST /countdown/exam HTTP/1.1" 200 976 "-" "YAL-AL00(Android/10) (io.dcloud.HBuilder/9.8.8) Weex/0.26.0 1080x2232"
223.104.21.110 - - [08/Sep/2020:16:37:33 +0800] "POST /countdown/exam HTTP/1.1" 200 976 "-" "YAL-AL00(Android/10) (io.dcloud.HBuilder/9.8.8) Weex/0.26.0 1080x2232"
175.24.0.200 - - [08/Sep/2020:16:38:46 +0800] "POST /course HTTP/1.0" 200 53069 "-" "YAL-AL00(Android/10) (io.dcloud.HBuilder/9.8.8) Weex/0.26.0 1080x2232"
223.104.21.110 - - [08/Sep/2020:16:40:11 +0800] "POST /countdown/exam HTTP/1.1" 200 976 "-" "YAL-AL00(Android/10) (io.dcloud.HBuilder/9.8.8) Weex/0.26.0 1080x2232"
43.250.201.59 - - [08/Sep/2020:16:42:23 +0800] "POST /countdown/exam HTTP/1.1" 200 976 "-" "GM1910(Android/10) (io.dcloud.HBuilder/9.8.8) Weex/0.26.0 1440x3120"
43.250.201.59 - - [08/Sep/2020:16:43:08 +0800] "POST /countdown/exam HTTP/1.1" 200 976 "-" "GM1910(Android/10) (io.dcloud.HBuilder/9.8.8) Weex/0.26.0 1440x3120"
175.24.0.200 - - [08/Sep/2020:16:43:31 +0800] "POST /course HTTP/1.0" 200 49524 "-" "PostmanRuntime/7.26.3"
223.104.21.110 - - [08/Sep/2020:16:52:15 +0800] "POST /countdown/exam HTTP/1.1" 200 976 "-" "YAL-AL00(Android/10) (io.dcloud.HBuilder/9.8.8) Weex/0.26.0 1080x2232"
223.104.21.110 - - [08/Sep/2020:16:53:36 +0800] "POST /countdown/exam HTTP/1.1" 200 976 "-" "YAL-AL00(Android/10) (io.dcloud.HBuilder/9.8.8) Weex/0.26.0 1080x2232"
223.104.21.110 - - [08/Sep/2020:16:56:40 +0800] "POST /countdown/exam HTTP/1.1" 200 976 "-" "YAL-AL00(Android/10) (io.dcloud.HBuilder/9.8.8) Weex/0.26.0 1080x2232"
43.250.201.59 - - [08/Sep/2020:17:01:01 +0800] "POST /countdown/exam HTTP/1.1" 200 976 "-" "GM1910(Android/10) (io.dcloud.HBuilder/9.8.8) Weex/0.26.0 1440x3120"
43.250.201.59 - - [08/Sep/2020:17:01:19 +0800] "POST /consume/billing HTTP/1.1" 500 0 "-" "-"
43.250.201.59 - - [08/Sep/2020:17:01:19 +0800] "POST /consume/balance HTTP/1.1" 200 165 "-" "GM1910(Android/10) (io.dcloud.HBuilder/9.8.8) Weex/0.26.0 1440x3120"
223.104.21.110 - - [08/Sep/2020:17:09:07 +0800] "POST /countdown/exam HTTP/1.1" 200 976 "-" "YAL-AL00(Android/10) (io.dcloud.HBuilder/9.8.8) Weex/0.26.0 1080x2232"
223.104.21.110 - - [08/Sep/2020:17:16:27 +0800] "POST /countdown/exam HTTP/1.1" 200 976 "-" "YAL-AL00(Android/10) (io.dcloud.HBuilder/9.8.8) Weex/0.26.0 1080x2232"
175.24.0.200 - - [08/Sep/2020:17:23:21 +0800] "POST /course HTTP/1.0" 200 53069 "-" "iPhone8,4(iOS/12.1.2) Uninview(Uninview/1.0.0) Weex/0.26.0 640x1136"
175.24.0.200 - - [08/Sep/2020:17:25:43 +0800] "POST /course HTTP/1.0" 200 53069 "-" "iPhone8,4(iOS/12.1.2) Uninview(Uninview/1.0.0) Weex/0.26.0 640x1136"
175.24.0.200 - - [08/Sep/2020:17:30:19 +0800] "POST /course HTTP/1.0" 200 53069 "-" "iPhone8,4(iOS/12.1.2) Uninview(Uninview/1.0.0) Weex/0.26.0 640x1136"
175.24.0.200 - - [08/Sep/2020:17:30:20 +0800] "POST /course HTTP/1.0" 200 53069 "-" "iPhone8,4(iOS/12.1.2) Uninview(Uninview/1.0.0) Weex/0.26.0 640x1136"
175.24.0.200 - - [08/Sep/2020:17:31:28 +0800] "GET / HTTP/1.0" 200 11 "-" "Mozilla/5.0 (Windows NT 10.0; Win64; x64) AppleWebKit/537.36 (KHTML, like Gecko) Chrome/59.0.3071.104 Safari/537.36"
42.49.109.232 - - [08/Sep/2020:17:31:57 +0800] "POST /score/grade HTTP/1.1" 200 3433 "-" "iPhone8,4(iOS/12.1.2) Uninview(Uninview/1.0.0) Weex/0.26.0 640x1136"
175.24.0.200 - - [08/Sep/2020:17:32:56 +0800] "POST /course HTTP/1.0" 200 53069 "-" "iPhone8,4(iOS/12.1.2) Uninview(Uninview/1.0.0) Weex/0.26.0 640x1136"
223.104.21.110 - - [08/Sep/2020:17:38:06 +0800] "POST /countdown/exam HTTP/1.1" 200 976 "-" "YAL-AL00(Android/10) (io.dcloud.HBuilder/9.8.8) Weex/0.26.0 1080x2232"
43.250.201.59 - - [08/Sep/2020:17:43:04 +0800] "POST /consume/billing HTTP/1.1" 200 891 "-" "GM1910(Android/10) (io.dcloud.HBuilder/9.8.8) Weex/0.26.0 1440x3120"
43.250.201.59 - - [08/Sep/2020:17:43:43 +0800] "POST /consume/balance HTTP/1.1" 500 0 "-" "-"
43.250.201.59 - - [08/Sep/2020:17:48:06 +0800] "POST /consume/billing HTTP/1.1" 200 891 "-" "GM1910(Android/10) (io.dcloud.HBuilder/9.8.8) Weex/0.26.0 1440x3120"
175.24.0.200 - - [08/Sep/2020:17:48:32 +0800] "POST /course HTTP/1.0" 200 53069 "-" "GM1910(Android/10) (io.dcloud.HBuilder/9.8.11) Weex/0.26.0 1440x3120"
43.250.201.59 - - [08/Sep/2020:17:48:33 +0800] "POST /countdown/exam HTTP/1.1" 200 976 "-" "GM1910(Android/10) (io.dcloud.HBuilder/9.8.11) Weex/0.26.0 1440x3120"
43.250.201.59 - - [08/Sep/2020:17:51:58 +0800] "POST /countdown/exam HTTP/1.1" 200 976 "-" "GM1910(Android/10) (io.dcloud.HBuilder/9.8.11) Weex/0.26.0 1440x3120"
43.250.201.59 - - [08/Sep/2020:17:52:16 +0800] "POST /consume/balance HTTP/1.1" 200 165 "-" "GM1910(Android/10) (io.dcloud.HBuilder/9.8.11) Weex/0.26.0 1440x3120"
43.250.201.59 - - [08/Sep/2020:17:52:18 +0800] "POST /countdown/exam HTTP/1.1" 200 976 "-" "GM1910(Android/10) (io.dcloud.HBuilder/9.8.11) Weex/0.26.0 1440x3120"
175.24.0.200 - - [08/Sep/2020:17:52:41 +0800] "POST /course HTTP/1.0" 200 53069 "-" "GM1910(Android/10) (io.dcloud.HBuilder/9.8.11) Weex/0.26.0 1440x3120"
43.250.201.59 - - [08/Sep/2020:17:52:41 +0800] "POST /countdown/exam HTTP/1.1" 200 976 "-" "GM1910(Android/10) (io.dcloud.HBuilder/9.8.11) Weex/0.26.0 1440x3120"
43.250.201.59 - - [08/Sep/2020:17:53:13 +0800] "POST /countdown/exam HTTP/1.1" 200 976 "-" "GM1910(Android/10) (io.dcloud.HBuilder/9.8.11) Weex/0.26.0 1440x3120"
43.250.201.59 - - [08/Sep/2020:17:53:20 +0800] "POST /countdown/exam HTTP/1.1" 200 976 "-" "GM1910(Android/10) (io.dcloud.HBuilder/9.8.11) Weex/0.26.0 1440x3120"
43.250.201.59 - - [08/Sep/2020:17:53:26 +0800] "POST /consume/balance HTTP/1.1" 200 165 "-" "GM1910(Android/10) (io.dcloud.HBuilder/9.8.11) Weex/0.26.0 1440x3120"
43.250.201.59 - - [08/Sep/2020:17:53:47 +0800] "POST /countdown/exam HTTP/1.1" 200 976 "-" "GM1910(Android/10) (io.dcloud.HBuilder/9.8.11) Weex/0.26.0 1440x3120"
43.250.201.59 - - [08/Sep/2020:17:53:57 +0800] "POST /consume/balance HTTP/1.1" 200 165 "-" "GM1910(Android/10) (io.dcloud.HBuilder/9.8.11) Weex/0.26.0 1440x3120"
175.24.0.200 - - [08/Sep/2020:18:11:33 +0800] "POST /course HTTP/1.0" 200 53069 "-" "GM1910(Android/10) (io.dcloud.HBuilder/9.8.11) Weex/0.26.0 1440x3120"
223.104.21.110 - - [08/Sep/2020:18:11:36 +0800] "POST /countdown/exam HTTP/1.1" 200 976 "-" "YAL-AL00(Android/10) (io.dcloud.HBuilder/9.8.8) Weex/0.26.0 1080x2232"
223.104.21.110 - - [08/Sep/2020:18:16:49 +0800] "POST /countdown/exam HTTP/1.1" 200 976 "-" "YAL-AL00(Android/10) (io.dcloud.HBuilder/9.8.8) Weex/0.26.0 1080x2232"
223.104.21.110 - - [08/Sep/2020:18:18:54 +0800] "POST /countdown/exam HTTP/1.1" 200 976 "-" "YAL-AL00(Android/10) (io.dcloud.HBuilder/9.8.8) Weex/0.26.0 1080x2232"
43.250.201.59 - - [08/Sep/2020:18:21:53 +0800] "POST /countdown/exam HTTP/1.1" 200 976 "-" "GM1910(Android/10) (io.dcloud.HBuilder/9.8.11) Weex/0.26.0 1440x3120"
43.250.201.59 - - [08/Sep/2020:18:22:06 +0800] "POST /consume/balance HTTP/1.1" 200 165 "-" "GM1910(Android/10) (io.dcloud.HBuilder/9.8.11) Weex/0.26.0 1440x3120"
223.104.21.110 - - [08/Sep/2020:18:25:03 +0800] "POST /countdown/exam HTTP/1.1" 200 976 "-" "YAL-AL00(Android/10) (io.dcloud.HBuilder/9.8.8) Weex/0.26.0 1080x2232"
223.104.21.110 - - [08/Sep/2020:18:25:48 +0800] "POST /countdown/exam HTTP/1.1" 200 976 "-" "YAL-AL00(Android/10) (io.dcloud.HBuilder/9.8.8) Weex/0.26.0 1080x2232"
223.104.21.110 - - [08/Sep/2020:18:26:09 +0800] "POST /countdown/exam HTTP/1.1" 200 976 "-" "YAL-AL00(Android/10) (io.dcloud.HBuilder/9.8.8) Weex/0.26.0 1080x2232"
175.24.0.200 - - [08/Sep/2020:18:34:48 +0800] "POST /course HTTP/1.0" 200 53069 "-" "iPhone8,4(iOS/12.1.2) Uninview(Uninview/1.0.0) Weex/0.26.0 640x1136"
58.247.212.239 - - [08/Sep/2020:18:39:48 +0800] "GET http://175.24.0.200:5000/ HTTP/1.1" 200 11 "-" "Mozilla/5.0 (Windows NT 6.1; WOW64; rv:57.0) Gecko/20100101 Firefox/57.0"
175.24.0.200 - - [08/Sep/2020:18:47:44 +0800] "POST /course HTTP/1.0" 200 53069 "-" "GM1910(Android/10) (io.dcloud.HBuilder/9.8.11) Weex/0.26.0 1440x3120"
43.250.201.59 - - [08/Sep/2020:18:49:14 +0800] "POST /countdown/exam HTTP/1.1" 200 976 "-" "GM1910(Android/10) (io.dcloud.HBuilder/9.8.11) Weex/0.26.0 1440x3120"
43.250.201.59 - - [08/Sep/2020:18:49:31 +0800] "POST /consume/balance HTTP/1.1" 200 165 "-" "GM1910(Android/10) (io.dcloud.HBuilder/9.8.11) Weex/0.26.0 1440x3120"
43.250.201.59 - - [08/Sep/2020:18:49:54 +0800] "POST /consume/balance HTTP/1.1" 200 165 "-" "GM1910(Android/10) (io.dcloud.HBuilder/9.8.11) Weex/0.26.0 1440x3120"
43.250.201.59 - - [08/Sep/2020:18:50:12 +0800] "POST /consume/balance HTTP/1.1" 200 165 "-" "GM1910(Android/10) (io.dcloud.HBuilder/9.8.11) Weex/0.26.0 1440x3120"
42.49.109.232 - - [08/Sep/2020:18:52:59 +0800] "POST /course HTTP/1.1" 404 232 "-" "iPhone8,4(iOS/12.1.2) Uninview(Uninview/1.0.0) Weex/0.26.0 640x1136"
196.52.43.93 - - [08/Sep/2020:18:53:48 +0800] "GET / HTTP/1.1" 200 11 "-" "Mozilla/5.0 (X11; Linux x86_64) AppleWebKit/537.36 (KHTML, like Gecko) Chrome/72.0.3602.2 Safari/537.36"
42.49.109.232 - - [08/Sep/2020:18:55:17 +0800] "POST /course HTTP/1.1" 404 232 "-" "iPhone8,4(iOS/12.1.2) Uninview(Uninview/1.0.0) Weex/0.26.0 640x1136"
42.49.109.232 - - [08/Sep/2020:18:55:33 +0800] "POST /course HTTP/1.1" 404 232 "-" "iPhone8,4(iOS/12.1.2) Uninview(Uninview/1.0.0) Weex/0.26.0 640x1136"
42.49.109.232 - - [08/Sep/2020:18:57:57 +0800] "POST /course HTTP/1.1" 200 45856 "-" "iPhone8,4(iOS/12.1.2) Uninview(Uninview/1.0.0) Weex/0.26.0 640x1136"
175.24.0.200 - - [08/Sep/2020:20:00:35 +0800] "POST /course HTTP/1.0" 200 41205 "-" "SM-G9650(Android/9) (uni.UNIA5A6D03/1.0.0) Weex/0.26.0 1080x2094"
43.250.200.98 - - [08/Sep/2020:20:00:49 +0800] "POST /countdown/exam HTTP/1.1" 200 976 "-" "SM-G9650(Android/9) (uni.UNIA5A6D03/1.0.0) Weex/0.26.0 1080x2094"
175.24.0.200 - - [08/Sep/2020:20:00:58 +0800] "POST /course HTTP/1.0" 200 41205 "-" "SM-G9650(Android/9) (uni.UNIA5A6D03/1.0.0) Weex/0.26.0 1080x2094"
175.24.0.200 - - [08/Sep/2020:20:03:05 +0800] "POST /course HTTP/1.0" 200 41205 "-" "SM-G9650(Android/9) (uni.UNIA5A6D03/1.0.0) Weex/0.26.0 1080x2094"
175.24.0.200 - - [08/Sep/2020:20:05:14 +0800] "POST /course HTTP/1.0" 200 53069 "-" "GM1910(Android/10) (io.dcloud.HBuilder/9.8.11) Weex/0.26.0 1440x3120"
119.39.248.24 - - [08/Sep/2020:20:05:24 +0800] "POST /consume/balance HTTP/1.1" 200 165 "-" "GM1910(Android/10) (io.dcloud.HBuilder/9.8.11) Weex/0.26.0 1440x3120"
119.39.248.24 - - [08/Sep/2020:20:05:24 +0800] "POST /score/grade HTTP/1.1" 200 3433 "-" "GM1910(Android/10) (io.dcloud.HBuilder/9.8.11) Weex/0.26.0 1440x3120"
119.39.248.24 - - [08/Sep/2020:20:05:25 +0800] "POST /consume/billing HTTP/1.1" 200 891 "-" "GM1910(Android/10) (io.dcloud.HBuilder/9.8.11) Weex/0.26.0 1440x3120"
119.39.248.24 - - [08/Sep/2020:20:05:37 +0800] "POST /score/grade HTTP/1.1" 200 3433 "-" "GM1910(Android/10) (io.dcloud.HBuilder/9.8.11) Weex/0.26.0 1440x3120"
119.39.248.24 - - [08/Sep/2020:20:05:44 +0800] "POST /consume/balance HTTP/1.1" 500 0 "-" "-"
119.39.248.24 - - [08/Sep/2020:20:05:44 +0800] "POST /consume/billing HTTP/1.1" 500 0 "-" "-"
43.250.200.87 - - [08/Sep/2020:20:57:01 +0800] "POST /countdown/exam HTTP/1.1" 200 976 "-" "MI 6(Android/9) (uni.UNIA5A6D03/1.0.0) Weex/0.26.0 1080x1920"
175.24.0.200 - - [08/Sep/2020:21:09:04 +0800] "GET / HTTP/1.0" 200 11 "-" "Mozilla/5.0 (Windows NT 6.1; Win64; x64) AppleWebKit/537.36 (KHTML, like Gecko) Chrome/71.0.3578.98 Safari/537.36"
175.24.0.200 - - [08/Sep/2020:21:27:01 +0800] "GET / HTTP/1.0" 200 11 "-" "Mozilla/5.0 (Windows NT 6.1; Win64; x64) AppleWebKit/537.36 (KHTML, like Gecko) Chrome/71.0.3578.98 Safari/537.36"
117.136.89.115 - - [08/Sep/2020:21:47:46 +0800] "POST /countdown/exam HTTP/1.1" 200 976 "-" "YAL-AL00(Android/10) (io.dcloud.HBuilder/9.8.8) Weex/0.26.0 1080x2232"
117.136.89.115 - - [08/Sep/2020:21:49:47 +0800] "POST /countdown/exam HTTP/1.1" 200 976 "-" "YAL-AL00(Android/10) (io.dcloud.HBuilder/9.8.8) Weex/0.26.0 1080x2232"
117.136.89.115 - - [08/Sep/2020:21:50:16 +0800] "POST /countdown/exam HTTP/1.1" 200 976 "-" "YAL-AL00(Android/10) (io.dcloud.HBuilder/9.8.8) Weex/0.26.0 1080x2232"
117.136.89.115 - - [08/Sep/2020:21:50:41 +0800] "POST /countdown/exam HTTP/1.1" 200 976 "-" "YAL-AL00(Android/10) (io.dcloud.HBuilder/9.8.8) Weex/0.26.0 1080x2232"
117.136.89.115 - - [08/Sep/2020:21:51:07 +0800] "POST /countdown/exam HTTP/1.1" 200 976 "-" "YAL-AL00(Android/10) (io.dcloud.HBuilder/9.8.8) Weex/0.26.0 1080x2232"
117.136.89.115 - - [08/Sep/2020:21:53:29 +0800] "POST /countdown/exam HTTP/1.1" 200 976 "-" "YAL-AL00(Android/10) (io.dcloud.HBuilder/9.8.8) Weex/0.26.0 1080x2232"
117.136.89.115 - - [08/Sep/2020:21:54:56 +0800] "POST /countdown/exam HTTP/1.1" 200 976 "-" "YAL-AL00(Android/10) (io.dcloud.HBuilder/9.8.8) Weex/0.26.0 1080x2232"
175.24.0.200 - - [08/Sep/2020:21:55:13 +0800] "POST /course HTTP/1.0" 200 53069 "-" "YAL-AL00(Android/10) (io.dcloud.HBuilder/9.8.8) Weex/0.26.0 1080x2232"
117.136.89.115 - - [08/Sep/2020:21:56:14 +0800] "POST /countdown/exam HTTP/1.1" 200 976 "-" "YAL-AL00(Android/10) (io.dcloud.HBuilder/9.8.8) Weex/0.26.0 1080x2232"
117.136.89.115 - - [08/Sep/2020:21:57:10 +0800] "POST /countdown/exam HTTP/1.1" 200 976 "-" "YAL-AL00(Android/10) (io.dcloud.HBuilder/9.8.8) Weex/0.26.0 1080x2232"
117.136.89.115 - - [08/Sep/2020:21:57:31 +0800] "POST /countdown/exam HTTP/1.1" 200 976 "-" "YAL-AL00(Android/10) (io.dcloud.HBuilder/9.8.8) Weex/0.26.0 1080x2232"
83.97.20.25 - - [08/Sep/2020:21:58:40 +0800] "GET / HTTP/1.1" 200 11 "-" "-"
117.136.89.115 - - [08/Sep/2020:22:07:22 +0800] "POST /countdown/exam HTTP/1.1" 200 976 "-" "YAL-AL00(Android/10) (io.dcloud.HBuilder/9.8.8) Weex/0.26.0 1080x2232"
117.136.89.115 - - [08/Sep/2020:22:08:00 +0800] "POST /countdown/exam HTTP/1.1" 200 976 "-" "YAL-AL00(Android/10) (io.dcloud.HBuilder/9.8.8) Weex/0.26.0 1080x2232"
117.136.89.115 - - [08/Sep/2020:22:08:49 +0800] "POST /countdown/exam HTTP/1.1" 200 976 "-" "YAL-AL00(Android/10) (io.dcloud.HBuilder/9.8.8) Weex/0.26.0 1080x2232"
117.136.89.115 - - [08/Sep/2020:22:10:29 +0800] "POST /countdown/exam HTTP/1.1" 200 976 "-" "YAL-AL00(Android/10) (io.dcloud.HBuilder/9.8.8) Weex/0.26.0 1080x2232"
117.136.89.115 - - [08/Sep/2020:22:11:24 +0800] "POST /countdown/exam HTTP/1.1" 200 976 "-" "YAL-AL00(Android/10) (io.dcloud.HBuilder/9.8.8) Weex/0.26.0 1080x2232"
117.136.89.115 - - [08/Sep/2020:22:13:19 +0800] "POST /countdown/exam HTTP/1.1" 200 976 "-" "YAL-AL00(Android/10) (io.dcloud.HBuilder/9.8.8) Weex/0.26.0 1080x2232"
117.136.89.115 - - [08/Sep/2020:22:15:45 +0800] "POST /countdown/exam HTTP/1.1" 200 976 "-" "YAL-AL00(Android/10) (io.dcloud.HBuilder/9.8.8) Weex/0.26.0 1080x2232"
119.39.248.24 - - [08/Sep/2020:22:16:23 +0800] "POST /countdown/exam HTTP/1.1" 200 976 "-" "GM1910(Android/10) (io.dcloud.HBuilder/9.8.11) Weex/0.26.0 1440x3120"
117.136.89.115 - - [08/Sep/2020:22:16:59 +0800] "POST /countdown/exam HTTP/1.1" 200 976 "-" "YAL-AL00(Android/10) (io.dcloud.HBuilder/9.8.8) Weex/0.26.0 1080x2232"
117.136.89.115 - - [08/Sep/2020:22:17:34 +0800] "POST /countdown/exam HTTP/1.1" 200 976 "-" "YAL-AL00(Android/10) (io.dcloud.HBuilder/9.8.8) Weex/0.26.0 1080x2232"
117.136.89.115 - - [08/Sep/2020:22:21:08 +0800] "POST /countdown/exam HTTP/1.1" 200 976 "-" "YAL-AL00(Android/10) (io.dcloud.HBuilder/9.8.8) Weex/0.26.0 1080x2232"
117.136.89.115 - - [08/Sep/2020:22:25:08 +0800] "POST /countdown/exam HTTP/1.1" 200 976 "-" "YAL-AL00(Android/10) (io.dcloud.HBuilder/9.8.8) Weex/0.26.0 1080x2232"
117.136.89.115 - - [08/Sep/2020:22:25:29 +0800] "POST /countdown/exam HTTP/1.1" 200 976 "-" "YAL-AL00(Android/10) (io.dcloud.HBuilder/9.8.8) Weex/0.26.0 1080x2232"
117.136.89.115 - - [08/Sep/2020:22:25:52 +0800] "POST /countdown/exam HTTP/1.1" 200 976 "-" "YAL-AL00(Android/10) (io.dcloud.HBuilder/9.8.8) Weex/0.26.0 1080x2232"
117.136.89.115 - - [08/Sep/2020:22:26:49 +0800] "POST /countdown/exam HTTP/1.1" 200 976 "-" "YAL-AL00(Android/10) (io.dcloud.HBuilder/9.8.8) Weex/0.26.0 1080x2232"
117.136.89.115 - - [08/Sep/2020:22:28:22 +0800] "POST /countdown/exam HTTP/1.1" 200 976 "-" "YAL-AL00(Android/10) (io.dcloud.HBuilder/9.8.8) Weex/0.26.0 1080x2232"
117.136.89.115 - - [08/Sep/2020:22:30:07 +0800] "POST /countdown/exam HTTP/1.1" 200 976 "-" "YAL-AL00(Android/10) (io.dcloud.HBuilder/9.8.8) Weex/0.26.0 1080x2232"
117.136.89.115 - - [08/Sep/2020:22:30:47 +0800] "POST /countdown/exam HTTP/1.1" 200 976 "-" "YAL-AL00(Android/10) (io.dcloud.HBuilder/9.8.8) Weex/0.26.0 1080x2232"
117.136.89.115 - - [08/Sep/2020:22:31:16 +0800] "POST /countdown/exam HTTP/1.1" 200 976 "-" "YAL-AL00(Android/10) (io.dcloud.HBuilder/9.8.8) Weex/0.26.0 1080x2232"
117.136.89.115 - - [08/Sep/2020:22:32:11 +0800] "POST /countdown/exam HTTP/1.1" 200 976 "-" "YAL-AL00(Android/10) (io.dcloud.HBuilder/9.8.8) Weex/0.26.0 1080x2232"
117.136.89.115 - - [08/Sep/2020:22:33:44 +0800] "POST /countdown/exam HTTP/1.1" 200 976 "-" "YAL-AL00(Android/10) (io.dcloud.HBuilder/9.8.8) Weex/0.26.0 1080x2232"
117.136.89.115 - - [08/Sep/2020:22:35:58 +0800] "POST /countdown/exam HTTP/1.1" 200 976 "-" "YAL-AL00(Android/10) (io.dcloud.HBuilder/9.8.8) Weex/0.26.0 1080x2232"
117.136.89.115 - - [08/Sep/2020:22:36:25 +0800] "POST /countdown/exam HTTP/1.1" 200 976 "-" "YAL-AL00(Android/10) (io.dcloud.HBuilder/9.8.8) Weex/0.26.0 1080x2232"
117.136.89.115 - - [08/Sep/2020:22:36:45 +0800] "POST /countdown/exam HTTP/1.1" 200 976 "-" "YAL-AL00(Android/10) (io.dcloud.HBuilder/9.8.8) Weex/0.26.0 1080x2232"
117.136.89.115 - - [08/Sep/2020:22:38:05 +0800] "POST /countdown/exam HTTP/1.1" 200 976 "-" "YAL-AL00(Android/10) (io.dcloud.HBuilder/9.8.8) Weex/0.26.0 1080x2232"
117.136.89.115 - - [08/Sep/2020:22:38:34 +0800] "POST /countdown/exam HTTP/1.1" 200 976 "-" "YAL-AL00(Android/10) (io.dcloud.HBuilder/9.8.8) Weex/0.26.0 1080x2232"
117.136.89.115 - - [08/Sep/2020:22:39:35 +0800] "POST /countdown/exam HTTP/1.1" 200 976 "-" "YAL-AL00(Android/10) (io.dcloud.HBuilder/9.8.8) Weex/0.26.0 1080x2232"
117.136.89.115 - - [08/Sep/2020:22:40:04 +0800] "POST /countdown/exam HTTP/1.1" 200 976 "-" "YAL-AL00(Android/10) (io.dcloud.HBuilder/9.8.8) Weex/0.26.0 1080x2232"
117.136.89.115 - - [08/Sep/2020:22:49:39 +0800] "POST /countdown/exam HTTP/1.1" 200 976 "-" "YAL-AL00(Android/10) (io.dcloud.HBuilder/9.8.8) Weex/0.26.0 1080x2232"
117.136.89.115 - - [08/Sep/2020:22:51:57 +0800] "POST /countdown/exam HTTP/1.1" 200 976 "-" "YAL-AL00(Android/10) (io.dcloud.HBuilder/9.8.8) Weex/0.26.0 1080x2232"
117.136.89.115 - - [08/Sep/2020:22:52:17 +0800] "POST /countdown/exam HTTP/1.1" 200 976 "-" "YAL-AL00(Android/10) (io.dcloud.HBuilder/9.8.8) Weex/0.26.0 1080x2232"
117.136.89.115 - - [08/Sep/2020:22:53:34 +0800] "POST /countdown/exam HTTP/1.1" 200 976 "-" "YAL-AL00(Android/10) (io.dcloud.HBuilder/9.8.8) Weex/0.26.0 1080x2232"
42.49.109.232 - - [08/Sep/2020:22:54:53 +0800] "POST /countdown/exam HTTP/1.1" 200 976 "http://localhost:8080/" "Mozilla/5.0 (iPhone; CPU iPhone OS 13_2_3 like Mac OS X) AppleWebKit/605.1.15 (KHTML, like Gecko) Version/13.0.3 Mobile/15E148 Safari/604.1"
117.136.89.115 - - [08/Sep/2020:22:55:07 +0800] "POST /countdown/exam HTTP/1.1" 200 976 "-" "YAL-AL00(Android/10) (io.dcloud.HBuilder/9.8.8) Weex/0.26.0 1080x2232"
117.136.89.115 - - [08/Sep/2020:22:55:19 +0800] "POST /countdown/exam HTTP/1.1" 200 976 "-" "YAL-AL00(Android/10) (io.dcloud.HBuilder/9.8.8) Weex/0.26.0 1080x2232"
211.142.247.134 - - [08/Sep/2020:23:42:43 +0800] "POST /countdown/exam HTTP/1.1" 200 976 "-" "YAL-AL00(Android/10) (io.dcloud.HBuilder/9.8.8) Weex/0.26.0 1080x2232"
211.142.247.134 - - [08/Sep/2020:23:42:45 +0800] "POST /countdown/exam HTTP/1.1" 200 976 "-" "YAL-AL00(Android/10) (io.dcloud.HBuilder/9.8.8) Weex/0.26.0 1080x2232"
211.142.247.134 - - [08/Sep/2020:23:47:38 +0800] "POST /countdown/exam HTTP/1.1" 200 976 "-" "YAL-AL00(Android/10) (io.dcloud.HBuilder/9.8.8) Weex/0.26.0 1080x2232"
211.142.247.134 - - [08/Sep/2020:23:54:25 +0800] "POST /countdown/exam HTTP/1.1" 200 976 "-" "YAL-AL00(Android/10) (io.dcloud.HBuilder/9.8.8) Weex/0.26.0 1080x2232"
175.24.0.200 - - [08/Sep/2020:23:54:32 +0800] "POST /course HTTP/1.0" 200 53069 "-" "YAL-AL00(Android/10) (io.dcloud.HBuilder/9.8.8) Weex/0.26.0 1080x2232"
211.142.247.134 - - [08/Sep/2020:23:56:16 +0800] "POST /countdown/exam HTTP/1.1" 200 976 "-" "YAL-AL00(Android/10) (io.dcloud.HBuilder/9.8.8) Weex/0.26.0 1080x2232"
175.24.0.200 - - [08/Sep/2020:23:56:38 +0800] "POST /course HTTP/1.0" 200 53069 "-" "YAL-AL00(Android/10) (io.dcloud.HBuilder/9.8.8) Weex/0.26.0 1080x2232"
211.142.247.134 - - [08/Sep/2020:23:57:45 +0800] "POST /countdown/exam HTTP/1.1" 200 976 "-" "YAL-AL00(Android/10) (io.dcloud.HBuilder/9.8.8) Weex/0.26.0 1080x2232"
211.142.247.134 - - [08/Sep/2020:23:59:18 +0800] "POST /countdown/exam HTTP/1.1" 200 976 "-" "YAL-AL00(Android/10) (io.dcloud.HBuilder/9.8.8) Weex/0.26.0 1080x2232"
211.142.247.134 - - [09/Sep/2020:00:00:44 +0800] "POST /countdown/exam HTTP/1.1" 200 976 "-" "YAL-AL00(Android/10) (io.dcloud.HBuilder/9.8.8) Weex/0.26.0 1080x2232"
117.136.89.115 - - [09/Sep/2020:00:11:51 +0800] "POST /countdown/exam HTTP/1.1" 200 976 "-" "YAL-AL00(Android/10) (io.dcloud.HBuilder/9.8.8) Weex/0.26.0 1080x2232"
117.136.89.115 - - [09/Sep/2020:00:14:35 +0800] "POST /countdown/exam HTTP/1.1" 200 976 "-" "YAL-AL00(Android/10) (io.dcloud.HBuilder/9.8.8) Weex/0.26.0 1080x2232"
117.136.89.115 - - [09/Sep/2020:00:14:36 +0800] "POST /countdown/exam HTTP/1.1" 200 976 "-" "YAL-AL00(Android/10) (io.dcloud.HBuilder/9.8.8) Weex/0.26.0 1080x2232"
117.136.89.115 - - [09/Sep/2020:00:16:49 +0800] "POST /countdown/exam HTTP/1.1" 200 976 "-" "YAL-AL00(Android/10) (io.dcloud.HBuilder/9.8.8) Weex/0.26.0 1080x2232"
175.24.0.200 - - [09/Sep/2020:00:20:08 +0800] "GET / HTTP/1.0" 200 11 "-" "Mozilla/5.0 (Windows NT 10.0; Win64; x64) AppleWebKit/537.36 (KHTML, like Gecko) Chrome/72.0.3626.119 Safari/537.36"
175.24.0.200 - - [09/Sep/2020:00:20:59 +0800] "GET / HTTP/1.0" 200 11 "-" "Mozilla/5.0 (Windows NT 10.0; Win64; x64) AppleWebKit/537.36 (KHTML, like Gecko) Chrome/72.0.3626.119 Safari/537.36"
117.136.89.115 - - [09/Sep/2020:00:21:57 +0800] "POST /countdown/exam HTTP/1.1" 200 976 "-" "YAL-AL00(Android/10) (io.dcloud.HBuilder/9.8.8) Weex/0.26.0 1080x2232"
117.136.89.115 - - [09/Sep/2020:00:22:46 +0800] "POST /countdown/exam HTTP/1.1" 200 976 "-" "YAL-AL00(Android/10) (io.dcloud.HBuilder/9.8.8) Weex/0.26.0 1080x2232"
117.136.89.115 - - [09/Sep/2020:00:26:19 +0800] "POST /countdown/exam HTTP/1.1" 200 976 "-" "YAL-AL00(Android/10) (io.dcloud.HBuilder/9.8.8) Weex/0.26.0 1080x2232"
175.24.0.200 - - [09/Sep/2020:00:38:17 +0800] "POST /course HTTP/1.0" 200 53069 "-" "YAL-AL00(Android/10) (io.dcloud.HBuilder/9.8.8) Weex/0.26.0 1080x2232"
42.49.109.128 - - [09/Sep/2020:00:38:21 +0800] "POST /countdown/exam HTTP/1.1" 200 976 "-" "YAL-AL00(Android/10) (io.dcloud.HBuilder/9.8.8) Weex/0.26.0 1080x2232"
42.49.109.128 - - [09/Sep/2020:00:38:59 +0800] "POST /countdown/exam HTTP/1.1" 200 976 "-" "YAL-AL00(Android/10) (io.dcloud.HBuilder/9.8.8) Weex/0.26.0 1080x2232"
42.49.109.128 - - [09/Sep/2020:00:39:00 +0800] "POST /countdown/exam HTTP/1.1" 200 976 "-" "YAL-AL00(Android/10) (io.dcloud.HBuilder/9.8.8) Weex/0.26.0 1080x2232"
42.49.109.128 - - [09/Sep/2020:00:39:01 +0800] "POST /countdown/exam HTTP/1.1" 200 976 "-" "YAL-AL00(Android/10) (io.dcloud.HBuilder/9.8.8) Weex/0.26.0 1080x2232"
42.49.109.128 - - [09/Sep/2020:00:39:58 +0800] "POST /countdown/exam HTTP/1.1" 200 976 "-" "YAL-AL00(Android/10) (io.dcloud.HBuilder/9.8.8) Weex/0.26.0 1080x2232"
42.49.109.128 - - [09/Sep/2020:00:40:38 +0800] "POST /countdown/exam HTTP/1.1" 200 976 "-" "YAL-AL00(Android/10) (io.dcloud.HBuilder/9.8.8) Weex/0.26.0 1080x2232"
42.49.109.128 - - [09/Sep/2020:00:42:21 +0800] "POST /countdown/exam HTTP/1.1" 200 976 "-" "YAL-AL00(Android/10) (io.dcloud.HBuilder/9.8.8) Weex/0.26.0 1080x2232"
175.24.0.200 - - [09/Sep/2020:01:02:53 +0800] "GET / HTTP/1.0" 200 11 "-" "Mozilla/5.0 (Windows NT 10.0; Win64; x64) AppleWebKit/537.36 (KHTML, like Gecko) Chrome/72.0.3626.119 Safari/537.36"
175.24.0.200 - - [09/Sep/2020:01:03:37 +0800] "GET / HTTP/1.0" 200 11 "-" "Mozilla/5.0 (Windows NT 10.0; Win64; x64) AppleWebKit/537.36 (KHTML, like Gecko) Chrome/72.0.3626.119 Safari/537.36"
183.136.225.56 - - [09/Sep/2020:01:32:33 +0800] "GET / HTTP/1.1" 200 11 "-" "Mozilla/5.0 (Macintosh; Intel Mac OS X 10.11; rv:47.0) Gecko/20100101 Firefox/47.0"
175.24.0.200 - - [09/Sep/2020:01:35:13 +0800] "POST /course HTTP/1.0" 200 53069 "-" "YAL-AL00(Android/10) (io.dcloud.HBuilder/9.8.8) Weex/0.26.0 1080x2232"
175.24.0.200 - - [09/Sep/2020:01:39:04 +0800] "POST /course HTTP/1.0" 200 53069 "-" "YAL-AL00(Android/10) (io.dcloud.HBuilder/9.8.8) Weex/0.26.0 1080x2232"
175.24.0.200 - - [09/Sep/2020:01:43:41 +0800] "GET / HTTP/1.0" 200 11 "-" "Mozilla/5.0 (Windows NT 10.0; Win64; x64) AppleWebKit/537.36 (KHTML, like Gecko) Chrome/59.0.3071.104 Safari/537.36"
119.61.6.132 - - [09/Sep/2020:01:56:55 +0800] "GET / HTTP/1.0" 200 11 "-" "-"
119.61.6.135 - - [09/Sep/2020:01:58:43 +0800] "GET / HTTP/1.0" 200 11 "-" "-"
42.49.109.128 - - [09/Sep/2020:02:00:12 +0800] "POST /countdown/exam HTTP/1.1" 200 976 "-" "YAL-AL00(Android/10) (io.dcloud.HBuilder/9.8.8) Weex/0.26.0 1080x2232"
119.61.6.133 - - [09/Sep/2020:02:00:26 +0800] "GET / HTTP/1.0" 200 11 "-" "-"
175.24.0.200 - - [09/Sep/2020:02:02:00 +0800] "POST /course HTTP/1.0" 200 53069 "-" "YAL-AL00(Android/10) (io.dcloud.HBuilder/9.8.8) Weex/0.26.0 1080x2232"
119.61.6.134 - - [09/Sep/2020:02:03:01 +0800] "GET / HTTP/1.0" 200 11 "-" "-"
175.24.0.200 - - [09/Sep/2020:02:12:14 +0800] "GET / HTTP/1.0" 200 11 "-" "Mozilla/5.0 (Windows NT 10.0; Win64; x64) AppleWebKit/537.36 (KHTML, like Gecko) Chrome/72.0.3626.119 Safari/537.36"
175.24.0.200 - - [09/Sep/2020:02:13:04 +0800] "GET / HTTP/1.0" 200 11 "-" "Mozilla/5.0 (Windows NT 10.0; Win64; x64) AppleWebKit/537.36 (KHTML, like Gecko) Chrome/72.0.3626.119 Safari/537.36"
175.24.0.200 - - [09/Sep/2020:05:03:44 +0800] "GET / HTTP/1.0" 200 11 "-" "Mozilla/5.0 (Windows NT 10.0; Win64; x64) AppleWebKit/537.36 (KHTML, like Gecko) Chrome/72.0.3626.119 Safari/537.36"
175.24.0.200 - - [09/Sep/2020:05:04:37 +0800] "GET / HTTP/1.0" 200 11 "-" "Mozilla/5.0 (Windows NT 10.0; Win64; x64) AppleWebKit/537.36 (KHTML, like Gecko) Chrome/72.0.3626.119 Safari/537.36"
175.24.0.200 - - [09/Sep/2020:08:15:44 +0800] "GET / HTTP/1.0" 200 11 "-" "Mozilla/5.0 (Windows NT 10.0; Win64; x64) AppleWebKit/537.36 (KHTML, like Gecko) Chrome/72.0.3626.119 Safari/537.36"
175.24.0.200 - - [09/Sep/2020:08:16:34 +0800] "GET / HTTP/1.0" 200 11 "-" "Mozilla/5.0 (Windows NT 10.0; Win64; x64) AppleWebKit/537.36 (KHTML, like Gecko) Chrome/72.0.3626.119 Safari/537.36"
42.49.109.249 - - [09/Sep/2020:08:18:55 +0800] "POST /countdown/exam HTTP/1.1" 200 976 "-" "YAL-AL00(Android/10) (io.dcloud.HBuilder/9.8.8) Weex/0.26.0 1080x2232"
175.24.0.200 - - [09/Sep/2020:08:25:39 +0800] "GET / HTTP/1.0" 200 11 "-" "Mozilla/5.0 (Windows NT 10.0; Win64; x64) AppleWebKit/537.36 (KHTML, like Gecko) Chrome/72.0.3626.119 Safari/537.36"
175.24.0.200 - - [09/Sep/2020:08:26:33 +0800] "GET / HTTP/1.0" 200 11 "-" "Mozilla/5.0 (Windows NT 10.0; Win64; x64) AppleWebKit/537.36 (KHTML, like Gecko) Chrome/72.0.3626.119 Safari/537.36"
183.136.225.56 - - [09/Sep/2020:11:46:07 +0800] "GET / HTTP/1.1" 200 11 "-" "Baiduspider+(+http://www.baidu.com/search/spider.htm);googlebot|baiduspider|baidu|spider|sogou|bingbot|bot|yahoo|soso|sosospider|360spider|youdaobot|jikeSpider;)"
175.24.0.200 - - [09/Sep/2020:12:02:52 +0800] "GET / HTTP/1.0" 200 11 "-" "Mozilla/5.0 (Windows NT 10.0; Win64; x64) AppleWebKit/537.36 (KHTML, like Gecko) Chrome/72.0.3626.119 Safari/537.36"
175.24.0.200 - - [09/Sep/2020:12:03:45 +0800] "GET / HTTP/1.0" 200 11 "-" "Mozilla/5.0 (Windows NT 10.0; Win64; x64) AppleWebKit/537.36 (KHTML, like Gecko) Chrome/72.0.3626.119 Safari/537.36"
43.250.201.50 - - [09/Sep/2020:15:08:20 +0800] "POST /countdown/exam HTTP/1.1" 200 976 "-" "GM1910(Android/10) (io.dcloud.HBuilder/9.8.11) Weex/0.26.0 1440x3120"
175.24.0.200 - - [09/Sep/2020:15:28:18 +0800] "POST /course HTTP/1.0" 200 53069 "-" "GM1910(Android/10) (io.dcloud.HBuilder/9.8.11) Weex/0.26.0 1440x3120"
175.24.0.200 - - [09/Sep/2020:15:30:29 +0800] "POST /course HTTP/1.0" 200 53069 "-" "GM1910(Android/10) (io.dcloud.HBuilder/9.8.11) Weex/0.26.0 1440x3120"
43.250.201.50 - - [09/Sep/2020:15:31:32 +0800] "POST /countdown/exam HTTP/1.1" 200 976 "-" "GM1910(Android/10) (io.dcloud.HBuilder/9.8.11) Weex/0.26.0 1440x3120"
43.250.201.50 - - [09/Sep/2020:15:32:49 +0800] "POST /score/grade HTTP/1.1" 200 3433 "-" "GM1910(Android/10) (io.dcloud.HBuilder/9.8.11) Weex/0.26.0 1440x3120"
43.250.201.50 - - [09/Sep/2020:15:33:29 +0800] "POST /consume/balance HTTP/1.1" 200 165 "-" "GM1910(Android/10) (io.dcloud.HBuilder/9.8.11) Weex/0.26.0 1440x3120"
183.136.225.56 - - [09/Sep/2020:17:38:37 +0800] "GET / HTTP/1.1" 200 11 "-" "Baiduspider+(+http://www.baidu.com/search/spider.htm);googlebot|baiduspider|baidu|spider|sogou|bingbot|bot|yahoo|soso|sosospider|360spider|youdaobot|jikeSpider;)"
42.49.109.165 - - [09/Sep/2020:19:26:21 +0800] "POST /countdown/exam HTTP/1.1" 200 976 "-" "YAL-AL00(Android/10) (io.dcloud.HBuilder/9.8.8) Weex/0.26.0 1080x2232"
42.49.109.165 - - [09/Sep/2020:19:29:22 +0800] "POST /countdown/exam HTTP/1.1" 200 976 "-" "YAL-AL00(Android/10) (io.dcloud.HBuilder/9.8.8) Weex/0.26.0 1080x2232"
175.24.0.200 - - [09/Sep/2020:19:34:06 +0800] "POST /course HTTP/1.0" 200 53069 "-" "GM1910(Android/10) (io.dcloud.HBuilder/9.8.11) Weex/0.26.0 1440x3120"
42.49.109.165 - - [09/Sep/2020:19:53:37 +0800] "POST /countdown/exam HTTP/1.1" 200 976 "-" "YAL-AL00(Android/10) (io.dcloud.HBuilder/9.8.8) Weex/0.26.0 1080x2232"
42.49.109.165 - - [09/Sep/2020:20:03:26 +0800] "POST /countdown/exam HTTP/1.1" 200 976 "-" "YAL-AL00(Android/10) (io.dcloud.HBuilder/9.8.8) Weex/0.26.0 1080x2232"
42.49.109.165 - - [09/Sep/2020:20:16:37 +0800] "POST /countdown/exam HTTP/1.1" 200 976 "-" "YAL-AL00(Android/10) (io.dcloud.HBuilder/9.8.8) Weex/0.26.0 1080x2232"
83.97.20.25 - - [09/Sep/2020:20:19:13 +0800] "GET / HTTP/1.1" 200 11 "-" "-"
112.96.104.52 - - [09/Sep/2020:20:50:44 +0800] "POST /countdown/exam HTTP/1.1" 200 976 "-" "16s(Android/9) (uni.UNIA5A6D03/1.0.0) Weex/0.26.0 1080x2232"
112.96.104.52 - - [09/Sep/2020:20:50:45 +0800] "POST /countdown/exam HTTP/1.1" 200 976 "-" "16s(Android/9) (uni.UNIA5A6D03/1.0.0) Weex/0.26.0 1080x2232"
175.24.0.200 - - [09/Sep/2020:21:08:04 +0800] "POST /course HTTP/1.0" 200 53069 "-" "YAL-AL00(Android/10) (io.dcloud.HBuilder/9.8.8) Weex/0.26.0 1080x2232"
42.49.109.165 - - [09/Sep/2020:21:33:49 +0800] "POST /countdown/exam HTTP/1.1" 200 976 "-" "YAL-AL00(Android/10) (io.dcloud.HBuilder/9.8.8) Weex/0.26.0 1080x2232"
175.24.0.200 - - [09/Sep/2020:21:51:15 +0800] "POST /course HTTP/1.0" 200 53069 "-" "YAL-AL00(Android/10) (io.dcloud.HBuilder/9.8.8) Weex/0.26.0 1080x2232"
116.162.3.247 - - [09/Sep/2020:22:13:55 +0800] "POST /countdown/exam HTTP/1.1" 200 976 "-" "GM1910(Android/10) (io.dcloud.HBuilder/9.8.11) Weex/0.26.0 1440x3120"
116.162.3.247 - - [09/Sep/2020:22:13:56 +0800] "POST /consume/balance HTTP/1.1" 200 165 "-" "GM1910(Android/10) (io.dcloud.HBuilder/9.8.11) Weex/0.26.0 1440x3120"
116.162.3.247 - - [09/Sep/2020:22:14:02 +0800] "POST /consume/balance HTTP/1.1" 200 165 "-" "GM1910(Android/10) (io.dcloud.HBuilder/9.8.11) Weex/0.26.0 1440x3120"
116.162.3.247 - - [09/Sep/2020:22:14:03 +0800] "POST /consume/billing HTTP/1.1" 200 1429 "-" "GM1910(Android/10) (io.dcloud.HBuilder/9.8.11) Weex/0.26.0 1440x3120"
183.136.225.46 - - [09/Sep/2020:23:56:44 +0800] "GET / HTTP/1.1" 200 11 "-" "Mozilla/5.0 (Macintosh; Intel Mac OS X 10.11; rv:47.0) Gecko/20100101 Firefox/47.0"
175.24.0.200 - - [10/Sep/2020:00:38:25 +0800] "POST /course HTTP/1.0" 200 53069 "-" "YAL-AL00(Android/10) (io.dcloud.HBuilder/9.8.8) Weex/0.26.0 1080x2232"
175.24.0.200 - - [10/Sep/2020:00:38:44 +0800] "POST /course HTTP/1.0" 200 41205 "-" "MI 6(Android/9) (io.dcloud.HBuilder/9.8.11) Weex/0.26.0 1080x1920"
43.250.201.35 - - [10/Sep/2020:00:38:46 +0800] "POST /countdown/exam HTTP/1.1" 200 976 "-" "MI 6(Android/9) (io.dcloud.HBuilder/9.8.11) Weex/0.26.0 1080x1920"
117.136.89.115 - - [10/Sep/2020:00:39:57 +0800] "POST /countdown/exam HTTP/1.1" 200 976 "-" "YAL-AL00(Android/10) (io.dcloud.HBuilder/9.8.8) Weex/0.26.0 1080x2232"
175.24.0.200 - - [10/Sep/2020:00:40:30 +0800] "POST /course HTTP/1.0" 200 53069 "-" "YAL-AL00(Android/10) (io.dcloud.HBuilder/9.8.8) Weex/0.26.0 1080x2232"
175.24.0.200 - - [10/Sep/2020:00:41:04 +0800] "POST /course HTTP/1.0" 200 53069 "-" "GM1910(Android/10) (io.dcloud.HBuilder/9.8.11) Weex/0.26.0 1440x3120"
2.57.122.173 - - [10/Sep/2020:05:12:56 +0800] "GET / HTTP/1.1" 200 11 "-" "Mozilla/5.0 (X11; CrOS x86_64 8172.45.0) AppleWebKit/537.36 (KHTML, like Gecko) Chrome/51.0.2704.64 Safari/537.36"
175.24.0.200 - - [10/Sep/2020:07:32:40 +0800] "POST /course HTTP/1.0" 200 53069 "-" "YAL-AL00(Android/10) (io.dcloud.HBuilder/9.8.8) Weex/0.26.0 1080x2232"
42.49.109.146 - - [10/Sep/2020:08:30:55 +0800] "POST /countdown/exam HTTP/1.1" 200 976 "-" "YAL-AL00(Android/10) (io.dcloud.HBuilder/9.8.8) Weex/0.26.0 1080x2232"
54.193.109.40 - - [10/Sep/2020:10:44:43 +0800] "GET / HTTP/1.1" 200 11 "-" "Mozilla/5.0 (Macintosh; Intel Mac OS X 10_11_5) AppleWebKit/537.36 (KHTML, like Gecko) Chrome/50.0.2661.102 Safari/537.36"
175.24.0.200 - - [10/Sep/2020:12:00:37 +0800] "GET / HTTP/1.0" 200 11 "-" "Mozilla/5.0 (Windows NT 10.0; Win64; x64) AppleWebKit/537.36 (KHTML, like Gecko) Chrome/72.0.3626.119 Safari/537.36"
175.24.0.200 - - [10/Sep/2020:12:01:33 +0800] "GET / HTTP/1.0" 200 11 "-" "Mozilla/5.0 (Windows NT 10.0; Win64; x64) AppleWebKit/537.36 (KHTML, like Gecko) Chrome/72.0.3626.119 Safari/537.36"
183.136.225.56 - - [10/Sep/2020:15:21:23 +0800] "GET / HTTP/1.1" 200 11 "-" "Baiduspider+(+http://www.baidu.com/search/spider.htm);googlebot|baiduspider|baidu|spider|sogou|bingbot|bot|yahoo|soso|sosospider|360spider|youdaobot|jikeSpider;)"
175.24.0.200 - - [10/Sep/2020:16:34:39 +0800] "GET / HTTP/1.0" 200 11 "-" "Mozilla/5.0 (Windows NT 10.0; Win64; x64) AppleWebKit/537.36 (KHTML, like Gecko) Chrome/72.0.3626.119 Safari/537.36"
175.24.0.200 - - [10/Sep/2020:16:35:28 +0800] "GET / HTTP/1.0" 200 11 "-" "Mozilla/5.0 (Windows NT 10.0; Win64; x64) AppleWebKit/537.36 (KHTML, like Gecko) Chrome/72.0.3626.119 Safari/537.36"
